Archive member included to satisfy reference by file (symbol)

c:/siliconlabs/simplicitystudio/v5/developer/toolchains/gnu_arm/12.2.rel1_2023.7/bin/../lib/gcc/arm-none-eabi/12.2.1/thumb/v8-m.main+fp/hard\libgcc.a(_arm_muldf3.o)
                              ./app_iostream_usart.o (__aeabi_dmul)
c:/siliconlabs/simplicitystudio/v5/developer/toolchains/gnu_arm/12.2.rel1_2023.7/bin/../lib/gcc/arm-none-eabi/12.2.1/thumb/v8-m.main+fp/hard\libgcc.a(_arm_addsubdf3.o)
                              ./app_iostream_usart.o (__aeabi_i2d)
c:/siliconlabs/simplicitystudio/v5/developer/toolchains/gnu_arm/12.2.rel1_2023.7/bin/../lib/gcc/arm-none-eabi/12.2.1/thumb/v8-m.main+fp/hard\libgcc.a(_arm_muldivdf3.o)
                              ./app_iostream_usart.o (__aeabi_ddiv)
c:/siliconlabs/simplicitystudio/v5/developer/toolchains/gnu_arm/12.2.rel1_2023.7/bin/../lib/gcc/arm-none-eabi/12.2.1/thumb/v8-m.main+fp/hard\libgcc.a(_aeabi_ldivmod.o)
                              ./gecko_sdk_4.4.0/platform/emlib/src/em_eusart.o (__aeabi_ldivmod)
c:/siliconlabs/simplicitystudio/v5/developer/toolchains/gnu_arm/12.2.rel1_2023.7/bin/../lib/gcc/arm-none-eabi/12.2.1/thumb/v8-m.main+fp/hard\libgcc.a(_aeabi_uldivmod.o)
                              ./gecko_sdk_4.4.0/platform/emlib/src/em_eusart.o (__aeabi_uldivmod)
c:/siliconlabs/simplicitystudio/v5/developer/toolchains/gnu_arm/12.2.rel1_2023.7/bin/../lib/gcc/arm-none-eabi/12.2.1/thumb/v8-m.main+fp/hard\libgcc.a(_udivmoddi4.o)
                              c:/siliconlabs/simplicitystudio/v5/developer/toolchains/gnu_arm/12.2.rel1_2023.7/bin/../lib/gcc/arm-none-eabi/12.2.1/thumb/v8-m.main+fp/hard\libgcc.a(_aeabi_ldivmod.o) (__udivmoddi4)
c:/siliconlabs/simplicitystudio/v5/developer/toolchains/gnu_arm/12.2.rel1_2023.7/bin/../lib/gcc/arm-none-eabi/12.2.1/thumb/v8-m.main+fp/hard\libgcc.a(_dvmd_tls.o)
                              c:/siliconlabs/simplicitystudio/v5/developer/toolchains/gnu_arm/12.2.rel1_2023.7/bin/../lib/gcc/arm-none-eabi/12.2.1/thumb/v8-m.main+fp/hard\libgcc.a(_aeabi_ldivmod.o) (__aeabi_ldiv0)
c:/siliconlabs/simplicitystudio/v5/developer/toolchains/gnu_arm/12.2.rel1_2023.7/bin/../lib/gcc/arm-none-eabi/12.2.1/thumb/v8-m.main+fp/hard\libc_nano.a(libc_a-exit.o)
                              c:/siliconlabs/simplicitystudio/v5/developer/toolchains/gnu_arm/12.2.rel1_2023.7/bin/../lib/gcc/arm-none-eabi/12.2.1/thumb/v8-m.main+fp/hard/crt0.o (exit)
c:/siliconlabs/simplicitystudio/v5/developer/toolchains/gnu_arm/12.2.rel1_2023.7/bin/../lib/gcc/arm-none-eabi/12.2.1/thumb/v8-m.main+fp/hard\libc_nano.a(libc_a-ctype_.o)
                              ./gecko_sdk_4.4.0/platform/common/src/sl_string.o (_ctype_)
c:/siliconlabs/simplicitystudio/v5/developer/toolchains/gnu_arm/12.2.rel1_2023.7/bin/../lib/gcc/arm-none-eabi/12.2.1/thumb/v8-m.main+fp/hard\libc_nano.a(libc_a-nano-vfprintf_float.o)
                              (_printf_float)
c:/siliconlabs/simplicitystudio/v5/developer/toolchains/gnu_arm/12.2.rel1_2023.7/bin/../lib/gcc/arm-none-eabi/12.2.1/thumb/v8-m.main+fp/hard\libc_nano.a(libc_a-nano-vfprintf_i.o)
                              c:/siliconlabs/simplicitystudio/v5/developer/toolchains/gnu_arm/12.2.rel1_2023.7/bin/../lib/gcc/arm-none-eabi/12.2.1/thumb/v8-m.main+fp/hard\libc_nano.a(libc_a-nano-vfprintf_float.o) (_printf_common)
c:/siliconlabs/simplicitystudio/v5/developer/toolchains/gnu_arm/12.2.rel1_2023.7/bin/../lib/gcc/arm-none-eabi/12.2.1/thumb/v8-m.main+fp/hard\libc_nano.a(libc_a-findfp.o)
                              c:/siliconlabs/simplicitystudio/v5/developer/toolchains/gnu_arm/12.2.rel1_2023.7/bin/../lib/gcc/arm-none-eabi/12.2.1/thumb/v8-m.main+fp/hard\libc_nano.a(libc_a-exit.o) (__stdio_exit_handler)
c:/siliconlabs/simplicitystudio/v5/developer/toolchains/gnu_arm/12.2.rel1_2023.7/bin/../lib/gcc/arm-none-eabi/12.2.1/thumb/v8-m.main+fp/hard\libc_nano.a(libc_a-fwalk.o)
                              c:/siliconlabs/simplicitystudio/v5/developer/toolchains/gnu_arm/12.2.rel1_2023.7/bin/../lib/gcc/arm-none-eabi/12.2.1/thumb/v8-m.main+fp/hard\libc_nano.a(libc_a-findfp.o) (_fwalk_sglue)
c:/siliconlabs/simplicitystudio/v5/developer/toolchains/gnu_arm/12.2.rel1_2023.7/bin/../lib/gcc/arm-none-eabi/12.2.1/thumb/v8-m.main+fp/hard\libc_nano.a(libc_a-printf.o)
                              ./app_iostream_usart.o (printf)
c:/siliconlabs/simplicitystudio/v5/developer/toolchains/gnu_arm/12.2.rel1_2023.7/bin/../lib/gcc/arm-none-eabi/12.2.1/thumb/v8-m.main+fp/hard\libc_nano.a(libc_a-puts.o)
                              ./app.o (puts)
c:/siliconlabs/simplicitystudio/v5/developer/toolchains/gnu_arm/12.2.rel1_2023.7/bin/../lib/gcc/arm-none-eabi/12.2.1/thumb/v8-m.main+fp/hard\libc_nano.a(libc_a-setvbuf.o)
                              ./app_iostream_usart.o (setvbuf)
c:/siliconlabs/simplicitystudio/v5/developer/toolchains/gnu_arm/12.2.rel1_2023.7/bin/../lib/gcc/arm-none-eabi/12.2.1/thumb/v8-m.main+fp/hard\libc_nano.a(libc_a-stdio.o)
[...]
Memory Configuration

Name             Origin             Length             Attributes
FLASH            0x08000000         0x000fe000         xr
RAM              0x20000000         0x00040000         xrw
*default*        0x00000000         0xffffffff

Linker script and memory map

LOAD c:/siliconlabs/simplicitystudio/v5/developer/toolchains/gnu_arm/12.2.rel1_2023.7/bin/../lib/gcc/arm-none-eabi/12.2.1/thumb/v8-m.main+fp/hard/crti.o
LOAD c:/siliconlabs/simplicitystudio/v5/developer/toolchains/gnu_arm/12.2.rel1_2023.7/bin/../lib/gcc/arm-none-eabi/12.2.1/thumb/v8-m.main+fp/hard/crtbegin.o
LOAD c:/siliconlabs/simplicitystudio/v5/developer/toolchains/gnu_arm/12.2.rel1_2023.7/bin/../lib/gcc/arm-none-eabi/12.2.1/thumb/v8-m.main+fp/hard/crt0.o
START GROUP
LOAD ./app.o
LOAD ./app_iostream_usart.o
LOAD ./main.o
LOAD ./autogen/sl_board_default_init.o
LOAD ./autogen/sl_device_init_clocks.o
LOAD ./autogen/sl_event_handler.o
LOAD ./autogen/sl_iostream_handles.o
LOAD ./autogen/sl_iostream_init_eusart_instances.o
LOAD ./gecko_sdk_4.4.0/hardware/board/src/sl_board_control_gpio.o
LOAD ./gecko_sdk_4.4.0/hardware/board/src/sl_board_init.o
LOAD ./gecko_sdk_4.4.0/hardware/driver/configuration_over_swo/src/sl_cos.o
LOAD ./gecko_sdk_4.4.0/platform/Device/SiliconLabs/EFM32PG28/Source/startup_efm32pg28.o
LOAD ./gecko_sdk_4.4.0/platform/Device/SiliconLabs/EFM32PG28/Source/system_efm32pg28.o
LOAD ./gecko_sdk_4.4.0/platform/common/src/sl_assert.o
LOAD ./gecko_sdk_4.4.0/platform/common/src/sl_slist.o
LOAD ./gecko_sdk_4.4.0/platform/common/src/sl_string.o
LOAD ./gecko_sdk_4.4.0/platform/common/src/sl_syscalls.o
LOAD ./gecko_sdk_4.4.0/platform/common/toolchain/src/sl_memory.o
LOAD ./gecko_sdk_4.4.0/platform/driver/debug/src/sl_debug_swo.o
LOAD ./gecko_sdk_4.4.0/platform/emdrv/dmadrv/src/dmadrv.o
LOAD ./gecko_sdk_4.4.0/platform/emlib/src/em_cmu.o
LOAD ./gecko_sdk_4.4.0/platform/emlib/src/em_core.o
LOAD ./gecko_sdk_4.4.0/platform/emlib/src/em_emu.o
LOAD ./gecko_sdk_4.4.0/platform/emlib/src/em_eusart.o
LOAD ./gecko_sdk_4.4.0/platform/emlib/src/em_gpio.o
LOAD ./gecko_sdk_4.4.0/platform/emlib/src/em_iadc.o
LOAD ./gecko_sdk_4.4.0/platform/emlib/src/em_ldma.o
LOAD ./gecko_sdk_4.4.0/platform/emlib/src/em_letimer.o
LOAD ./gecko_sdk_4.4.0/platform/emlib/src/em_msc.o
LOAD ./gecko_sdk_4.4.0/platform/emlib/src/em_prs.o
LOAD ./gecko_sdk_4.4.0/platform/emlib/src/em_system.o
LOAD ./gecko_sdk_4.4.0/platform/service/device_init/src/sl_device_init_dcdc_s2.o
LOAD ./gecko_sdk_4.4.0/platform/service/device_init/src/sl_device_init_emu_s2.o
LOAD ./gecko_sdk_4.4.0/platform/service/device_init/src/sl_device_init_hfxo_s2.o
LOAD ./gecko_sdk_4.4.0/platform/service/device_init/src/sl_device_init_lfxo_s2.o
LOAD ./gecko_sdk_4.4.0/platform/service/device_init/src/sl_device_init_nvic.o
LOAD ./gecko_sdk_4.4.0/platform/service/iostream/src/sl_iostream.o
LOAD ./gecko_sdk_4.4.0/platform/service/iostream/src/sl_iostream_eusart.o
LOAD ./gecko_sdk_4.4.0/platform/service/iostream/src/sl_iostream_retarget_stdio.o
LOAD ./gecko_sdk_4.4.0/platform/service/iostream/src/sl_iostream_uart.o
LOAD ./gecko_sdk_4.4.0/platform/service/system/src/sl_system_init.o
LOAD ./gecko_sdk_4.4.0/platform/service/system/src/sl_system_process_action.o
LOAD c:/siliconlabs/simplicitystudio/v5/developer/toolchains/gnu_arm/12.2.rel1_2023.7/bin/../lib/gcc/arm-none-eabi/12.2.1/thumb/v8-m.main+fp/hard\libgcc.a
LOAD c:/siliconlabs/simplicitystudio/v5/developer/toolchains/gnu_arm/12.2.rel1_2023.7/bin/../lib/gcc/arm-none-eabi/12.2.1/thumb/v8-m.main+fp/hard\libc_nano.a
LOAD c:/siliconlabs/simplicitystudio/v5/developer/toolchains/gnu_arm/12.2.rel1_2023.7/bin/../lib/gcc/arm-none-eabi/12.2.1/thumb/v8-m.main+fp/hard\libm.a
LOAD c:/siliconlabs/simplicitystudio/v5/developer/toolchains/gnu_arm/12.2.rel1_2023.7/bin/../lib/gcc/arm-none-eabi/12.2.1/thumb/v8-m.main+fp/hard\libnosys.a
END GROUP
START GROUP
LOAD c:/siliconlabs/simplicitystudio/v5/developer/toolchains/gnu_arm/12.2.rel1_2023.7/bin/../lib/gcc/arm-none-eabi/12.2.1/thumb/v8-m.main+fp/hard\libgcc.a
LOAD c:/siliconlabs/simplicitystudio/v5/developer/toolchains/gnu_arm/12.2.rel1_2023.7/bin/../lib/gcc/arm-none-eabi/12.2.1/thumb/v8-m.main+fp/hard\libc_nano.a
LOAD c:/siliconlabs/simplicitystudio/v5/developer/toolchains/gnu_arm/12.2.rel1_2023.7/bin/../lib/gcc/arm-none-eabi/12.2.1/thumb/v8-m.main+fp/hard\libnosys.a
END GROUP
START GROUP
LOAD c:/siliconlabs/simplicitystudio/v5/developer/toolchains/gnu_arm/12.2.rel1_2023.7/bin/../lib/gcc/arm-none-eabi/12.2.1/thumb/v8-m.main+fp/hard\libgcc.a
LOAD c:/siliconlabs/simplicitystudio/v5/developer/toolchains/gnu_arm/12.2.rel1_2023.7/bin/../lib/gcc/arm-none-eabi/12.2.1/thumb/v8-m.main+fp/hard\libg_nano.a
LOAD c:/siliconlabs/simplicitystudio/v5/developer/toolchains/gnu_arm/12.2.rel1_2023.7/bin/../lib/gcc/arm-none-eabi/12.2.1/thumb/v8-m.main+fp/hard\libc_nano.a
END GROUP
START GROUP
LOAD c:/siliconlabs/simplicitystudio/v5/developer/toolchains/gnu_arm/12.2.rel1_2023.7/bin/../lib/gcc/arm-none-eabi/12.2.1/thumb/v8-m.main+fp/hard\libgcc.a
LOAD c:/siliconlabs/simplicitystudio/v5/developer/toolchains/gnu_arm/12.2.rel1_2023.7/bin/../lib/gcc/arm-none-eabi/12.2.1/thumb/v8-m.main+fp/hard\libc_nano.a
END GROUP
LOAD c:/siliconlabs/simplicitystudio/v5/developer/toolchains/gnu_arm/12.2.rel1_2023.7/bin/../lib/gcc/arm-none-eabi/12.2.1/thumb/v8-m.main+fp/hard/crtend.o
LOAD c:/siliconlabs/simplicitystudio/v5/developer/toolchains/gnu_arm/12.2.rel1_2023.7/bin/../lib/gcc/arm-none-eabi/12.2.1/thumb/v8-m.main+fp/hard/crtn.o

.text           0x08000000     0x8458
                0x08000000                linker_vectors_begin = .
 *(.vectors)
 .vectors       0x08000000      0x17c ./gecko_sdk_4.4.0/platform/Device/SiliconLabs/EFM32PG28/Source/startup_efm32pg28.o
                0x08000000                __Vectors
                0x0800017c                linker_vectors_end = .
                0x0800017c                __Vectors_End = .
                0x0800017c                __Vectors_Size = (__Vectors_End - __Vectors)
                0x0800017c                linker_code_begin = .
 *(SORT_BY_ALIGNMENT(.text*))
 *fill*         0x0800017c        0x4 
 .text.calc_action
                0x08000180       0x68 ./app_iostream_usart.o
                0x08000180                calc_action
 .text._dtoa_r  0x080001e8      0xc54 c:/siliconlabs/simplicitystudio/v5/developer/toolchains/gnu_arm/12.2.rel1_2023.7/bin/../lib/gcc/arm-none-eabi/12.2.1/thumb/v8-m.main+fp/hard\libc_nano.a(libc_a-dtoa.o)
                0x080001e8                _dtoa_r
 .text.deregister_tm_clones
                0x08000e3c       0x1c c:/siliconlabs/simplicitystudio/v5/developer/toolchains/gnu_arm/12.2.rel1_2023.7/bin/../lib/gcc/arm-none-eabi/12.2.1/thumb/v8-m.main+fp/hard/crtbegin.o
 .text.register_tm_clones
                0x08000e58       0x28 c:/siliconlabs/simplicitystudio/v5/developer/toolchains/gnu_arm/12.2.rel1_2023.7/bin/../lib/gcc/arm-none-eabi/12.2.1/thumb/v8-m.main+fp/hard/crtbegin.o
 .text.__do_global_dtors_aux
                0x08000e80       0x28 c:/siliconlabs/simplicitystudio/v5/developer/toolchains/gnu_arm/12.2.rel1_2023.7/bin/../lib/gcc/arm-none-eabi/12.2.1/thumb/v8-m.main+fp/hard/crtbegin.o
 .text.frame_dummy
                0x08000ea8       0x24 c:/siliconlabs/simplicitystudio/v5/developer/toolchains/gnu_arm/12.2.rel1_2023.7/bin/../lib/gcc/arm-none-eabi/12.2.1/thumb/v8-m.main+fp/hard/crtbegin.o
 .text          0x08000ecc       0x7c c:/siliconlabs/simplicitystudio/v5/developer/toolchains/gnu_arm/12.2.rel1_2023.7/bin/../lib/gcc/arm-none-eabi/12.2.1/thumb/v8-m.main+fp/hard/crt0.o
                0x08000ecc                _stack_init
                0x08000ed4                _start
                0x08000ed4                _mainCRTStartup
 .text.app_init
                0x08000f48       0x20 ./app.o
                0x08000f48                app_init
 .text.addcount
                0x08000f68        0xc ./app.o
                0x08000f68                addcount
 .text.app_process_action
                0x08000f74       0x2c ./app.o
                0x08000f74                app_process_action
 .text.initIADC
                0x08000fa0       0xf8 ./app_iostream_usart.o
                0x08000fa0                initIADC
 .text.IADC_IRQHandler
                0x08001098       0x4c ./app_iostream_usart.o
                0x08001098                IADC_IRQHandler
 .text.initLDMA
                0x080010e4       0x64 ./app_iostream_usart.o
                0x080010e4                initLDMA
 .text.app_iostream_usart_init
                0x08001148       0xa4 ./app_iostream_usart.o
                0x08001148                app_iostream_usart_init
 .text.sl_device_init_clocks
                0x080011ec       0xac ./autogen/sl_device_init_clocks.o
                0x080011ec                sl_device_init_clocks
 .text.sl_iostream_eusart_init_vcom
                0x08001298       0xbc ./autogen/sl_iostream_init_eusart_instances.o
                0x08001298                sl_iostream_eusart_init_vcom
 .text.EUSART1_RX_IRQHandler
                0x08001354        0xc ./autogen/sl_iostream_init_eusart_instances.o
                0x08001354                EUSART1_RX_IRQHandler
 .text.CopyRamFuncs
                0x08001360       0x1c ./gecko_sdk_4.4.0/platform/Device/SiliconLabs/EFM32PG28/Source/startup_efm32pg28.o
                0x08001360                CopyRamFuncs
 .text.Reset_Handler
                0x0800137c       0x64 ./gecko_sdk_4.4.0/platform/Device/SiliconLabs/EFM32PG28/Source/startup_efm32pg28.o
                0x0800137c                Reset_Handler
 .text.SystemInit
                0x080013e0       0x68 ./gecko_sdk_4.4.0/platform/Device/SiliconLabs/EFM32PG28/Source/system_efm32pg28.o
                0x080013e0                SystemInit
 .text.SystemHFRCODPLLClockGet
                0x08001448        0xc ./gecko_sdk_4.4.0/platform/Device/SiliconLabs/EFM32PG28/Source/system_efm32pg28.o
                0x08001448                SystemHFRCODPLLClockGet
 .text.SystemSYSCLKGet
                0x08001454       0x34 ./gecko_sdk_4.4.0/platform/Device/SiliconLabs/EFM32PG28/Source/system_efm32pg28.o
                0x08001454                SystemSYSCLKGet
 .text.SystemHCLKGet
                0x08001488       0x24 ./gecko_sdk_4.4.0/platform/Device/SiliconLabs/EFM32PG28/Source/system_efm32pg28.o
                0x08001488                SystemHCLKGet
 .text.SystemMaxCoreClockGet
                0x080014ac        0x8 ./gecko_sdk_4.4.0/platform/Device/SiliconLabs/EFM32PG28/Source/system_efm32pg28.o
                0x080014ac                SystemMaxCoreClockGet
 .text.SystemHFXOClockGet
                0x080014b4        0xc ./gecko_sdk_4.4.0/platform/Device/SiliconLabs/EFM32PG28/Source/system_efm32pg28.o
                0x080014b4                SystemHFXOClockGet
 .text.SystemHFXOClockSet
                0x080014c0       0x20 ./gecko_sdk_4.4.0/platform/Device/SiliconLabs/EFM32PG28/Source/system_efm32pg28.o
                0x080014c0                SystemHFXOClockSet
 .text.SystemFSRCOClockGet
                0x080014e0        0x8 ./gecko_sdk_4.4.0/platform/Device/SiliconLabs/EFM32PG28/Source/system_efm32pg28.o
                0x080014e0                SystemFSRCOClockGet
 .text.SystemHFRCOEM23ClockGet
                0x080014e8       0x84 ./gecko_sdk_4.4.0/platform/Device/SiliconLabs/EFM32PG28/Source/system_efm32pg28.o
                0x080014e8                SystemHFRCOEM23ClockGet
 .text.SystemLFXOClockGet
                0x0800156c        0xc ./gecko_sdk_4.4.0/platform/Device/SiliconLabs/EFM32PG28/Source/system_efm32pg28.o
                0x0800156c                SystemLFXOClockGet
 .text._sbrk    0x08001578       0x20 ./gecko_sdk_4.4.0/platform/common/toolchain/src/sl_memory.o
                0x08001578                _sbrk
 .text.sl_debug_swo_init
                0x08001598      0x114 ./gecko_sdk_4.4.0/platform/driver/debug/src/sl_debug_swo.o
                0x08001598                sl_debug_swo_init
 .text.sl_debug_swo_write_u8
                0x080016ac       0x44 ./gecko_sdk_4.4.0/platform/driver/debug/src/sl_debug_swo.o
                0x080016ac                sl_debug_swo_write_u8
 .text.StartTransfer
                0x080016f0      0x17c ./gecko_sdk_4.4.0/platform/emdrv/dmadrv/src/dmadrv.o
 .text.DMADRV_AllocateChannel
                0x0800186c       0x60 ./gecko_sdk_4.4.0/platform/emdrv/dmadrv/src/dmadrv.o
                0x0800186c                DMADRV_AllocateChannel
 .text.DMADRV_DeInit
                0x080018cc       0x44 ./gecko_sdk_4.4.0/platform/emdrv/dmadrv/src/dmadrv.o
                0x080018cc                DMADRV_DeInit
 .text.DMADRV_FreeChannel
                0x08001910       0x4c ./gecko_sdk_4.4.0/platform/emdrv/dmadrv/src/dmadrv.o
                0x08001910                DMADRV_FreeChannel
 .text.DMADRV_Init
                0x0800195c       0x68 ./gecko_sdk_4.4.0/platform/emdrv/dmadrv/src/dmadrv.o
                0x0800195c                DMADRV_Init
 .text.DMADRV_PauseTransfer
                0x080019c4       0x40 ./gecko_sdk_4.4.0/platform/emdrv/dmadrv/src/dmadrv.o
                0x080019c4                DMADRV_PauseTransfer
 .text.DMADRV_ResumeTransfer
                0x08001a04       0x40 ./gecko_sdk_4.4.0/platform/emdrv/dmadrv/src/dmadrv.o
                0x08001a04                DMADRV_ResumeTransfer
 .text.DMADRV_StopTransfer
                0x08001a44       0x40 ./gecko_sdk_4.4.0/platform/emdrv/dmadrv/src/dmadrv.o
                0x08001a44                DMADRV_StopTransfer
 .text.DMADRV_TransferCompletePending
                0x08001a84       0x50 ./gecko_sdk_4.4.0/platform/emdrv/dmadrv/src/dmadrv.o
                0x08001a84                DMADRV_TransferCompletePending
 .text.DMADRV_TransferDone
                0x08001ad4       0x44 ./gecko_sdk_4.4.0/platform/emdrv/dmadrv/src/dmadrv.o
                0x08001ad4                DMADRV_TransferDone
 .text.LDMA_IRQHandler
                0x08001b18       0x3c ./gecko_sdk_4.4.0/platform/emdrv/dmadrv/src/dmadrv.o
                0x08001b18                LDMA_IRQHandler
 .text.EMU_VScaleGet
                0x08001b54       0x18 ./gecko_sdk_4.4.0/platform/emlib/src/em_cmu.o
 .text.traceClkGet
                0x08001b6c       0x54 ./gecko_sdk_4.4.0/platform/emlib/src/em_cmu.o
 .text.em01GrpaClkGet
                0x08001bc0       0x74 ./gecko_sdk_4.4.0/platform/emlib/src/em_cmu.o
 .text.em01GrpcClkGet
                0x08001c34       0x70 ./gecko_sdk_4.4.0/platform/emlib/src/em_cmu.o
 .text.iadcClkGet
                0x08001ca4       0x60 ./gecko_sdk_4.4.0/platform/emlib/src/em_cmu.o
 .text.lesenseHFClkGet
                0x08001d04       0x48 ./gecko_sdk_4.4.0/platform/emlib/src/em_cmu.o
 .text.eusart0ClkGet
                0x08001d4c       0x74 ./gecko_sdk_4.4.0/platform/emlib/src/em_cmu.o
 .text.em23GrpaClkGet
                0x08001dc0       0x48 ./gecko_sdk_4.4.0/platform/emlib/src/em_cmu.o
 .text.vdac0ClkGet
                0x08001e08       0x70 ./gecko_sdk_4.4.0/platform/emlib/src/em_cmu.o
 .text.pcnt0ClkGet
                0x08001e78       0x4c ./gecko_sdk_4.4.0/platform/emlib/src/em_cmu.o
 .text.wdog0ClkGet
                0x08001ec4       0x64 ./gecko_sdk_4.4.0/platform/emlib/src/em_cmu.o
 .text.wdog1ClkGet
                0x08001f28       0x64 ./gecko_sdk_4.4.0/platform/emlib/src/em_cmu.o
 .text.sysrtcClkGet
                0x08001f8c       0x48 ./gecko_sdk_4.4.0/platform/emlib/src/em_cmu.o
 .text.lcdClkGet
                0x08001fd4       0x54 ./gecko_sdk_4.4.0/platform/emlib/src/em_cmu.o
 .text.em4GrpaClkGet
                0x08002028       0x48 ./gecko_sdk_4.4.0/platform/emlib/src/em_cmu.o
 .text.CMU_ClockDivGet
                0x08002070       0x78 ./gecko_sdk_4.4.0/platform/emlib/src/em_cmu.o
                0x08002070                CMU_ClockDivGet
 .text.flashWaitStateControl
                0x080020e8       0x58 ./gecko_sdk_4.4.0/platform/emlib/src/em_cmu.o
 .text.CMU_ClockEnable
                0x08002140       0x50 ./gecko_sdk_4.4.0/platform/emlib/src/em_cmu.o
                0x08002140                CMU_ClockEnable
 .text.CMU_ClockFreqGet
                0x08002190      0x280 ./gecko_sdk_4.4.0/platform/emlib/src/em_cmu.o
                0x08002190                CMU_ClockFreqGet
 .text.CMU_ClockSelectGet
                0x08002410      0x278 ./gecko_sdk_4.4.0/platform/emlib/src/em_cmu.o
                0x08002410                CMU_ClockSelectGet
 .text.sli_em_cmu_HFXOSetForceEnable
                0x08002688       0x1c ./gecko_sdk_4.4.0/platform/emlib/src/em_cmu.o
                0x08002688                sli_em_cmu_HFXOSetForceEnable
 .text.CMU_HFXOInit
                0x080026a4      0x238 ./gecko_sdk_4.4.0/platform/emlib/src/em_cmu.o
                0x080026a4                CMU_HFXOInit
 .text.CMU_HFXOCTuneDeltaGet
                0x080028dc        0xc ./gecko_sdk_4.4.0/platform/emlib/src/em_cmu.o
                0x080028dc                CMU_HFXOCTuneDeltaGet
 .text.CMU_LFXOInit
                0x080028e8       0xc4 ./gecko_sdk_4.4.0/platform/emlib/src/em_cmu.o
                0x080028e8                CMU_LFXOInit
 .text.CMU_LFXOPrecisionSet
                0x080029ac        0xc ./gecko_sdk_4.4.0/platform/emlib/src/em_cmu.o
                0x080029ac                CMU_LFXOPrecisionSet
 .text.CMU_HFXOPrecisionSet
                0x080029b8        0xc ./gecko_sdk_4.4.0/platform/emlib/src/em_cmu.o
                0x080029b8                CMU_HFXOPrecisionSet
 .text.CMU_ClockDivSet
                0x080029c4      0x11c ./gecko_sdk_4.4.0/platform/emlib/src/em_cmu.o
                0x080029c4                CMU_ClockDivSet
 .text.pclkDivOptimize
                0x08002ae0       0x24 ./gecko_sdk_4.4.0/platform/emlib/src/em_cmu.o
 .text.CMU_ClockSelectSet
                0x08002b04      0x6dc ./gecko_sdk_4.4.0/platform/emlib/src/em_cmu.o
                0x08002b04                CMU_ClockSelectSet
 .text.EMU_DCDCSync
                0x080031e0       0x10 ./gecko_sdk_4.4.0/platform/emlib/src/em_emu.o
 .text.EMU_EM4Init
                0x080031f0       0x14 ./gecko_sdk_4.4.0/platform/emlib/src/em_emu.o
                0x080031f0                EMU_EM4Init
 .text.EMU_VScaleEM01
                0x08003204       0xa8 ./gecko_sdk_4.4.0/platform/emlib/src/em_emu.o
                0x08003204                EMU_VScaleEM01
 .text.EMU_VScaleEM01ByClock
                0x080032ac       0x30 ./gecko_sdk_4.4.0/platform/emlib/src/em_emu.o
                0x080032ac                EMU_VScaleEM01ByClock
 .text.EMU_DCDCModeSet
                0x080032dc       0xac ./gecko_sdk_4.4.0/platform/emlib/src/em_emu.o
                0x080032dc                EMU_DCDCModeSet
 .text.EUSART_Reset
                0x08003388       0x3c ./gecko_sdk_4.4.0/platform/emlib/src/em_eusart.o
                0x08003388                EUSART_Reset
 .text.EUSART_Enable
                0x080033c4       0x74 ./gecko_sdk_4.4.0/platform/emlib/src/em_eusart.o
                0x080033c4                EUSART_Enable
 .text.EUSART_BaudrateSet
                0x08003438      0x1d4 ./gecko_sdk_4.4.0/platform/emlib/src/em_eusart.o
                0x08003438                EUSART_BaudrateSet
 .text.EUSART_AsyncInitCommon.constprop.0
                0x0800360c      0x1f4 ./gecko_sdk_4.4.0/platform/emlib/src/em_eusart.o
 .text.EUSART_UartInitLf
                0x08003800       0xb8 ./gecko_sdk_4.4.0/platform/emlib/src/em_eusart.o
                0x08003800                EUSART_UartInitLf
 .text.EUSART_UartInitHf
                0x080038b8       0x64 ./gecko_sdk_4.4.0/platform/emlib/src/em_eusart.o
                0x080038b8                EUSART_UartInitHf
 .text.GPIO_PinOutSet
                0x0800391c       0x3c ./gecko_sdk_4.4.0/platform/emlib/src/em_gpio.o
 .text.GPIO_PinOutClear
                0x08003958       0x3c ./gecko_sdk_4.4.0/platform/emlib/src/em_gpio.o
 .text.GPIO_PinModeSet
                0x08003994       0x94 ./gecko_sdk_4.4.0/platform/emlib/src/em_gpio.o
                0x08003994                GPIO_PinModeSet
 .text.IADC_disable
                0x08003a28       0x1c ./gecko_sdk_4.4.0/platform/emlib/src/em_iadc.o
 .text.IADC_updateSingleInput
                0x08003a44       0x54 ./gecko_sdk_4.4.0/platform/emlib/src/em_iadc.o
                0x08003a44                IADC_updateSingleInput
 .text.IADC_initSingle
                0x08003a98       0x84 ./gecko_sdk_4.4.0/platform/emlib/src/em_iadc.o
                0x08003a98                IADC_initSingle
 .text.IADC_calcTimebase
                0x08003b1c       0x64 ./gecko_sdk_4.4.0/platform/emlib/src/em_iadc.o
                0x08003b1c                IADC_calcTimebase
 .text.IADC_calcSrcClkPrescale
                0x08003b80       0x64 ./gecko_sdk_4.4.0/platform/emlib/src/em_iadc.o
                0x08003b80                IADC_calcSrcClkPrescale
 .text.IADC_calcAdcClkPrescale
                0x08003be4       0x80 ./gecko_sdk_4.4.0/platform/emlib/src/em_iadc.o
                0x08003be4                IADC_calcAdcClkPrescale
 .text.IADC_getReferenceVoltage
                0x08003c64       0x30 ./gecko_sdk_4.4.0/platform/emlib/src/em_iadc.o
                0x08003c64                IADC_getReferenceVoltage
 .text.IADC_init
                0x08003c94      0x558 ./gecko_sdk_4.4.0/platform/emlib/src/em_iadc.o
                0x08003c94                IADC_init
 .text.LDMA_DeInit
                0x080041ec       0x3c ./gecko_sdk_4.4.0/platform/emlib/src/em_ldma.o
                0x080041ec                LDMA_DeInit
 .text.LDMA_EnableChannelRequest
                0x08004228       0x40 ./gecko_sdk_4.4.0/platform/emlib/src/em_ldma.o
                0x08004228                LDMA_EnableChannelRequest
 .text.LDMA_Init
                0x08004268       0x94 ./gecko_sdk_4.4.0/platform/emlib/src/em_ldma.o
                0x08004268                LDMA_Init
 .text.LDMA_StartTransfer
                0x080042fc      0x104 ./gecko_sdk_4.4.0/platform/emlib/src/em_ldma.o
                0x080042fc                LDMA_StartTransfer
 .text.LDMA_StopTransfer
                0x08004400       0x38 ./gecko_sdk_4.4.0/platform/emlib/src/em_ldma.o
                0x08004400                LDMA_StopTransfer
 .text.LDMA_TransferDone
                0x08004438       0x44 ./gecko_sdk_4.4.0/platform/emlib/src/em_ldma.o
                0x08004438                LDMA_TransferDone
 .text.SYSTEM_ChipRevisionGet
                0x0800447c       0x2c ./gecko_sdk_4.4.0/platform/emlib/src/em_system.o
                0x0800447c                SYSTEM_ChipRevisionGet
 .text.sl_device_init_emu
                0x080044a8       0x24 ./gecko_sdk_4.4.0/platform/service/device_init/src/sl_device_init_emu_s2.o
                0x080044a8                sl_device_init_emu
 .text.sl_device_init_hfxo
                0x080044cc       0x70 ./gecko_sdk_4.4.0/platform/service/device_init/src/sl_device_init_hfxo_s2.o
                0x080044cc                sl_device_init_hfxo
 .text.sl_device_init_lfxo
                0x0800453c       0x28 ./gecko_sdk_4.4.0/platform/service/device_init/src/sl_device_init_lfxo_s2.o
                0x0800453c                sl_device_init_lfxo
 .text.sl_device_init_nvic
                0x08004564       0x3c ./gecko_sdk_4.4.0/platform/service/device_init/src/sl_device_init_nvic.o
                0x08004564                sl_device_init_nvic
 .text.sl_iostream_set_default
                0x080045a0       0x18 ./gecko_sdk_4.4.0/platform/service/iostream/src/sl_iostream.o
                0x080045a0                sl_iostream_set_default
 .text.sl_iostream_get_default
                0x080045b8       0x18 ./gecko_sdk_4.4.0/platform/service/iostream/src/sl_iostream.o
                0x080045b8                sl_iostream_get_default
 .text.sl_iostream_eusart_init
                0x080045d0      0x228 ./gecko_sdk_4.4.0/platform/service/iostream/src/sl_iostream_eusart.o
                0x080045d0                sl_iostream_eusart_init
 .text._write   0x080047f8       0x20 ./gecko_sdk_4.4.0/platform/service/iostream/src/sl_iostream_retarget_stdio.o
                0x080047f8                _write
 .text.get_write_ptr
                0x08004818       0x40 ./gecko_sdk_4.4.0/platform/service/iostream/src/sl_iostream_uart.o
 .text.dma_irq_handler
                0x08004858       0x74 ./gecko_sdk_4.4.0/platform/service/iostream/src/sl_iostream_uart.o
 .text.uart_read
                0x080048cc      0x1f4 ./gecko_sdk_4.4.0/platform/service/iostream/src/sl_iostream_uart.o
 .text.uart_deinit
                0x08004ac0       0x98 ./gecko_sdk_4.4.0/platform/service/iostream/src/sl_iostream_uart.o
 .text.uart_write
                0x08004b58       0xc0 ./gecko_sdk_4.4.0/platform/service/iostream/src/sl_iostream_uart.o
 .text.sli_iostream_uart_context_init
                0x08004c18       0xf8 ./gecko_sdk_4.4.0/platform/service/iostream/src/sl_iostream_uart.o
                0x08004c18                sli_iostream_uart_context_init
 .text          0x08004d10      0x378 c:/siliconlabs/simplicitystudio/v5/developer/toolchains/gnu_arm/12.2.rel1_2023.7/bin/../lib/gcc/arm-none-eabi/12.2.1/thumb/v8-m.main+fp/hard\libgcc.a(_arm_addsubdf3.o)
                0x08004d10                __aeabi_drsub
                0x08004d18                __aeabi_dsub
                0x08004d18                __subdf3
                0x08004d1c                __aeabi_dadd
                0x08004d1c                __adddf3
                0x08004f94                __floatunsidf
                0x08004f94                __aeabi_ui2d
                0x08004fb4                __floatsidf
                0x08004fb4                __aeabi_i2d
                0x08004fd8                __aeabi_f2d
                0x08004fd8                __extendsfdf2
                0x0800501c                __floatundidf
                0x0800501c                __aeabi_ul2d
                0x0800502c                __floatdidf
                0x0800502c                __aeabi_l2d
 .text          0x08005088      0x424 c:/siliconlabs/simplicitystudio/v5/developer/toolchains/gnu_arm/12.2.rel1_2023.7/bin/../lib/gcc/arm-none-eabi/12.2.1/thumb/v8-m.main+fp/hard\libgcc.a(_arm_muldivdf3.o)
                0x08005088                __aeabi_dmul
                0x08005088                __muldf3
                0x080052dc                __divdf3
                0x080052dc                __aeabi_ddiv
 .text.exit     0x080054ac       0x24 c:/siliconlabs/simplicitystudio/v5/developer/toolchains/gnu_arm/12.2.rel1_2023.7/bin/../lib/gcc/arm-none-eabi/12.2.1/thumb/v8-m.main+fp/hard\libc_nano.a(libc_a-exit.o)
                0x080054ac                exit
 .text._printf_float
                0x080054d0      0x468 c:/siliconlabs/simplicitystudio/v5/developer/toolchains/gnu_arm/12.2.rel1_2023.7/bin/../lib/gcc/arm-none-eabi/12.2.1/thumb/v8-m.main+fp/hard\libc_nano.a(libc_a-nano-vfprintf_float.o)
                0x080054d0                _printf_float
 .text._printf_i
                0x08005938      0x258 c:/siliconlabs/simplicitystudio/v5/developer/toolchains/gnu_arm/12.2.rel1_2023.7/bin/../lib/gcc/arm-none-eabi/12.2.1/thumb/v8-m.main+fp/hard\libc_nano.a(libc_a-nano-vfprintf_i.o)
                0x08005938                _printf_i
 .text.std      0x08005b90       0x6c c:/siliconlabs/simplicitystudio/v5/developer/toolchains/gnu_arm/12.2.rel1_2023.7/bin/../lib/gcc/arm-none-eabi/12.2.1/thumb/v8-m.main+fp/hard\libc_nano.a(libc_a-findfp.o)
 .text.stdio_exit_handler
                0x08005bfc       0x18 c:/siliconlabs/simplicitystudio/v5/developer/toolchains/gnu_arm/12.2.rel1_2023.7/bin/../lib/gcc/arm-none-eabi/12.2.1/thumb/v8-m.main+fp/hard\libc_nano.a(libc_a-findfp.o)
 .text.cleanup_stdio
                0x08005c14       0x40 c:/siliconlabs/simplicitystudio/v5/developer/toolchains/gnu_arm/12.2.rel1_2023.7/bin/../lib/gcc/arm-none-eabi/12.2.1/thumb/v8-m.main+fp/hard\libc_nano.a(libc_a-findfp.o)
 .text.global_stdio_init.part.0
                0x08005c54       0x3c c:/siliconlabs/simplicitystudio/v5/developer/toolchains/gnu_arm/12.2.rel1_2023.7/bin/../lib/gcc/arm-none-eabi/12.2.1/thumb/v8-m.main+fp/hard\libc_nano.a(libc_a-findfp.o)
 .text.__sfp_lock_acquire
                0x08005c90        0xc c:/siliconlabs/simplicitystudio/v5/developer/toolchains/gnu_arm/12.2.rel1_2023.7/bin/../lib/gcc/arm-none-eabi/12.2.1/thumb/v8-m.main+fp/hard\libc_nano.a(libc_a-findfp.o)
                0x08005c90                __sfp_lock_acquire
 .text.__sfp_lock_release
                0x08005c9c        0xc c:/siliconlabs/simplicitystudio/v5/developer/toolchains/gnu_arm/12.2.rel1_2023.7/bin/../lib/gcc/arm-none-eabi/12.2.1/thumb/v8-m.main+fp/hard\libc_nano.a(libc_a-findfp.o)
                0x08005c9c                __sfp_lock_release
 .text.__sinit  0x08005ca8       0x30 c:/siliconlabs/simplicitystudio/v5/developer/toolchains/gnu_arm/12.2.rel1_2023.7/bin/../lib/gcc/arm-none-eabi/12.2.1/thumb/v8-m.main+fp/hard\libc_nano.a(libc_a-findfp.o)
                0x08005ca8                __sinit
 .text.printf   0x08005cd8       0x24 c:/siliconlabs/simplicitystudio/v5/developer/toolchains/gnu_arm/12.2.rel1_2023.7/bin/../lib/gcc/arm-none-eabi/12.2.1/thumb/v8-m.main+fp/hard\libc_nano.a(libc_a-printf.o)
                0x08005cd8                iprintf
                0x08005cd8                printf
 .text.puts     0x08005cfc       0x10 c:/siliconlabs/simplicitystudio/v5/developer/toolchains/gnu_arm/12.2.rel1_2023.7/bin/../lib/gcc/arm-none-eabi/12.2.1/thumb/v8-m.main+fp/hard\libc_nano.a(libc_a-puts.o)
                0x08005cfc                puts
 .text.setvbuf  0x08005d0c      0x168 c:/siliconlabs/simplicitystudio/v5/developer/toolchains/gnu_arm/12.2.rel1_2023.7/bin/../lib/gcc/arm-none-eabi/12.2.1/thumb/v8-m.main+fp/hard\libc_nano.a(libc_a-setvbuf.o)
                0x08005d0c                setvbuf
 .text.__swsetup_r
                0x08005e74       0xac c:/siliconlabs/simplicitystudio/v5/developer/toolchains/gnu_arm/12.2.rel1_2023.7/bin/../lib/gcc/arm-none-eabi/12.2.1/thumb/v8-m.main+fp/hard\libc_nano.a(libc_a-wsetup.o)
                0x08005e74                __swsetup_r
 .text._localeconv_r
                0x08005f20        0x8 c:/siliconlabs/simplicitystudio/v5/developer/toolchains/gnu_arm/12.2.rel1_2023.7/bin/../lib/gcc/arm-none-eabi/12.2.1/thumb/v8-m.main+fp/hard\libc_nano.a(libc_a-localeconv.o)
                0x08005f20                _localeconv_r
 .text._close_r
                0x08005f28       0x20 c:/siliconlabs/simplicitystudio/v5/developer/toolchains/gnu_arm/12.2.rel1_2023.7/bin/../lib/gcc/arm-none-eabi/12.2.1/thumb/v8-m.main+fp/hard\libc_nano.a(libc_a-closer.o)
                0x08005f28                _close_r
 .text._lseek_r
                0x08005f48       0x24 c:/siliconlabs/simplicitystudio/v5/developer/toolchains/gnu_arm/12.2.rel1_2023.7/bin/../lib/gcc/arm-none-eabi/12.2.1/thumb/v8-m.main+fp/hard\libc_nano.a(libc_a-lseekr.o)
                0x08005f48                _lseek_r
 .text._read_r  0x08005f6c       0x24 c:/siliconlabs/simplicitystudio/v5/developer/toolchains/gnu_arm/12.2.rel1_2023.7/bin/../lib/gcc/arm-none-eabi/12.2.1/thumb/v8-m.main+fp/hard\libc_nano.a(libc_a-readr.o)
                0x08005f6c                _read_r
 .text._write_r
                0x08005f90       0x24 c:/siliconlabs/simplicitystudio/v5/developer/toolchains/gnu_arm/12.2.rel1_2023.7/bin/../lib/gcc/arm-none-eabi/12.2.1/thumb/v8-m.main+fp/hard\libc_nano.a(libc_a-writer.o)
                0x08005f90                _write_r
 .text.__libc_init_array
                0x08005fb4       0x48 c:/siliconlabs/simplicitystudio/v5/developer/toolchains/gnu_arm/12.2.rel1_2023.7/bin/../lib/gcc/arm-none-eabi/12.2.1/thumb/v8-m.main+fp/hard\libc_nano.a(libc_a-init.o)
                0x08005fb4                __libc_init_array
 .text._free_r  0x08005ffc       0x94 c:/siliconlabs/simplicitystudio/v5/developer/toolchains/gnu_arm/12.2.rel1_2023.7/bin/../lib/gcc/arm-none-eabi/12.2.1/thumb/v8-m.main+fp/hard\libc_nano.a(libc_a-freer.o)
                0x08005ffc                _free_r
 .text.malloc   0x08006090       0x10 c:/siliconlabs/simplicitystudio/v5/developer/toolchains/gnu_arm/12.2.rel1_2023.7/bin/../lib/gcc/arm-none-eabi/12.2.1/thumb/v8-m.main+fp/hard\libc_nano.a(libc_a-malloc.o)
                0x08006090                malloc
 .text.sbrk_aligned
                0x080060a0       0x44 c:/siliconlabs/simplicitystudio/v5/developer/toolchains/gnu_arm/12.2.rel1_2023.7/bin/../lib/gcc/arm-none-eabi/12.2.1/thumb/v8-m.main+fp/hard\libc_nano.a(libc_a-mallocr.o)
 .text._malloc_r
                0x080060e4       0xf0 c:/siliconlabs/simplicitystudio/v5/developer/toolchains/gnu_arm/12.2.rel1_2023.7/bin/../lib/gcc/arm-none-eabi/12.2.1/thumb/v8-m.main+fp/hard\libc_nano.a(libc_a-mallocr.o)
                0x080060e4                _malloc_r
 .text.__malloc_lock
                0x080061d4        0xc c:/siliconlabs/simplicitystudio/v5/developer/toolchains/gnu_arm/12.2.rel1_2023.7/bin/../lib/gcc/arm-none-eabi/12.2.1/thumb/v8-m.main+fp/hard\libc_nano.a(libc_a-mlock.o)
                0x080061d4                __malloc_lock
 .text.__malloc_unlock
                0x080061e0        0xc c:/siliconlabs/simplicitystudio/v5/developer/toolchains/gnu_arm/12.2.rel1_2023.7/bin/../lib/gcc/arm-none-eabi/12.2.1/thumb/v8-m.main+fp/hard\libc_nano.a(libc_a-mlock.o)
                0x080061e0                __malloc_unlock
 .text._Balloc  0x080061ec       0x80 c:/siliconlabs/simplicitystudio/v5/developer/toolchains/gnu_arm/12.2.rel1_2023.7/bin/../lib/gcc/arm-none-eabi/12.2.1/thumb/v8-m.main+fp/hard\libc_nano.a(libc_a-mprec.o)
                0x080061ec                _Balloc
 .text._Bfree   0x0800626c       0x44 c:/siliconlabs/simplicitystudio/v5/developer/toolchains/gnu_arm/12.2.rel1_2023.7/bin/../lib/gcc/arm-none-eabi/12.2.1/thumb/v8-m.main+fp/hard\libc_nano.a(libc_a-mprec.o)
                0x0800626c                _Bfree
 .text.__multadd
                0x080062b0       0x90 c:/siliconlabs/simplicitystudio/v5/developer/toolchains/gnu_arm/12.2.rel1_2023.7/bin/../lib/gcc/arm-none-eabi/12.2.1/thumb/v8-m.main+fp/hard\libc_nano.a(libc_a-mprec.o)
                0x080062b0                __multadd
 .text.__i2b    0x08006340       0x2c c:/siliconlabs/simplicitystudio/v5/developer/toolchains/gnu_arm/12.2.rel1_2023.7/bin/../lib/gcc/arm-none-eabi/12.2.1/thumb/v8-m.main+fp/hard\libc_nano.a(libc_a-mprec.o)
                0x08006340                __i2b
 .text.__multiply
                0x0800636c      0x154 c:/siliconlabs/simplicitystudio/v5/developer/toolchains/gnu_arm/12.2.rel1_2023.7/bin/../lib/gcc/arm-none-eabi/12.2.1/thumb/v8-m.main+fp/hard\libc_nano.a(libc_a-mprec.o)
                0x0800636c                __multiply
 .text.__pow5mult
                0x080064c0       0xb4 c:/siliconlabs/simplicitystudio/v5/developer/toolchains/gnu_arm/12.2.rel1_2023.7/bin/../lib/gcc/arm-none-eabi/12.2.1/thumb/v8-m.main+fp/hard\libc_nano.a(libc_a-mprec.o)
                0x080064c0                __pow5mult
 .text.__lshift
                0x08006574       0xd8 c:/siliconlabs/simplicitystudio/v5/developer/toolchains/gnu_arm/12.2.rel1_2023.7/bin/../lib/gcc/arm-none-eabi/12.2.1/thumb/v8-m.main+fp/hard\libc_nano.a(libc_a-mprec.o)
                0x08006574                __lshift
 .text.__mdiff  0x0800664c      0x130 c:/siliconlabs/simplicitystudio/v5/developer/toolchains/gnu_arm/12.2.rel1_2023.7/bin/../lib/gcc/arm-none-eabi/12.2.1/thumb/v8-m.main+fp/hard\libc_nano.a(libc_a-mprec.o)
                0x0800664c                __mdiff
 .text.__d2b    0x0800677c       0xb0 c:/siliconlabs/simplicitystudio/v5/developer/toolchains/gnu_arm/12.2.rel1_2023.7/bin/../lib/gcc/arm-none-eabi/12.2.1/thumb/v8-m.main+fp/hard\libc_nano.a(libc_a-mprec.o)
                0x0800677c                __d2b
 .text._vfprintf_r
                0x0800682c      0x230 c:/siliconlabs/simplicitystudio/v5/developer/toolchains/gnu_arm/12.2.rel1_2023.7/bin/../lib/gcc/arm-none-eabi/12.2.1/thumb/v8-m.main+fp/hard\libc_nano.a(libc_a-nano-vfprintf.o)
                0x0800682c                _vfprintf_r
                0x0800682c                _vfiprintf_r
 .text._fstat_r
                0x08006a5c       0x24 c:/siliconlabs/simplicitystudio/v5/developer/toolchains/gnu_arm/12.2.rel1_2023.7/bin/../lib/gcc/arm-none-eabi/12.2.1/thumb/v8-m.main+fp/hard\libc_nano.a(libc_a-fstatr.o)
                0x08006a5c                _fstat_r
 .text._isatty_r
                0x08006a80       0x20 c:/siliconlabs/simplicitystudio/v5/developer/toolchains/gnu_arm/12.2.rel1_2023.7/bin/../lib/gcc/arm-none-eabi/12.2.1/thumb/v8-m.main+fp/hard\libc_nano.a(libc_a-isattyr.o)
                0x08006a80                _isatty_r
 .text._sbrk_r  0x08006aa0       0x20 c:/siliconlabs/simplicitystudio/v5/developer/toolchains/gnu_arm/12.2.rel1_2023.7/bin/../lib/gcc/arm-none-eabi/12.2.1/thumb/v8-m.main+fp/hard\libc_nano.a(libc_a-sbrkr.o)
                0x08006aa0                _sbrk_r
 .text.__assert_func
                0x08006ac0       0x3c c:/siliconlabs/simplicitystudio/v5/developer/toolchains/gnu_arm/12.2.rel1_2023.7/bin/../lib/gcc/arm-none-eabi/12.2.1/thumb/v8-m.main+fp/hard\libc_nano.a(libc_a-assert.o)
                0x08006ac0                __assert_func
 .text.fprintf  0x08006afc       0x24 c:/siliconlabs/simplicitystudio/v5/developer/toolchains/gnu_arm/12.2.rel1_2023.7/bin/../lib/gcc/arm-none-eabi/12.2.1/thumb/v8-m.main+fp/hard\libc_nano.a(libc_a-fprintf.o)
                0x08006afc                fiprintf
                0x08006afc                fprintf
 .text.raise    0x08006b20       0x10 c:/siliconlabs/simplicitystudio/v5/developer/toolchains/gnu_arm/12.2.rel1_2023.7/bin/../lib/gcc/arm-none-eabi/12.2.1/thumb/v8-m.main+fp/hard\libc_nano.a(libc_a-signal.o)
                0x08006b20                raise
 .text._kill_r  0x08006b30       0x24 c:/siliconlabs/simplicitystudio/v5/developer/toolchains/gnu_arm/12.2.rel1_2023.7/bin/../lib/gcc/arm-none-eabi/12.2.1/thumb/v8-m.main+fp/hard\libc_nano.a(libc_a-signalr.o)
                0x08006b30                _kill_r
 .text          0x08006b54      0x110 c:/siliconlabs/simplicitystudio/v5/developer/toolchains/gnu_arm/12.2.rel1_2023.7/bin/../lib/gcc/arm-none-eabi/12.2.1/thumb/v8-m.main+fp/hard\libgcc.a(_arm_cmpdf2.o)
                0x08006b54                __gtdf2
                0x08006b54                __gedf2
                0x08006b5c                __ltdf2
                0x08006b5c                __ledf2
                0x08006b64                __nedf2
                0x08006b64                __eqdf2
                0x08006b64                __cmpdf2
                0x08006be0                __aeabi_cdrcmple
                0x08006bf0                __aeabi_cdcmpeq
                0x08006bf0                __aeabi_cdcmple
                0x08006c00                __aeabi_dcmpeq
                0x08006c14                __aeabi_dcmplt
                0x08006c28                __aeabi_dcmple
                0x08006c3c                __aeabi_dcmpge
                0x08006c50                __aeabi_dcmpgt
 .text          0x08006c64       0x2c c:/siliconlabs/simplicitystudio/v5/developer/toolchains/gnu_arm/12.2.rel1_2023.7/bin/../lib/gcc/arm-none-eabi/12.2.1/thumb/v8-m.main+fp/hard\libgcc.a(_arm_unorddf2.o)
                0x08006c64                __unorddf2
                0x08006c64                __aeabi_dcmpun
 .text          0x08006c90       0x50 c:/siliconlabs/simplicitystudio/v5/developer/toolchains/gnu_arm/12.2.rel1_2023.7/bin/../lib/gcc/arm-none-eabi/12.2.1/thumb/v8-m.main+fp/hard\libgcc.a(_arm_fixdfsi.o)
                0x08006c90                __aeabi_d2iz
                0x08006c90                __fixdfsi
 .text.initGPIO
                0x08006ce0        0x8 ./app_iostream_usart.o
                0x08006ce0                initGPIO
 .text.startup.main
                0x08006ce8       0x14 ./main.o
                0x08006ce8                main
 .text.sl_board_default_init
                0x08006cfc        0x2 ./autogen/sl_board_default_init.o
                0x08006cfc                sl_board_default_init
 .text.sl_platform_init
                0x08006cfe       0x26 ./autogen/sl_event_handler.o
                0x08006cfe                sl_platform_init
 .text.sl_driver_init
                0x08006d24        0xe ./autogen/sl_event_handler.o
                0x08006d24                sl_driver_init
 .text.sl_service_init
                0x08006d32        0xe ./autogen/sl_event_handler.o
                0x08006d32                sl_service_init
 .text.sl_stack_init
                0x08006d40        0x2 ./autogen/sl_event_handler.o
                0x08006d40                sl_stack_init
 .text.sl_internal_app_init
                0x08006d42        0x2 ./autogen/sl_event_handler.o
                0x08006d42                sl_internal_app_init
 .text.sl_platform_process_action
                0x08006d44        0x2 ./autogen/sl_event_handler.o
                0x08006d44                sl_platform_process_action
 .text.sl_service_process_action
                0x08006d46        0x2 ./autogen/sl_event_handler.o
                0x08006d46                sl_service_process_action
 .text.sl_stack_process_action
                0x08006d48        0x2 ./autogen/sl_event_handler.o
                0x08006d48                sl_stack_process_action
 .text.sl_internal_app_process_action
                0x08006d4a        0x2 ./autogen/sl_event_handler.o
                0x08006d4a                sl_internal_app_process_action
 .text.sl_iostream_eusart_init_instances
                0x08006d4c        0x4 ./autogen/sl_iostream_init_eusart_instances.o
                0x08006d4c                sl_iostream_eusart_init_instances
 .text.EUSART1_TX_IRQHandler
                0x08006d50        0x4 ./autogen/sl_iostream_init_eusart_instances.o
                0x08006d50                EUSART1_TX_IRQHandler
 .text.sl_board_enable_vcom
                0x08006d54       0x12 ./gecko_sdk_4.4.0/hardware/board/src/sl_board_control_gpio.o
                0x08006d54                sl_board_enable_vcom
 .text.sl_board_configure_vcom
                0x08006d66        0x4 ./gecko_sdk_4.4.0/hardware/board/src/sl_board_control_gpio.o
                0x08006d66                sl_board_configure_vcom
 .text.sl_board_init
                0x08006d6a       0x12 ./gecko_sdk_4.4.0/hardware/board/src/sl_board_init.o
                0x08006d6a                sl_board_init
 .text.sl_board_preinit
                0x08006d7c        0x8 ./gecko_sdk_4.4.0/hardware/board/src/sl_board_init.o
                0x08006d7c                sl_board_preinit
 .text.sli_cos_swo_itm_8_write.constprop.0.isra.0
                0x08006d84       0x78 ./gecko_sdk_4.4.0/hardware/driver/configuration_over_swo/src/sl_cos.o
 .text.sl_cos_send_config
                0x08006dfc       0x12 ./gecko_sdk_4.4.0/hardware/driver/configuration_over_swo/src/sl_cos.o
                0x08006dfc                sl_cos_send_config
 .text.sl_cos_config_vcom
                0x08006e0e       0x1e ./gecko_sdk_4.4.0/hardware/driver/configuration_over_swo/src/sl_cos.o
                0x08006e0e                sl_cos_config_vcom
 .text.Default_Handler
                0x08006e2c        0x2 ./gecko_sdk_4.4.0/platform/Device/SiliconLabs/EFM32PG28/Source/startup_efm32pg28.o
                0x08006e2c                ULFRCO_IRQHandler
                0x08006e2c                AHB2AHB1_IRQHandler
                0x08006e2c                SW2_IRQHandler
                0x08006e2c                TIMER2_IRQHandler
                0x08006e2c                DebugMon_Handler
                0x08006e2c                USART0_TX_IRQHandler
                0x08006e2c                EUSART0_TX_IRQHandler
                0x08006e2c                I2C0_IRQHandler
                0x08006e2c                LFXO_IRQHandler
                0x08006e2c                HardFault_Handler
                0x08006e2c                SMU_SECURE_IRQHandler
                0x08006e2c                SysTick_Handler
                0x08006e2c                SYSRTC_SEQ_IRQHandler
                0x08006e2c                EMUEFP_IRQHandler
                0x08006e2c                EUSART2_TX_IRQHandler
                0x08006e2c                PendSV_Handler
                0x08006e2c                NMI_Handler
                0x08006e2c                HOSTMAILBOX_IRQHandler
                0x08006e2c                HFXO0_IRQHandler
                0x08006e2c                I2C1_IRQHandler
                0x08006e2c                WDOG0_IRQHandler
                0x08006e2c                TIMER3_IRQHandler
                0x08006e2c                SYSCFG_IRQHandler
                0x08006e2c                EMUDG_IRQHandler
                0x08006e2c                MSC_IRQHandler
                0x08006e2c                DPLL0_IRQHandler
                0x08006e2c                UsageFault_Handler
                0x08006e2c                WDOG1_IRQHandler
                0x08006e2c                M33CTI1_IRQHandler
                0x08006e2c                TIMER4_IRQHandler
                0x08006e2c                GPIO_EVEN_IRQHandler
                0x08006e2c                VDAC0_IRQHandler
                0x08006e2c                SEMBTX_IRQHandler
                0x08006e2c                SW0_IRQHandler
                0x08006e2c                TIMER0_IRQHandler
                0x08006e2c                LCD_IRQHandler
                0x08006e2c                MVP_IRQHandler
                0x08006e2c                LETIMER0_IRQHandler
                0x08006e2c                TIMER1_IRQHandler
                0x08006e2c                HFRCO0_IRQHandler
                0x08006e2c                SecureFault_Handler
                0x08006e2c                DCDC_IRQHandler
                0x08006e2c                Default_Handler
                0x08006e2c                EMU_IRQHandler
                0x08006e2c                SW3_IRQHandler
                0x08006e2c                KERNEL0_IRQHandler
                0x08006e2c                PCNT0_IRQHandler
                0x08006e2c                KERNEL1_IRQHandler
                0x08006e2c                KEYSCAN_IRQHandler
                0x08006e2c                sl_app_properties
                0x08006e2c                HFRCOEM23_IRQHandler
                0x08006e2c                BURTC_IRQHandler
                0x08006e2c                SEMBRX_IRQHandler
                0x08006e2c                LFRCO_IRQHandler
                0x08006e2c                ACMP0_IRQHandler
                0x08006e2c                USART0_RX_IRQHandler
                0x08006e2c                MemManage_Handler
                0x08006e2c                AHB2AHB0_IRQHandler
                0x08006e2c                SVC_Handler
                0x08006e2c                EUSART2_RX_IRQHandler
                0x08006e2c                SMU_S_PRIVILEGED_IRQHandler
                0x08006e2c                SW1_IRQHandler
                0x08006e2c                CMU_IRQHandler
                0x08006e2c                EUSART0_RX_IRQHandler
                0x08006e2c                SETAMPERHOST_IRQHandler
                0x08006e2c                GPIO_ODD_IRQHandler
                0x08006e2c                LESENSE_IRQHandler
                0x08006e2c                M33CTI0_IRQHandler
                0x08006e2c                ICACHE0_IRQHandler
                0x08006e2c                SMU_NS_PRIVILEGED_IRQHandler
                0x08006e2c                FPUEXH_IRQHandler
                0x08006e2c                ACMP1_IRQHandler
                0x08006e2c                BusFault_Handler
                0x08006e2c                MPAHBRAM_IRQHandler
                0x08006e2c                SYSRTC_APP_IRQHandler
 .text.FlashToRamCopy
                0x08006e2e       0x16 ./gecko_sdk_4.4.0/platform/Device/SiliconLabs/EFM32PG28/Source/system_efm32pg28.o
                0x08006e2e                FlashToRamCopy
 .text.SystemCLKIN0Get
                0x08006e44        0x4 ./gecko_sdk_4.4.0/platform/Device/SiliconLabs/EFM32PG28/Source/system_efm32pg28.o
                0x08006e44                SystemCLKIN0Get
 .text.SystemLFRCOClockGet
                0x08006e48        0x6 ./gecko_sdk_4.4.0/platform/Device/SiliconLabs/EFM32PG28/Source/system_efm32pg28.o
                0x08006e48                SystemLFRCOClockGet
 .text.SystemULFRCOClockGet
                0x08006e4e        0x6 ./gecko_sdk_4.4.0/platform/Device/SiliconLabs/EFM32PG28/Source/system_efm32pg28.o
                0x08006e4e                SystemULFRCOClockGet
 .text.assertEFM
                0x08006e54        0x2 ./gecko_sdk_4.4.0/platform/common/src/sl_assert.o
                0x08006e54                assertEFM
 .text.sl_debug_swo_enable_itm
                0x08006e56       0x16 ./gecko_sdk_4.4.0/platform/driver/debug/src/sl_debug_swo.o
                0x08006e56                sl_debug_swo_enable_itm
 .text.sl_debug_swo_disable_itm
                0x08006e6c       0x18 ./gecko_sdk_4.4.0/platform/driver/debug/src/sl_debug_swo.o
                0x08006e6c                sl_debug_swo_disable_itm
 .text.DMADRV_PeripheralMemory
                0x08006e84       0x34 ./gecko_sdk_4.4.0/platform/emdrv/dmadrv/src/dmadrv.o
                0x08006e84                DMADRV_PeripheralMemory
 .text.BUS_RegMaskedWrite
                0x08006eb8       0x1e ./gecko_sdk_4.4.0/platform/emlib/src/em_cmu.o
 .text.waitStateMax
                0x08006ed6       0x10 ./gecko_sdk_4.4.0/platform/emlib/src/em_cmu.o
 .text.CMU_UpdateWaitStates
                0x08006ee6        0xc ./gecko_sdk_4.4.0/platform/emlib/src/em_cmu.o
                0x08006ee6                CMU_UpdateWaitStates
 .text.pclkDivMax
                0x08006ef2        0xa ./gecko_sdk_4.4.0/platform/emlib/src/em_cmu.o
 .text.sli_em_cmu_SYSCLKInitPreClockSelect
                0x08006efc       0x16 ./gecko_sdk_4.4.0/platform/emlib/src/em_cmu.o
                0x08006efc                sli_em_cmu_SYSCLKInitPreClockSelect
 .text.sli_em_cmu_SYSCLKInitPostClockSelect
                0x08006f12       0x26 ./gecko_sdk_4.4.0/platform/emlib/src/em_cmu.o
                0x08006f12                sli_em_cmu_SYSCLKInitPostClockSelect
 .text.CORE_EnterCritical
                0x08006f38        0x8 ./gecko_sdk_4.4.0/platform/emlib/src/em_core.o
                0x08006f38                CORE_EnterCritical
 .text.CORE_ExitCritical
                0x08006f40        0x6 ./gecko_sdk_4.4.0/platform/emlib/src/em_core.o
                0x08006f40                CORE_ExitCritical
 .text.CORE_EnterAtomic
                0x08006f46        0xc ./gecko_sdk_4.4.0/platform/emlib/src/em_core.o
                0x08006f46                CORE_EnterAtomic
 .text.CORE_ExitAtomic
                0x08006f52        0x6 ./gecko_sdk_4.4.0/platform/emlib/src/em_core.o
                0x08006f52                CORE_ExitAtomic
 .text.EMU_EFPEM01VScale
                0x08006f58        0x2 ./gecko_sdk_4.4.0/platform/emlib/src/em_emu.o
                0x08006f58                EMU_EFPEM01VScale
 .text.EMU_DCDCUpdatedHook
                0x08006f5a        0x2 ./gecko_sdk_4.4.0/platform/emlib/src/em_emu.o
                0x08006f5a                EMU_DCDCUpdatedHook
 .text.EMU_DCDCPowerOff
                0x08006f5c        0xc ./gecko_sdk_4.4.0/platform/emlib/src/em_emu.o
                0x08006f5c                EMU_DCDCPowerOff
 .text.eusart_sync
                0x08006f68        0x8 ./gecko_sdk_4.4.0/platform/emlib/src/em_eusart.o
 .text.EUSART_Disable
                0x08006f70       0x34 ./gecko_sdk_4.4.0/platform/emlib/src/em_eusart.o
 .text.EUSART_Tx
                0x08006fa4        0xa ./gecko_sdk_4.4.0/platform/emlib/src/em_eusart.o
                0x08006fa4                EUSART_Tx
 .text.BUS_RegMaskedWrite
                0x08006fae       0x1e ./gecko_sdk_4.4.0/platform/emlib/src/em_gpio.o
 .text.GPIO_DbgLocationSet
                0x08006fcc        0x2 ./gecko_sdk_4.4.0/platform/emlib/src/em_gpio.o
                0x08006fcc                GPIO_DbgLocationSet
 .text.IADC_ConvertRawDataToResult
                0x08006fce       0x32 ./gecko_sdk_4.4.0/platform/emlib/src/em_iadc.o
 .text.IADC_readSingleResult
                0x08007000       0x10 ./gecko_sdk_4.4.0/platform/emlib/src/em_iadc.o
                0x08007000                IADC_readSingleResult
 .text.sl_device_init_dcdc
                0x08007010        0xa ./gecko_sdk_4.4.0/platform/service/device_init/src/sl_device_init_dcdc_s2.o
                0x08007010                sl_device_init_dcdc
 .text.sl_iostream_write
                0x0800701a       0x22 ./gecko_sdk_4.4.0/platform/service/iostream/src/sl_iostream.o
                0x0800701a                sl_iostream_write
 .text.sl_iostream_read
                0x0800703c       0x30 ./gecko_sdk_4.4.0/platform/service/iostream/src/sl_iostream.o
                0x0800703c                sl_iostream_read
 .text.eusart_deinit
                0x0800706c       0x70 ./gecko_sdk_4.4.0/platform/service/iostream/src/sl_iostream_eusart.o
 .text.eusart_set_next_byte_detect
                0x080070dc       0x30 ./gecko_sdk_4.4.0/platform/service/iostream/src/sl_iostream_eusart.o
 .text.eusart_tx
                0x0800710c        0xc ./gecko_sdk_4.4.0/platform/service/iostream/src/sl_iostream_eusart.o
 .text.sl_iostream_eusart_irq_handler
                0x08007118       0x72 ./gecko_sdk_4.4.0/platform/service/iostream/src/sl_iostream_eusart.o
                0x08007118                sl_iostream_eusart_irq_handler
 .text._close   0x0800718a        0x4 ./gecko_sdk_4.4.0/platform/service/iostream/src/sl_iostream_retarget_stdio.o
                0x0800718a                _close
 .text._exit    0x0800718e        0x2 ./gecko_sdk_4.4.0/platform/service/iostream/src/sl_iostream_retarget_stdio.o
                0x0800718e                _exit
 .text._fstat   0x08007190        0xa ./gecko_sdk_4.4.0/platform/service/iostream/src/sl_iostream_retarget_stdio.o
                0x08007190                _fstat
 .text._getpid  0x0800719a        0x4 ./gecko_sdk_4.4.0/platform/service/iostream/src/sl_iostream_retarget_stdio.o
                0x0800719a                _getpid
 .text._isatty  0x0800719e        0x4 ./gecko_sdk_4.4.0/platform/service/iostream/src/sl_iostream_retarget_stdio.o
                0x0800719e                _isatty
 .text._kill    0x080071a2        0x6 ./gecko_sdk_4.4.0/platform/service/iostream/src/sl_iostream_retarget_stdio.o
                0x080071a2                _kill
 .text._lseek   0x080071a8        0x4 ./gecko_sdk_4.4.0/platform/service/iostream/src/sl_iostream_retarget_stdio.o
                0x080071a8                _lseek
 .text._read    0x080071ac       0x1c ./gecko_sdk_4.4.0/platform/service/iostream/src/sl_iostream_retarget_stdio.o
                0x080071ac                _read
 .text.set_auto_cr_lf
                0x080071c8        0x6 ./gecko_sdk_4.4.0/platform/service/iostream/src/sl_iostream_uart.o
 .text.get_auto_cr_lf
                0x080071ce        0x6 ./gecko_sdk_4.4.0/platform/service/iostream/src/sl_iostream_uart.o
 .text.sl_system_init
                0x080071d4       0x1a ./gecko_sdk_4.4.0/platform/service/system/src/sl_system_init.o
                0x080071d4                sl_system_init
 .text.sl_system_process_action
                0x080071ee       0x16 ./gecko_sdk_4.4.0/platform/service/system/src/sl_system_process_action.o
                0x080071ee                sl_system_process_action
 .text.__cvt    0x08007204       0xd0 c:/siliconlabs/simplicitystudio/v5/developer/toolchains/gnu_arm/12.2.rel1_2023.7/bin/../lib/gcc/arm-none-eabi/12.2.1/thumb/v8-m.main+fp/hard\libc_nano.a(libc_a-nano-vfprintf_float.o)
                0x08007204                __cvt
 .text.__exponent
                0x080072d4       0x72 c:/siliconlabs/simplicitystudio/v5/developer/toolchains/gnu_arm/12.2.rel1_2023.7/bin/../lib/gcc/arm-none-eabi/12.2.1/thumb/v8-m.main+fp/hard\libc_nano.a(libc_a-nano-vfprintf_float.o)
                0x080072d4                __exponent
 .text._printf_common
                0x08007346       0xe4 c:/siliconlabs/simplicitystudio/v5/developer/toolchains/gnu_arm/12.2.rel1_2023.7/bin/../lib/gcc/arm-none-eabi/12.2.1/thumb/v8-m.main+fp/hard\libc_nano.a(libc_a-nano-vfprintf_i.o)
                0x08007346                _printf_common
 .text._fwalk_sglue
                0x0800742a       0x3c c:/siliconlabs/simplicitystudio/v5/developer/toolchains/gnu_arm/12.2.rel1_2023.7/bin/../lib/gcc/arm-none-eabi/12.2.1/thumb/v8-m.main+fp/hard\libc_nano.a(libc_a-fwalk.o)
                0x0800742a                _fwalk_sglue
 .text._puts_r  0x08007466       0xaa c:/siliconlabs/simplicitystudio/v5/developer/toolchains/gnu_arm/12.2.rel1_2023.7/bin/../lib/gcc/arm-none-eabi/12.2.1/thumb/v8-m.main+fp/hard\libc_nano.a(libc_a-puts.o)
                0x08007466                _puts_r
 .text.__sread  0x08007510       0x22 c:/siliconlabs/simplicitystudio/v5/developer/toolchains/gnu_arm/12.2.rel1_2023.7/bin/../lib/gcc/arm-none-eabi/12.2.1/thumb/v8-m.main+fp/hard\libc_nano.a(libc_a-stdio.o)
                0x08007510                __sread
 .text.__swrite
                0x08007532       0x38 c:/siliconlabs/simplicitystudio/v5/developer/toolchains/gnu_arm/12.2.rel1_2023.7/bin/../lib/gcc/arm-none-eabi/12.2.1/thumb/v8-m.main+fp/hard\libc_nano.a(libc_a-stdio.o)
                0x08007532                __swrite
 .text.__sseek  0x0800756a       0x24 c:/siliconlabs/simplicitystudio/v5/developer/toolchains/gnu_arm/12.2.rel1_2023.7/bin/../lib/gcc/arm-none-eabi/12.2.1/thumb/v8-m.main+fp/hard\libc_nano.a(libc_a-stdio.o)
                0x0800756a                __sseek
 .text.__sclose
                0x0800758e        0x8 c:/siliconlabs/simplicitystudio/v5/developer/toolchains/gnu_arm/12.2.rel1_2023.7/bin/../lib/gcc/arm-none-eabi/12.2.1/thumb/v8-m.main+fp/hard\libc_nano.a(libc_a-stdio.o)
                0x0800758e                __sclose
 .text.__swbuf_r
                0x08007596       0x7c c:/siliconlabs/simplicitystudio/v5/developer/toolchains/gnu_arm/12.2.rel1_2023.7/bin/../lib/gcc/arm-none-eabi/12.2.1/thumb/v8-m.main+fp/hard\libc_nano.a(libc_a-wbuf.o)
                0x08007596                __swbuf_r
 .text.memset   0x08007612       0x10 c:/siliconlabs/simplicitystudio/v5/developer/toolchains/gnu_arm/12.2.rel1_2023.7/bin/../lib/gcc/arm-none-eabi/12.2.1/thumb/v8-m.main+fp/hard\libc_nano.a(libc_a-memset.o)
                0x08007612                memset
 .text.__retarget_lock_init_recursive
                0x08007622        0x2 c:/siliconlabs/simplicitystudio/v5/developer/toolchains/gnu_arm/12.2.rel1_2023.7/bin/../lib/gcc/arm-none-eabi/12.2.1/thumb/v8-m.main+fp/hard\libc_nano.a(libc_a-lock.o)
                0x08007622                __retarget_lock_init_recursive
 .text.__retarget_lock_acquire_recursive
                0x08007624        0x2 c:/siliconlabs/simplicitystudio/v5/developer/toolchains/gnu_arm/12.2.rel1_2023.7/bin/../lib/gcc/arm-none-eabi/12.2.1/thumb/v8-m.main+fp/hard\libc_nano.a(libc_a-lock.o)
                0x08007624                __retarget_lock_acquire_recursive
 .text.__retarget_lock_release_recursive
                0x08007626        0x2 c:/siliconlabs/simplicitystudio/v5/developer/toolchains/gnu_arm/12.2.rel1_2023.7/bin/../lib/gcc/arm-none-eabi/12.2.1/thumb/v8-m.main+fp/hard\libc_nano.a(libc_a-lock.o)
                0x08007626                __retarget_lock_release_recursive
 .text.memchr   0x08007628       0x1c c:/siliconlabs/simplicitystudio/v5/developer/toolchains/gnu_arm/12.2.rel1_2023.7/bin/../lib/gcc/arm-none-eabi/12.2.1/thumb/v8-m.main+fp/hard\libc_nano.a(libc_a-memchr-stub.o)
                0x08007628                memchr
 .text.memcpy   0x08007644       0x1a c:/siliconlabs/simplicitystudio/v5/developer/toolchains/gnu_arm/12.2.rel1_2023.7/bin/../lib/gcc/arm-none-eabi/12.2.1/thumb/v8-m.main+fp/hard\libc_nano.a(libc_a-memcpy-stub.o)
                0x08007644                memcpy
 .text          0x0800765e       0x10 c:/siliconlabs/simplicitystudio/v5/developer/toolchains/gnu_arm/12.2.rel1_2023.7/bin/../lib/gcc/arm-none-eabi/12.2.1/thumb/v8-m.main+fp/hard\libc_nano.a(libc_a-strlen.o)
                0x0800765e                strlen
 .text.quorem   0x0800766e      0x11a c:/siliconlabs/simplicitystudio/v5/developer/toolchains/gnu_arm/12.2.rel1_2023.7/bin/../lib/gcc/arm-none-eabi/12.2.1/thumb/v8-m.main+fp/hard\libc_nano.a(libc_a-dtoa.o)
 .text.__hi0bits
                0x08007788       0x44 c:/siliconlabs/simplicitystudio/v5/developer/toolchains/gnu_arm/12.2.rel1_2023.7/bin/../lib/gcc/arm-none-eabi/12.2.1/thumb/v8-m.main+fp/hard\libc_nano.a(libc_a-mprec.o)
                0x08007788                __hi0bits
 .text.__lo0bits
                0x080077cc       0x5a c:/siliconlabs/simplicitystudio/v5/developer/toolchains/gnu_arm/12.2.rel1_2023.7/bin/../lib/gcc/arm-none-eabi/12.2.1/thumb/v8-m.main+fp/hard\libc_nano.a(libc_a-mprec.o)
                0x080077cc                __lo0bits
 .text.__mcmp   0x08007826       0x36 c:/siliconlabs/simplicitystudio/v5/developer/toolchains/gnu_arm/12.2.rel1_2023.7/bin/../lib/gcc/arm-none-eabi/12.2.1/thumb/v8-m.main+fp/hard\libc_nano.a(libc_a-mprec.o)
                0x08007826                __mcmp
 .text.__sfputc_r
                0x0800785c       0x2e c:/siliconlabs/simplicitystudio/v5/developer/toolchains/gnu_arm/12.2.rel1_2023.7/bin/../lib/gcc/arm-none-eabi/12.2.1/thumb/v8-m.main+fp/hard\libc_nano.a(libc_a-nano-vfprintf.o)
 .text.__sfputs_r
                0x0800788a       0x24 c:/siliconlabs/simplicitystudio/v5/developer/toolchains/gnu_arm/12.2.rel1_2023.7/bin/../lib/gcc/arm-none-eabi/12.2.1/thumb/v8-m.main+fp/hard\libc_nano.a(libc_a-nano-vfprintf.o)
                0x0800788a                __sfputs_r
 .text.__sflush_r
                0x080078ae      0x106 c:/siliconlabs/simplicitystudio/v5/developer/toolchains/gnu_arm/12.2.rel1_2023.7/bin/../lib/gcc/arm-none-eabi/12.2.1/thumb/v8-m.main+fp/hard\libc_nano.a(libc_a-fflush.o)
                0x080078ae                __sflush_r
 .text._fflush_r
                0x080079b4       0x50 c:/siliconlabs/simplicitystudio/v5/developer/toolchains/gnu_arm/12.2.rel1_2023.7/bin/../lib/gcc/arm-none-eabi/12.2.1/thumb/v8-m.main+fp/hard\libc_nano.a(libc_a-fflush.o)
                0x080079b4                _fflush_r
 .text.__swhatbuf_r
                0x08007a04       0x4a c:/siliconlabs/simplicitystudio/v5/developer/toolchains/gnu_arm/12.2.rel1_2023.7/bin/../lib/gcc/arm-none-eabi/12.2.1/thumb/v8-m.main+fp/hard\libc_nano.a(libc_a-makebuf.o)
                0x08007a04                __swhatbuf_r
 .text.__smakebuf_r
                0x08007a4e       0x78 c:/siliconlabs/simplicitystudio/v5/developer/toolchains/gnu_arm/12.2.rel1_2023.7/bin/../lib/gcc/arm-none-eabi/12.2.1/thumb/v8-m.main+fp/hard\libc_nano.a(libc_a-makebuf.o)
                0x08007a4e                __smakebuf_r
 .text._calloc_r
                0x08007ac6       0x28 c:/siliconlabs/simplicitystudio/v5/developer/toolchains/gnu_arm/12.2.rel1_2023.7/bin/../lib/gcc/arm-none-eabi/12.2.1/thumb/v8-m.main+fp/hard\libc_nano.a(libc_a-callocr.o)
                0x08007ac6                _calloc_r
 .text.__ascii_mbtowc
                0x08007aee       0x24 c:/siliconlabs/simplicitystudio/v5/developer/toolchains/gnu_arm/12.2.rel1_2023.7/bin/../lib/gcc/arm-none-eabi/12.2.1/thumb/v8-m.main+fp/hard\libc_nano.a(libc_a-mbtowc_r.o)
                0x08007aee                __ascii_mbtowc
 .text.__ascii_wctomb
                0x08007b12       0x1a c:/siliconlabs/simplicitystudio/v5/developer/toolchains/gnu_arm/12.2.rel1_2023.7/bin/../lib/gcc/arm-none-eabi/12.2.1/thumb/v8-m.main+fp/hard\libc_nano.a(libc_a-wctomb_r.o)
                0x08007b12                __ascii_wctomb
 .text.abort    0x08007b2c        0xe c:/siliconlabs/simplicitystudio/v5/developer/toolchains/gnu_arm/12.2.rel1_2023.7/bin/../lib/gcc/arm-none-eabi/12.2.1/thumb/v8-m.main+fp/hard\libc_nano.a(libc_a-abort.o)
                0x08007b2c                abort
 .text._raise_r
                0x08007b3a       0x50 c:/siliconlabs/simplicitystudio/v5/developer/toolchains/gnu_arm/12.2.rel1_2023.7/bin/../lib/gcc/arm-none-eabi/12.2.1/thumb/v8-m.main+fp/hard\libc_nano.a(libc_a-signal.o)
                0x08007b3a                _raise_r
 .text._getpid_r
                0x08007b8a        0x4 c:/siliconlabs/simplicitystudio/v5/developer/toolchains/gnu_arm/12.2.rel1_2023.7/bin/../lib/gcc/arm-none-eabi/12.2.1/thumb/v8-m.main+fp/hard\libc_nano.a(libc_a-signalr.o)
                0x08007b8a                _getpid_r
                0x08007ba0                . = ALIGN (0x20)
 *fill*         0x08007b8e       0x12 
                0x08007ba0                linker_code_end = .
 *(.init)
 .init          0x08007ba0        0x4 c:/siliconlabs/simplicitystudio/v5/developer/toolchains/gnu_arm/12.2.rel1_2023.7/bin/../lib/gcc/arm-none-eabi/12.2.1/thumb/v8-m.main+fp/hard/crti.o
                0x08007ba0                _init
 .init          0x08007ba4        0x8 c:/siliconlabs/simplicitystudio/v5/developer/toolchains/gnu_arm/12.2.rel1_2023.7/bin/../lib/gcc/arm-none-eabi/12.2.1/thumb/v8-m.main+fp/hard/crtn.o
 *(.fini)
 .fini          0x08007bac        0x4 c:/siliconlabs/simplicitystudio/v5/developer/toolchains/gnu_arm/12.2.rel1_2023.7/bin/../lib/gcc/arm-none-eabi/12.2.1/thumb/v8-m.main+fp/hard/crti.o
                0x08007bac                _fini
 .fini          0x08007bb0        0x8 c:/siliconlabs/simplicitystudio/v5/developer/toolchains/gnu_arm/12.2.rel1_2023.7/bin/../lib/gcc/arm-none-eabi/12.2.1/thumb/v8-m.main+fp/hard/crtn.o
 *crtbegin.o(.ctors)
 *crtbegin?.o(.ctors)
 *(EXCLUDE_FILE(*crtend.o *crtend?.o) .ctors)
 *(SORT_BY_NAME(.ctors.*))
 *(.ctors)
 *crtbegin.o(.dtors)
 *crtbegin?.o(.dtors)
 *(EXCLUDE_FILE(*crtend.o *crtend?.o) .dtors)
 *(SORT_BY_NAME(.dtors.*))
 *(.dtors)
                0x08007bb8                __code_classification_validator_start__ = .
                0x08007bd8                . = (. + 0x20)
 *fill*         0x08007bb8       0x20 
 *(code_classification_validator)
                0x08007be0                . = ALIGN (0x20)
 *fill*         0x08007bd8        0x8 
                0x08007be0                __code_classification_validator_end__ = .
 *(.rodata*)
 .rodata.app_process_action.str1.1
                0x08007be0       0x11 ./app.o
 .rodata.app_iostream_usart_init.str1.1
                0x08007bf1       0x93 ./app_iostream_usart.o
 .rodata.calc_action.str1.1
                0x08007c84       0x1f ./app_iostream_usart.o
 *fill*         0x08007ca3        0x1 
 .rodata        0x08007ca4       0x34 ./app_iostream_usart.o
 .rodata.sl_iostream_eusart_init_vcom.str1.1
                0x08007cd8       0x2f ./autogen/sl_iostream_init_eusart_instances.o
 *fill*         0x08007d07        0x1 
 .rodata        0x08007d08       0x20 ./autogen/sl_iostream_init_eusart_instances.o
 .rodata.LDMA_IRQHandler.str1.1
                0x08007d28        0x7 ./gecko_sdk_4.4.0/platform/emdrv/dmadrv/src/dmadrv.o
 .rodata        0x08007d2f        0x4 ./gecko_sdk_4.4.0/platform/emdrv/dmadrv/src/dmadrv.o
 .rodata.HFRCODPLLDevinfoGet.str1.1
                0x08007d33       0x4d ./gecko_sdk_4.4.0/platform/emlib/src/em_cmu.o
 .rodata.CSWTCH.97
                0x08007d80        0x3 ./gecko_sdk_4.4.0/platform/emlib/src/em_cmu.o
 .rodata.CSWTCH.96
                0x08007d83        0x6 ./gecko_sdk_4.4.0/platform/emlib/src/em_cmu.o
 .rodata.EMU_VScaleEM01.str1.1
                0x08007d89       0x4d ./gecko_sdk_4.4.0/platform/emlib/src/em_emu.o
 .rodata.EUSART_Enable.str1.1
                0x08007dd6       0x50 ./gecko_sdk_4.4.0/platform/emlib/src/em_eusart.o
 .rodata.GPIO_PinOutSet.str1.1
                0x08007e26       0x4e ./gecko_sdk_4.4.0/platform/emlib/src/em_gpio.o
 .rodata.GPIO_ExtIntConfig.str1.1
                0x08007e74       0x4e ./gecko_sdk_4.4.0/platform/emlib/src/em_gpio.o
 .rodata.CSWTCH.31
                0x08007ec2        0x8 ./gecko_sdk_4.4.0/platform/emlib/src/em_gpio.o
 .rodata.IADC_initScan.str1.1
                0x08007eca       0x4e ./gecko_sdk_4.4.0/platform/emlib/src/em_iadc.o
 .rodata.CSWTCH.56
                0x08007f18        0xa ./gecko_sdk_4.4.0/platform/emlib/src/em_iadc.o
 *fill*         0x08007f22        0x2 
 .rodata        0x08007f24       0x18 ./gecko_sdk_4.4.0/platform/emlib/src/em_iadc.o
 .rodata.LDMA_EnableChannelRequest.str1.1
                0x08007f3c       0x9b ./gecko_sdk_4.4.0/platform/emlib/src/em_ldma.o
 *fill*         0x08007fd7        0x1 
 .rodata        0x08007fd8       0x28 ./gecko_sdk_4.4.0/platform/service/device_init/src/sl_device_init_hfxo_s2.o
 .rodata        0x08008000       0x14 ./gecko_sdk_4.4.0/platform/service/device_init/src/sl_device_init_lfxo_s2.o
 .rodata._write.str1.1
                0x08008014       0x6c ./gecko_sdk_4.4.0/platform/service/iostream/src/sl_iostream_retarget_stdio.o
 .rodata.get_write_ptr.str1.1
                0x08008080       0x62 ./gecko_sdk_4.4.0/platform/service/iostream/src/sl_iostream_uart.o
 .rodata._ctype_
                0x080080e2      0x101 c:/siliconlabs/simplicitystudio/v5/developer/toolchains/gnu_arm/12.2.rel1_2023.7/bin/../lib/gcc/arm-none-eabi/12.2.1/thumb/v8-m.main+fp/hard\libc_nano.a(libc_a-ctype_.o)
                0x080080e2                _ctype_
 .rodata._printf_float.str1.1
                0x080081e3       0x12 c:/siliconlabs/simplicitystudio/v5/developer/toolchains/gnu_arm/12.2.rel1_2023.7/bin/../lib/gcc/arm-none-eabi/12.2.1/thumb/v8-m.main+fp/hard\libc_nano.a(libc_a-nano-vfprintf_float.o)
 .rodata._printf_i.str1.1
                0x080081f5       0x22 c:/siliconlabs/simplicitystudio/v5/developer/toolchains/gnu_arm/12.2.rel1_2023.7/bin/../lib/gcc/arm-none-eabi/12.2.1/thumb/v8-m.main+fp/hard\libc_nano.a(libc_a-nano-vfprintf_i.o)
 .rodata._dtoa_r.str1.1
                0x08008217       0x8e c:/siliconlabs/simplicitystudio/v5/developer/toolchains/gnu_arm/12.2.rel1_2023.7/bin/../lib/gcc/arm-none-eabi/12.2.1/thumb/v8-m.main+fp/hard\libc_nano.a(libc_a-dtoa.o)
                                 0x90 (size before relaxing)
 .rodata._Balloc.str1.1
                0x080082a5       0x5a c:/siliconlabs/simplicitystudio/v5/developer/toolchains/gnu_arm/12.2.rel1_2023.7/bin/../lib/gcc/arm-none-eabi/12.2.1/thumb/v8-m.main+fp/hard\libc_nano.a(libc_a-mprec.o)
                                 0x71 (size before relaxing)
 .rodata.__multadd.str1.1
                0x080082ff       0x11 c:/siliconlabs/simplicitystudio/v5/developer/toolchains/gnu_arm/12.2.rel1_2023.7/bin/../lib/gcc/arm-none-eabi/12.2.1/thumb/v8-m.main+fp/hard\libc_nano.a(libc_a-mprec.o)
 *fill*         0x080082ff        0x1 
 .rodata.p05.0  0x08008300        0xc c:/siliconlabs/simplicitystudio/v5/developer/toolchains/gnu_arm/12.2.rel1_2023.7/bin/../lib/gcc/arm-none-eabi/12.2.1/thumb/v8-m.main+fp/hard\libc_nano.a(libc_a-mprec.o)
 *fill*         0x0800830c        0x4 
 .rodata.__mprec_bigtens
                0x08008310       0x28 c:/siliconlabs/simplicitystudio/v5/developer/toolchains/gnu_arm/12.2.rel1_2023.7/bin/../lib/gcc/arm-none-eabi/12.2.1/thumb/v8-m.main+fp/hard\libc_nano.a(libc_a-mprec.o)
                0x08008310                __mprec_bigtens
 .rodata.__mprec_tens
                0x08008338       0xc8 c:/siliconlabs/simplicitystudio/v5/developer/toolchains/gnu_arm/12.2.rel1_2023.7/bin/../lib/gcc/arm-none-eabi/12.2.1/thumb/v8-m.main+fp/hard\libc_nano.a(libc_a-mprec.o)
                0x08008338                __mprec_tens
 .rodata._vfprintf_r.str1.1
                0x08008400       0x11 c:/siliconlabs/simplicitystudio/v5/developer/toolchains/gnu_arm/12.2.rel1_2023.7/bin/../lib/gcc/arm-none-eabi/12.2.1/thumb/v8-m.main+fp/hard\libc_nano.a(libc_a-nano-vfprintf.o)
 .rodata._setlocale_r.str1.1
                0x08008411        0x8 c:/siliconlabs/simplicitystudio/v5/developer/toolchains/gnu_arm/12.2.rel1_2023.7/bin/../lib/gcc/arm-none-eabi/12.2.1/thumb/v8-m.main+fp/hard\libc_nano.a(libc_a-locale.o)
                                  0x9 (size before relaxing)
 .rodata.str1.1
                0x08008419        0x2 c:/siliconlabs/simplicitystudio/v5/developer/toolchains/gnu_arm/12.2.rel1_2023.7/bin/../lib/gcc/arm-none-eabi/12.2.1/thumb/v8-m.main+fp/hard\libc_nano.a(libc_a-locale.o)
 .rodata.__assert_func.str1.1
                0x0800841b       0x3c c:/siliconlabs/simplicitystudio/v5/developer/toolchains/gnu_arm/12.2.rel1_2023.7/bin/../lib/gcc/arm-none-eabi/12.2.1/thumb/v8-m.main+fp/hard\libc_nano.a(libc_a-assert.o)
                                 0x3d (size before relaxing)
 *(.eh_frame*)
 *fill*         0x08008457        0x1 
 .eh_frame      0x08008458        0x0 c:/siliconlabs/simplicitystudio/v5/developer/toolchains/gnu_arm/12.2.rel1_2023.7/bin/../lib/gcc/arm-none-eabi/12.2.1/thumb/v8-m.main+fp/hard/crtbegin.o

.glue_7         0x08008458        0x0
 .glue_7        0x08008458        0x0 linker stubs

.glue_7t        0x08008458        0x0
 .glue_7t       0x08008458        0x0 linker stubs

.vfp11_veneer   0x08008458        0x0
 .vfp11_veneer  0x08008458        0x0 linker stubs

.v4_bx          0x08008458        0x0
 .v4_bx         0x08008458        0x0 linker stubs

.iplt           0x08008458        0x0
 .iplt          0x08008458        0x0 c:/siliconlabs/simplicitystudio/v5/developer/toolchains/gnu_arm/12.2.rel1_2023.7/bin/../lib/gcc/arm-none-eabi/12.2.1/thumb/v8-m.main+fp/hard/crtbegin.o

.ARM.extab
 *(.ARM.extab* .gnu.linkonce.armextab.*)
                0x08008458                __exidx_start = .

.ARM.exidx      0x08008458        0x8
 *(.ARM.exidx* .gnu.linkonce.armexidx.*)
 .ARM.exidx     0x08008458        0x8 c:/siliconlabs/simplicitystudio/v5/developer/toolchains/gnu_arm/12.2.rel1_2023.7/bin/../lib/gcc/arm-none-eabi/12.2.1/thumb/v8-m.main+fp/hard/crt0.o
                                 0x10 (size before relaxing)
                0x08008460                __exidx_end = .

.rel.dyn        0x08008460        0x0
 .rel.iplt      0x08008460        0x0 c:/siliconlabs/simplicitystudio/v5/developer/toolchains/gnu_arm/12.2.rel1_2023.7/bin/../lib/gcc/arm-none-eabi/12.2.1/thumb/v8-m.main+fp/hard/crtbegin.o

.copy.table     0x08008460        0xc
                0x08008460                . = ALIGN (0x4)
                0x08008460                __copy_table_start__ = .
                0x08008460        0x4 LONG 0x800846c __etext
                0x08008464        0x4 LONG 0x20001000 __data_start__
                0x08008468        0x4 LONG 0x7c ((__data_end__ - __data_start__) / 0x4)
                0x0800846c                __copy_table_end__ = .

.zero.table     0x0800846c        0x0
                0x0800846c                . = ALIGN (0x4)
                0x0800846c                __zero_table_start__ = .
                0x0800846c                __zero_table_end__ = .
                0x0800846c                __etext = .
                0x20000000                . = ORIGIN (RAM)

.stack          0x20000000     0x1000
                0x20000000                __StackLimit = .
 *(.stack*)
 .stack         0x20000000     0x1000 ./gecko_sdk_4.4.0/platform/common/toolchain/src/sl_memory.o
                0x20001000                . = ALIGN (0x4)
                0x20001000                __StackTop = .
                0x20001000                PROVIDE (__stack = __StackTop)

.noinit
 *(.noinit*)

.data           0x20001000      0x1f0 load address 0x0800846c
                0x20001000                . = ALIGN (0x4)
                0x20001000                __data_start__ = .
 *(vtable)
 *(SORT_BY_ALIGNMENT(.data*))
 .data.sl_iostream_vcom_handle
                0x20001000        0x4 ./autogen/sl_iostream_init_eusart_instances.o
                0x20001000                sl_iostream_vcom_handle
 .data.SystemCoreClock
                0x20001004        0x4 ./gecko_sdk_4.4.0/platform/Device/SiliconLabs/EFM32PG28/Source/system_efm32pg28.o
                0x20001004                SystemCoreClock
 .data.SystemHFRCODPLLClock
                0x20001008        0x4 ./gecko_sdk_4.4.0/platform/Device/SiliconLabs/EFM32PG28/Source/system_efm32pg28.o
 .data.SystemLFXOClock
                0x2000100c        0x4 ./gecko_sdk_4.4.0/platform/Device/SiliconLabs/EFM32PG28/Source/system_efm32pg28.o
 .data.SystemHFXOClock
                0x20001010        0x4 ./gecko_sdk_4.4.0/platform/Device/SiliconLabs/EFM32PG28/Source/system_efm32pg28.o
 .data.heap_end.0
                0x20001014        0x4 ./gecko_sdk_4.4.0/platform/common/toolchain/src/sl_memory.o
 .data.__sglue  0x20001018        0xc c:/siliconlabs/simplicitystudio/v5/developer/toolchains/gnu_arm/12.2.rel1_2023.7/bin/../lib/gcc/arm-none-eabi/12.2.1/thumb/v8-m.main+fp/hard\libc_nano.a(libc_a-findfp.o)
                0x20001018                __sglue
 .data._impure_ptr
                0x20001024        0x4 c:/siliconlabs/simplicitystudio/v5/developer/toolchains/gnu_arm/12.2.rel1_2023.7/bin/../lib/gcc/arm-none-eabi/12.2.1/thumb/v8-m.main+fp/hard\libc_nano.a(libc_a-impure.o)
                0x20001024                _impure_ptr
 .data._impure_data
                0x20001028       0x4c c:/siliconlabs/simplicitystudio/v5/developer/toolchains/gnu_arm/12.2.rel1_2023.7/bin/../lib/gcc/arm-none-eabi/12.2.1/thumb/v8-m.main+fp/hard\libc_nano.a(libc_a-impure.o)
                0x20001028                _impure_data
 .data.__global_locale
                0x20001074      0x16c c:/siliconlabs/simplicitystudio/v5/developer/toolchains/gnu_arm/12.2.rel1_2023.7/bin/../lib/gcc/arm-none-eabi/12.2.1/thumb/v8-m.main+fp/hard\libc_nano.a(libc_a-locale.o)
                0x20001074                __global_locale
 .data.hfxo_precision
                0x200011e0        0x2 ./gecko_sdk_4.4.0/platform/emlib/src/em_cmu.o
 .data.lfxo_precision
                0x200011e2        0x2 ./gecko_sdk_4.4.0/platform/emlib/src/em_cmu.o
 .data.ctuneDelta
                0x200011e4        0x1 ./gecko_sdk_4.4.0/platform/emlib/src/em_cmu.o
                0x200011e8                . = ALIGN (0x4)
 *fill*         0x200011e5        0x3 
                [!provide]                PROVIDE (__ram_func_section_start = .)
 *(.ram)
                [!provide]                PROVIDE (__ram_func_section_end = .)
                0x200011e8                . = ALIGN (0x4)
                0x200011e8                PROVIDE (__preinit_array_start = .)
 *(.preinit_array)
                0x200011e8                PROVIDE (__preinit_array_end = .)
                0x200011e8                . = ALIGN (0x4)
                0x200011e8                PROVIDE (__init_array_start = .)
 *(SORT_BY_NAME(.init_array.*))
 *(.init_array)
 .init_array    0x200011e8        0x4 c:/siliconlabs/simplicitystudio/v5/developer/toolchains/gnu_arm/12.2.rel1_2023.7/bin/../lib/gcc/arm-none-eabi/12.2.1/thumb/v8-m.main+fp/hard/crtbegin.o
                0x200011ec                PROVIDE (__init_array_end = .)
                0x200011ec                . = ALIGN (0x4)
                [!provide]                PROVIDE (__fini_array_start = .)
 *(SORT_BY_NAME(.fini_array.*))
 *(.fini_array)
 .fini_array    0x200011ec        0x4 c:/siliconlabs/simplicitystudio/v5/developer/toolchains/gnu_arm/12.2.rel1_2023.7/bin/../lib/gcc/arm-none-eabi/12.2.1/thumb/v8-m.main+fp/hard/crtbegin.o
                [!provide]                PROVIDE (__fini_array_end = .)
                0x200011f0                . = ALIGN (0x4)
                0x200011f0                __data_end__ = .

.tm_clone_table
                0x200011f0        0x0 load address 0x0800865c
 .tm_clone_table
                0x200011f0        0x0 c:/siliconlabs/simplicitystudio/v5/developer/toolchains/gnu_arm/12.2.rel1_2023.7/bin/../lib/gcc/arm-none-eabi/12.2.1/thumb/v8-m.main+fp/hard/crtbegin.o
 .tm_clone_table
                0x200011f0        0x0 c:/siliconlabs/simplicitystudio/v5/developer/toolchains/gnu_arm/12.2.rel1_2023.7/bin/../lib/gcc/arm-none-eabi/12.2.1/thumb/v8-m.main+fp/hard/crtend.o

.igot.plt       0x200011f0        0x0 load address 0x0800865c
 .igot.plt      0x200011f0        0x0 c:/siliconlabs/simplicitystudio/v5/developer/toolchains/gnu_arm/12.2.rel1_2023.7/bin/../lib/gcc/arm-none-eabi/12.2.1/thumb/v8-m.main+fp/hard/crtbegin.o

.bss            0x200011f0     0x4390 load address 0x0800865c
                0x200011f0                . = ALIGN (0x4)
                0x200011f0                __bss_start__ = .
 *(SORT_BY_ALIGNMENT(.bss*))
 .bss.object.0  0x200011f0       0x18 c:/siliconlabs/simplicitystudio/v5/developer/toolchains/gnu_arm/12.2.rel1_2023.7/bin/../lib/gcc/arm-none-eabi/12.2.1/thumb/v8-m.main+fp/hard/crtbegin.o
 .bss.count     0x20001208        0x4 ./app.o
                0x20001208                count
 .bss.singleBuffer
                0x2000120c     0x2000 ./app.o
                0x2000120c                singleBuffer
 .bss.j         0x2000320c        0x4 ./app_iostream_usart.o
                0x2000320c                j
 .bss.adcbuffer
                0x20003210     0x2000 ./app_iostream_usart.o
                0x20003210                adcbuffer
 .bss.context_vcom
                0x20005210       0x64 ./autogen/sl_iostream_init_eusart_instances.o
 .bss.sl_iostream_vcom
                0x20005274       0x18 ./autogen/sl_iostream_init_eusart_instances.o
 .bss.dmaXfer   0x2000528c      0x100 ./gecko_sdk_4.4.0/platform/emdrv/dmadrv/src/dmadrv.o
 .bss.chTable   0x2000538c       0x80 ./gecko_sdk_4.4.0/platform/emdrv/dmadrv/src/dmadrv.o
 .bss.sli_iostream_default
                0x2000540c        0x4 ./gecko_sdk_4.4.0/platform/service/iostream/src/sl_iostream.o
 .bss.__sf      0x20005410      0x138 c:/siliconlabs/simplicitystudio/v5/developer/toolchains/gnu_arm/12.2.rel1_2023.7/bin/../lib/gcc/arm-none-eabi/12.2.1/thumb/v8-m.main+fp/hard\libc_nano.a(libc_a-findfp.o)
                0x20005410                __sf
 .bss.__stdio_exit_handler
                0x20005548        0x4 c:/siliconlabs/simplicitystudio/v5/developer/toolchains/gnu_arm/12.2.rel1_2023.7/bin/../lib/gcc/arm-none-eabi/12.2.1/thumb/v8-m.main+fp/hard\libc_nano.a(libc_a-findfp.o)
                0x20005548                __stdio_exit_handler
 .bss.errno     0x2000554c        0x4 c:/siliconlabs/simplicitystudio/v5/developer/toolchains/gnu_arm/12.2.rel1_2023.7/bin/../lib/gcc/arm-none-eabi/12.2.1/thumb/v8-m.main+fp/hard\libc_nano.a(libc_a-reent.o)
                0x2000554c                errno
 .bss.__malloc_sbrk_start
                0x20005550        0x4 c:/siliconlabs/simplicitystudio/v5/developer/toolchains/gnu_arm/12.2.rel1_2023.7/bin/../lib/gcc/arm-none-eabi/12.2.1/thumb/v8-m.main+fp/hard\libc_nano.a(libc_a-mallocr.o)
                0x20005550                __malloc_sbrk_start
 .bss.__malloc_free_list
                0x20005554        0x4 c:/siliconlabs/simplicitystudio/v5/developer/toolchains/gnu_arm/12.2.rel1_2023.7/bin/../lib/gcc/arm-none-eabi/12.2.1/thumb/v8-m.main+fp/hard\libc_nano.a(libc_a-mallocr.o)
                0x20005554                __malloc_free_list
 .bss.completed.1
                0x20005558        0x1 c:/siliconlabs/simplicitystudio/v5/developer/toolchains/gnu_arm/12.2.rel1_2023.7/bin/../lib/gcc/arm-none-eabi/12.2.1/thumb/v8-m.main+fp/hard/crtbegin.o
 .bss.rx_buffer_vcom
                0x20005559       0x20 ./autogen/sl_iostream_init_eusart_instances.o
 .bss.initialized
                0x20005579        0x1 ./gecko_sdk_4.4.0/platform/emdrv/dmadrv/src/dmadrv.o
 .bss.vScaleEM01Config
                0x2000557a        0x1 ./gecko_sdk_4.4.0/platform/emlib/src/em_emu.o
 .bss.__lock___malloc_recursive_mutex
                0x2000557b        0x1 c:/siliconlabs/simplicitystudio/v5/developer/toolchains/gnu_arm/12.2.rel1_2023.7/bin/../lib/gcc/arm-none-eabi/12.2.1/thumb/v8-m.main+fp/hard\libc_nano.a(libc_a-lock.o)
                0x2000557b                __lock___malloc_recursive_mutex
 .bss.__lock___sfp_recursive_mutex
                0x2000557c        0x1 c:/siliconlabs/simplicitystudio/v5/developer/toolchains/gnu_arm/12.2.rel1_2023.7/bin/../lib/gcc/arm-none-eabi/12.2.1/thumb/v8-m.main+fp/hard\libc_nano.a(libc_a-lock.o)
                0x2000557c                __lock___sfp_recursive_mutex
 *(COMMON)
                0x20005580                . = ALIGN (0x4)
 *fill*         0x2000557d        0x3 
                0x20005580                __bss_end__ = .
                0x20005580                __ramfuncs_start__ = .
                0x20005580                __vma_ramfuncs_start__ = .
                0x0800865c                __lma_ramfuncs_start__ = (__etext + SIZEOF (.data))
                0x00000000                __text_application_ram_offset__ = (. - __vma_ramfuncs_start__)

text_application_ram
                0x20005580        0x0 load address 0x0800865c
                0x20005580                . = ALIGN (0x4)
                0x20005580                __text_application_ram_start__ = .
 *(text_application_ram)
                0x20005580                . = ALIGN (0x4)
                0x20005580                __text_application_ram_end__ = .
                0x20005580                . = ALIGN (0x4)
                0x20005580                __vma_ramfuncs_end__ = .
                0x0800865c                __lma_ramfuncs_end__ = ((__lma_ramfuncs_start__ + __text_application_ram_offset__) + SIZEOF (text_application_ram))
                0x20005580                __ramfuncs_end__ = .

.heap           0x20005580      0x800
                0x20005580                __HeapBase = .
                0x20005580                __end__ = .
                0x20005580                end = __end__
                0x20005580                _end = __end__
 *(.heap*)
 .heap          0x20005580      0x800 ./gecko_sdk_4.4.0/platform/common/toolchain/src/sl_memory.o
                0x20040000                __HeapLimit = (ORIGIN (RAM) + LENGTH (RAM))
                0x0003aa80                __heap_size = (__HeapLimit - __HeapBase)
                0x20040000                __ram_end__ = 0x20040000
                0x080fe000                __main_flash_end__ = 0x80fe000

.internal_storage
 *(.internal_storage*)

.nvm
 *(.simee*)
                0x080fe000                linker_nvm_end = __main_flash_end__
                0x080fe000                linker_nvm_begin = (linker_nvm_end - SIZEOF (.nvm))
                0x00000000                linker_nvm_size = SIZEOF (.nvm)
                0x080fe000                linker_storage_end = linker_nvm_begin
                0x080fe000                __nvm3Base = linker_nvm_begin
                0x080fe000                linker_storage_begin = (linker_storage_end - SIZEOF (.internal_storage))
                0x00000000                linker_storage_size = SIZEOF (.internal_storage)
                0x00000001                ASSERT ((linker_storage_begin >= (__etext + SIZEOF (.data))), FLASH memory overflowed !)
                0x080fe000                app_flash_end = 0x80fe000
                0x00000001                ASSERT (((linker_nvm_begin + SIZEOF (.nvm)) <= app_flash_end), NVM3 is excessing the flash size !)
OUTPUT(differential.axf elf32-littlearm)
LOAD linker stubs

.ARM.attributes
                0x00000000       0x36
 .ARM.attributes
                0x00000000       0x26 c:/siliconlabs/simplicitystudio/v5/developer/toolchains/gnu_arm/12.2.rel1_2023.7/bin/../lib/gcc/arm-none-eabi/12.2.1/thumb/v8-m.main+fp/hard/crti.o
 .ARM.attributes
                0x00000026       0x38 c:/siliconlabs/simplicitystudio/v5/developer/toolchains/gnu_arm/12.2.rel1_2023.7/bin/../lib/gcc/arm-none-eabi/12.2.1/thumb/v8-m.main+fp/hard/crtbegin.o
 .ARM.attributes
                0x0000005e       0x24 c:/siliconlabs/simplicitystudio/v5/developer/toolchains/gnu_arm/12.2.rel1_2023.7/bin/../lib/gcc/arm-none-eabi/12.2.1/thumb/v8-m.main+fp/hard/crt0.o
 .ARM.attributes
                0x00000082       0x3a ./app.o
 .ARM.attributes
                0x000000bc       0x3a ./app_iostream_usart.o
 .ARM.attributes
                0x000000f6       0x3a ./main.o
 .ARM.attributes
                0x00000130       0x3a ./autogen/sl_board_default_init.o
 .ARM.attributes
                0x0000016a       0x3a ./autogen/sl_device_init_clocks.o
 .ARM.attributes
                0x000001a4       0x3a ./autogen/sl_event_handler.o
 .ARM.attributes
                0x000001de       0x3a ./autogen/sl_iostream_init_eusart_instances.o
 .ARM.attributes
                0x00000218       0x3a ./gecko_sdk_4.4.0/hardware/board/src/sl_board_control_gpio.o
 .ARM.attributes
                0x00000252       0x3a ./gecko_sdk_4.4.0/hardware/board/src/sl_board_init.o
 .ARM.attributes
                0x0000028c       0x3a ./gecko_sdk_4.4.0/hardware/driver/configuration_over_swo/src/sl_cos.o
 .ARM.attributes
                0x000002c6       0x3a ./gecko_sdk_4.4.0/platform/Device/SiliconLabs/EFM32PG28/Source/startup_efm32pg28.o
 .ARM.attributes
                0x00000300       0x3a ./gecko_sdk_4.4.0/platform/Device/SiliconLabs/EFM32PG28/Source/system_efm32pg28.o
 .ARM.attributes
                0x0000033a       0x3a ./gecko_sdk_4.4.0/platform/common/src/sl_assert.o
 .ARM.attributes
                0x00000374       0x3a ./gecko_sdk_4.4.0/platform/common/toolchain/src/sl_memory.o
 .ARM.attributes
                0x000003ae       0x3a ./gecko_sdk_4.4.0/platform/driver/debug/src/sl_debug_swo.o
 .ARM.attributes
                0x000003e8       0x3a ./gecko_sdk_4.4.0/platform/emdrv/dmadrv/src/dmadrv.o
 .ARM.attributes
                0x00000422       0x3a ./gecko_sdk_4.4.0/platform/emlib/src/em_cmu.o
 .ARM.attributes
                0x0000045c       0x3a ./gecko_sdk_4.4.0/platform/emlib/src/em_core.o
 .ARM.attributes
                0x00000496       0x3a ./gecko_sdk_4.4.0/platform/emlib/src/em_emu.o
 .ARM.attributes
                0x000004d0       0x3a ./gecko_sdk_4.4.0/platform/emlib/src/em_eusart.o
 .ARM.attributes
                0x0000050a       0x3a ./gecko_sdk_4.4.0/platform/emlib/src/em_gpio.o
 .ARM.attributes
                0x00000544       0x3a ./gecko_sdk_4.4.0/platform/emlib/src/em_iadc.o
 .ARM.attributes
                0x0000057e       0x3a ./gecko_sdk_4.4.0/platform/emlib/src/em_ldma.o
 .ARM.attributes
                0x000005b8       0x3a ./gecko_sdk_4.4.0/platform/emlib/src/em_system.o
 .ARM.attributes
                0x000005f2       0x3a ./gecko_sdk_4.4.0/platform/service/device_init/src/sl_device_init_dcdc_s2.o
 .ARM.attributes
                0x0000062c       0x3a ./gecko_sdk_4.4.0/platform/service/device_init/src/sl_device_init_emu_s2.o
 .ARM.attributes
                0x00000666       0x3a ./gecko_sdk_4.4.0/platform/service/device_init/src/sl_device_init_hfxo_s2.o
 .ARM.attributes
                0x000006a0       0x3a ./gecko_sdk_4.4.0/platform/service/device_init/src/sl_device_init_lfxo_s2.o
 .ARM.attributes
                0x000006da       0x3a ./gecko_sdk_4.4.0/platform/service/device_init/src/sl_device_init_nvic.o
 .ARM.attributes
                0x00000714       0x3a ./gecko_sdk_4.4.0/platform/service/iostream/src/sl_iostream.o
 .ARM.attributes
                0x0000074e       0x3a ./gecko_sdk_4.4.0/platform/service/iostream/src/sl_iostream_eusart.o
 .ARM.attributes
                0x00000788       0x3a ./gecko_sdk_4.4.0/platform/service/iostream/src/sl_iostream_retarget_stdio.o
 .ARM.attributes
                0x000007c2       0x3a ./gecko_sdk_4.4.0/platform/service/iostream/src/sl_iostream_uart.o
 .ARM.attributes
                0x000007fc       0x3a ./gecko_sdk_4.4.0/platform/service/system/src/sl_system_init.o
 .ARM.attributes
                0x00000836       0x3a ./gecko_sdk_4.4.0/platform/service/system/src/sl_system_process_action.o
 .ARM.attributes
                0x00000870       0x26 c:/siliconlabs/simplicitystudio/v5/developer/toolchains/gnu_arm/12.2.rel1_2023.7/bin/../lib/gcc/arm-none-eabi/12.2.1/thumb/v8-m.main+fp/hard\libgcc.a(_arm_addsubdf3.o)
 .ARM.attributes
                0x00000896       0x26 c:/siliconlabs/simplicitystudio/v5/developer/toolchains/gnu_arm/12.2.rel1_2023.7/bin/../lib/gcc/arm-none-eabi/12.2.1/thumb/v8-m.main+fp/hard\libgcc.a(_arm_muldivdf3.o)
 .ARM.attributes
                0x000008bc       0x38 c:/siliconlabs/simplicitystudio/v5/developer/toolchains/gnu_arm/12.2.rel1_2023.7/bin/../lib/gcc/arm-none-eabi/12.2.1/thumb/v8-m.main+fp/hard\libc_nano.a(libc_a-exit.o)
 .ARM.attributes
                0x000008f4       0x38 c:/siliconlabs/simplicitystudio/v5/developer/toolchains/gnu_arm/12.2.rel1_2023.7/bin/../lib/gcc/arm-none-eabi/12.2.1/thumb/v8-m.main+fp/hard\libc_nano.a(libc_a-ctype_.o)
 .ARM.attributes
                0x0000092c       0x38 c:/siliconlabs/simplicitystudio/v5/developer/toolchains/gnu_arm/12.2.rel1_2023.7/bin/../lib/gcc/arm-none-eabi/12.2.1/thumb/v8-m.main+fp/hard\libc_nano.a(libc_a-nano-vfprintf_float.o)
 .ARM.attributes
                0x00000964       0x38 c:/siliconlabs/simplicitystudio/v5/developer/toolchains/gnu_arm/12.2.rel1_2023.7/bin/../lib/gcc/arm-none-eabi/12.2.1/thumb/v8-m.main+fp/hard\libc_nano.a(libc_a-nano-vfprintf_i.o)
 .ARM.attributes
                0x0000099c       0x38 c:/siliconlabs/simplicitystudio/v5/developer/toolchains/gnu_arm/12.2.rel1_2023.7/bin/../lib/gcc/arm-none-eabi/12.2.1/thumb/v8-m.main+fp/hard\libc_nano.a(libc_a-findfp.o)
 .ARM.attributes
                0x000009d4       0x38 c:/siliconlabs/simplicitystudio/v5/developer/toolchains/gnu_arm/12.2.rel1_2023.7/bin/../lib/gcc/arm-none-eabi/12.2.1/thumb/v8-m.main+fp/hard\libc_nano.a(libc_a-fwalk.o)
 .ARM.attributes
                0x00000a0c       0x38 c:/siliconlabs/simplicitystudio/v5/developer/toolchains/gnu_arm/12.2.rel1_2023.7/bin/../lib/gcc/arm-none-eabi/12.2.1/thumb/v8-m.main+fp/hard\libc_nano.a(libc_a-printf.o)
 .ARM.attributes
                0x00000a44       0x38 c:/siliconlabs/simplicitystudio/v5/developer/toolchains/gnu_arm/12.2.rel1_2023.7/bin/../lib/gcc/arm-none-eabi/12.2.1/thumb/v8-m.main+fp/hard\libc_nano.a(libc_a-puts.o)
 .ARM.attributes
                0x00000a7c       0x38 c:/siliconlabs/simplicitystudio/v5/developer/toolchains/gnu_arm/12.2.rel1_2023.7/bin/../lib/gcc/arm-none-eabi/12.2.1/thumb/v8-m.main+fp/hard\libc_nano.a(libc_a-setvbuf.o)
 .ARM.attributes
                0x00000ab4       0x38 c:/siliconlabs/simplicitystudio/v5/developer/toolchains/gnu_arm/12.2.rel1_2023.7/bin/../lib/gcc/arm-none-eabi/12.2.1/thumb/v8-m.main+fp/hard\libc_nano.a(libc_a-stdio.o)
 .ARM.attributes
                0x00000aec       0x38 c:/siliconlabs/simplicitystudio/v5/developer/toolchains/gnu_arm/12.2.rel1_2023.7/bin/../lib/gcc/arm-none-eabi/12.2.1/thumb/v8-m.main+fp/hard\libc_nano.a(libc_a-wbuf.o)
 .ARM.attributes
                0x00000b24       0x38 c:/siliconlabs/simplicitystudio/v5/developer/toolchains/gnu_arm/12.2.rel1_2023.7/bin/../lib/gcc/arm-none-eabi/12.2.1/thumb/v8-m.main+fp/hard\libc_nano.a(libc_a-wsetup.o)
 .ARM.attributes
                0x00000b5c       0x38 c:/siliconlabs/simplicitystudio/v5/developer/toolchains/gnu_arm/12.2.rel1_2023.7/bin/../lib/gcc/arm-none-eabi/12.2.1/thumb/v8-m.main+fp/hard\libc_nano.a(libc_a-memset.o)
 .ARM.attributes