Archive member included to satisfy reference by file (symbol)

c:/siliconlabs/simplicitystudio/v5/developer/toolchains/gnu_arm/12.2.rel1_2023.7/bin/../lib/gcc/arm-none-eabi/12.2.1/thumb/v8-m.main+fp/hard\libgcc.a(_arm_muldf3.o)
                              ./app_peripherals.o (__aeabi_dmul)
c:/siliconlabs/simplicitystudio/v5/developer/toolchains/gnu_arm/12.2.rel1_2023.7/bin/../lib/gcc/arm-none-eabi/12.2.1/thumb/v8-m.main+fp/hard\libgcc.a(_arm_addsubdf3.o)
                              ./app_peripherals.o (__aeabi_i2d)
c:/siliconlabs/simplicitystudio/v5/developer/toolchains/gnu_arm/12.2.rel1_2023.7/bin/../lib/gcc/arm-none-eabi/12.2.1/thumb/v8-m.main+fp/hard\libgcc.a(_arm_muldivdf3.o)
                              ./app_peripherals.o (__aeabi_ddiv)
c:/siliconlabs/simplicitystudio/v5/developer/toolchains/gnu_arm/12.2.rel1_2023.7/bin/../lib/gcc/arm-none-eabi/12.2.1/thumb/v8-m.main+fp/hard\libgcc.a(_aeabi_ldivmod.o)
                              ./gecko_sdk_4.4.1/platform/emlib/src/em_usart.o (__aeabi_ldivmod)
c:/siliconlabs/simplicitystudio/v5/developer/toolchains/gnu_arm/12.2.rel1_2023.7/bin/../lib/gcc/arm-none-eabi/12.2.1/thumb/v8-m.main+fp/hard\libgcc.a(_aeabi_uldivmod.o)
                              ./gecko_sdk_4.4.1/platform/emlib/src/em_usart.o (__aeabi_uldivmod)
c:/siliconlabs/simplicitystudio/v5/developer/toolchains/gnu_arm/12.2.rel1_2023.7/bin/../lib/gcc/arm-none-eabi/12.2.1/thumb/v8-m.main+fp/hard\libgcc.a(_udivmoddi4.o)
                              c:/siliconlabs/simplicitystudio/v5/developer/toolchains/gnu_arm/12.2.rel1_2023.7/bin/../lib/gcc/arm-none-eabi/12.2.1/thumb/v8-m.main+fp/hard\libgcc.a(_aeabi_ldivmod.o) (__udivmoddi4)
c:/siliconlabs/simplicitystudio/v5/developer/toolchains/gnu_arm/12.2.rel1_2023.7/bin/../lib/gcc/arm-none-eabi/12.2.1/thumb/v8-m.main+fp/hard\libgcc.a(_dvmd_tls.o)
                              c:/siliconlabs/simplicitystudio/v5/developer/toolchains/gnu_arm/12.2.rel1_2023.7/bin/../lib/gcc/arm-none-eabi/12.2.1/thumb/v8-m.main+fp/hard\libgcc.a(_aeabi_ldivmod.o) (__aeabi_ldiv0)
c:/siliconlabs/simplicitystudio/v5/developer/toolchains/gnu_arm/12.2.rel1_2023.7/bin/../lib/gcc/arm-none-eabi/12.2.1/thumb/v8-m.main+fp/hard\libc_nano.a(libc_a-exit.o)
                              c:/siliconlabs/simplicitystudio/v5/developer/toolchains/gnu_arm/12.2.rel1_2023.7/bin/../lib/gcc/arm-none-eabi/12.2.1/thumb/v8-m.main+fp/hard/crt0.o (exit)
c:/siliconlabs/simplicitystudio/v5/developer/toolchains/gnu_arm/12.2.rel1_2023.7/bin/../lib/gcc/arm-none-eabi/12.2.1/thumb/v8-m.main+fp/hard\libc_nano.a(libc_a-ctype_.o)
                              ./gecko_sdk_4.4.1/platform/common/src/sl_string.o (_ctype_)
c:/siliconlabs/simplicitystudio/v5/developer/toolchains/gnu_arm/12.2.rel1_2023.7/bin/../lib/gcc/arm-none-eabi/12.2.1/thumb/v8-m.main+fp/hard\libc_nano.a(libc_a-nano-vfprintf_float.o)
                              (_printf_float)
c:/siliconlabs/simplicitystudio/v5/developer/toolchains/gnu_arm/12.2.rel1_2023.7/bin/../lib/gcc/arm-none-eabi/12.2.1/thumb/v8-m.main+fp/hard\libc_nano.a(libc_a-nano-vfprintf_i.o)
                              c:/siliconlabs/simplicitystudio/v5/developer/toolchains/gnu_arm/12.2.rel1_2023.7/bin/../lib/gcc/arm-none-eabi/12.2.1/thumb/v8-m.main+fp/hard\libc_nano.a(libc_a-nano-vfprintf_float.o) (_printf_common)
c:/siliconlabs/simplicitystudio/v5/developer/toolchains/gnu_arm/12.2.rel1_2023.7/bin/../lib/gcc/arm-none-eabi/12.2.1/thumb/v8-m.main+fp/hard\libc_nano.a(libc_a-findfp.o)
                              c:/siliconlabs/simplicitystudio/v5/developer/toolchains/gnu_arm/12.2.rel1_2023.7/bin/../lib/gcc/arm-none-eabi/12.2.1/thumb/v8-m.main+fp/hard\libc_nano.a(libc_a-exit.o) (__stdio_exit_handler)
c:/siliconlabs/simplicitystudio/v5/developer/toolchains/gnu_arm/12.2.rel1_2023.7/bin/../lib/gcc/arm-none-eabi/12.2.1/thumb/v8-m.main+fp/hard\libc_nano.a(libc_a-fwalk.o)
                              c:/siliconlabs/simplicitystudio/v5/developer/toolchains/gnu_arm/12.2.rel1_2023.7/bin/../lib/gcc/arm-none-eabi/12.2.1/thumb/v8-m.main+fp/hard\libc_nano.a(libc_a-findfp.o) (_fwalk_sglue)
c:/siliconlabs/simplicitystudio/v5/developer/toolchains/gnu_arm/12.2.rel1_2023.7/bin/../lib/gcc/arm-none-eabi/12.2.1/thumb/v8-m.main+fp/hard\libc_nano.a(libc_a-printf.o)
                              ./app.o (printf)
c:/siliconlabs/simplicitystudio/v5/developer/toolchains/gnu_arm/12.2.rel1_2023.7/bin/../lib/gcc/arm-none-eabi/12.2.1/thumb/v8-m.main+fp/hard\libc_nano.a(libc_a-puts.o)
                              ./app.o (puts)
c:/siliconlabs/simplicitystudio/v5/developer/toolchains/gnu_arm/12.2.rel1_2023.7/bin/../lib/gcc/arm-none-eabi/12.2.1/thumb/v8-m.main+fp/hard\libc_nano.a(libc_a-setvbuf.o)
                              ./app_peripherals.o (setvbuf)
c:/siliconlabs/simplicitystudio/v5/developer/toolchains/gnu_arm/12.2.rel1_2023.7/bin/../lib/gcc/arm-none-eabi/12.2.1/thumb/v8-m.main+fp/hard\libc_nano.a(libc_a-stdio.o)
[...]
Memory Configuration

Name             Origin             Length             Attributes
FLASH            0x08000000         0x000fe000         xr
RAM              0x20000000         0x00040000         xrw
*default*        0x00000000         0xffffffff

Linker script and memory map

LOAD c:/siliconlabs/simplicitystudio/v5/developer/toolchains/gnu_arm/12.2.rel1_2023.7/bin/../lib/gcc/arm-none-eabi/12.2.1/thumb/v8-m.main+fp/hard/crti.o
LOAD c:/siliconlabs/simplicitystudio/v5/developer/toolchains/gnu_arm/12.2.rel1_2023.7/bin/../lib/gcc/arm-none-eabi/12.2.1/thumb/v8-m.main+fp/hard/crtbegin.o
LOAD c:/siliconlabs/simplicitystudio/v5/developer/toolchains/gnu_arm/12.2.rel1_2023.7/bin/../lib/gcc/arm-none-eabi/12.2.1/thumb/v8-m.main+fp/hard/crt0.o
START GROUP
LOAD ./app.o
LOAD ./app_peripherals.o
LOAD ./bsp_trace.o
LOAD ./main.o
LOAD ./autogen/sl_board_default_init.o
LOAD ./autogen/sl_device_init_clocks.o
LOAD ./autogen/sl_event_handler.o
LOAD ./autogen/sl_iostream_handles.o
LOAD ./autogen/sl_iostream_init_usart_instances.o
LOAD ./gecko_sdk_4.4.1/hardware/board/src/sl_board_control_gpio.o
LOAD ./gecko_sdk_4.4.1/hardware/board/src/sl_board_init.o
LOAD ./gecko_sdk_4.4.1/hardware/driver/configuration_over_swo/src/sl_cos.o
LOAD ./gecko_sdk_4.4.1/platform/Device/SiliconLabs/EFM32PG28/Source/startup_efm32pg28.o
LOAD ./gecko_sdk_4.4.1/platform/Device/SiliconLabs/EFM32PG28/Source/system_efm32pg28.o
LOAD ./gecko_sdk_4.4.1/platform/common/src/sl_assert.o
LOAD ./gecko_sdk_4.4.1/platform/common/src/sl_string.o
LOAD ./gecko_sdk_4.4.1/platform/common/src/sl_syscalls.o
LOAD ./gecko_sdk_4.4.1/platform/common/toolchain/src/sl_memory.o
LOAD ./gecko_sdk_4.4.1/platform/driver/debug/src/sl_debug_swo.o
LOAD ./gecko_sdk_4.4.1/platform/emdrv/dmadrv/src/dmadrv.o
LOAD ./gecko_sdk_4.4.1/platform/emlib/src/em_cmu.o
LOAD ./gecko_sdk_4.4.1/platform/emlib/src/em_core.o
LOAD ./gecko_sdk_4.4.1/platform/emlib/src/em_emu.o
LOAD ./gecko_sdk_4.4.1/platform/emlib/src/em_gpio.o
LOAD ./gecko_sdk_4.4.1/platform/emlib/src/em_iadc.o
LOAD ./gecko_sdk_4.4.1/platform/emlib/src/em_ldma.o
LOAD ./gecko_sdk_4.4.1/platform/emlib/src/em_msc.o
LOAD ./gecko_sdk_4.4.1/platform/emlib/src/em_system.o
LOAD ./gecko_sdk_4.4.1/platform/emlib/src/em_usart.o
LOAD ./gecko_sdk_4.4.1/platform/service/device_init/src/sl_device_init_dcdc_s2.o
LOAD ./gecko_sdk_4.4.1/platform/service/device_init/src/sl_device_init_emu_s2.o
LOAD ./gecko_sdk_4.4.1/platform/service/device_init/src/sl_device_init_hfxo_s2.o
LOAD ./gecko_sdk_4.4.1/platform/service/device_init/src/sl_device_init_lfxo_s2.o
LOAD ./gecko_sdk_4.4.1/platform/service/device_init/src/sl_device_init_nvic.o
LOAD ./gecko_sdk_4.4.1/platform/service/iostream/src/sl_iostream.o
LOAD ./gecko_sdk_4.4.1/platform/service/iostream/src/sl_iostream_retarget_stdio.o
LOAD ./gecko_sdk_4.4.1/platform/service/iostream/src/sl_iostream_uart.o
LOAD ./gecko_sdk_4.4.1/platform/service/iostream/src/sl_iostream_usart.o
LOAD ./gecko_sdk_4.4.1/platform/service/system/src/sl_system_init.o
LOAD ./gecko_sdk_4.4.1/platform/service/system/src/sl_system_process_action.o
LOAD c:/siliconlabs/simplicitystudio/v5/developer/toolchains/gnu_arm/12.2.rel1_2023.7/bin/../lib/gcc/arm-none-eabi/12.2.1/thumb/v8-m.main+fp/hard\libgcc.a
LOAD c:/siliconlabs/simplicitystudio/v5/developer/toolchains/gnu_arm/12.2.rel1_2023.7/bin/../lib/gcc/arm-none-eabi/12.2.1/thumb/v8-m.main+fp/hard\libc_nano.a
LOAD c:/siliconlabs/simplicitystudio/v5/developer/toolchains/gnu_arm/12.2.rel1_2023.7/bin/../lib/gcc/arm-none-eabi/12.2.1/thumb/v8-m.main+fp/hard\libm.a
LOAD c:/siliconlabs/simplicitystudio/v5/developer/toolchains/gnu_arm/12.2.rel1_2023.7/bin/../lib/gcc/arm-none-eabi/12.2.1/thumb/v8-m.main+fp/hard\libnosys.a
END GROUP
START GROUP
LOAD c:/siliconlabs/simplicitystudio/v5/developer/toolchains/gnu_arm/12.2.rel1_2023.7/bin/../lib/gcc/arm-none-eabi/12.2.1/thumb/v8-m.main+fp/hard\libgcc.a
LOAD c:/siliconlabs/simplicitystudio/v5/developer/toolchains/gnu_arm/12.2.rel1_2023.7/bin/../lib/gcc/arm-none-eabi/12.2.1/thumb/v8-m.main+fp/hard\libc_nano.a
LOAD c:/siliconlabs/simplicitystudio/v5/developer/toolchains/gnu_arm/12.2.rel1_2023.7/bin/../lib/gcc/arm-none-eabi/12.2.1/thumb/v8-m.main+fp/hard\libnosys.a
END GROUP
START GROUP
LOAD c:/siliconlabs/simplicitystudio/v5/developer/toolchains/gnu_arm/12.2.rel1_2023.7/bin/../lib/gcc/arm-none-eabi/12.2.1/thumb/v8-m.main+fp/hard\libgcc.a
LOAD c:/siliconlabs/simplicitystudio/v5/developer/toolchains/gnu_arm/12.2.rel1_2023.7/bin/../lib/gcc/arm-none-eabi/12.2.1/thumb/v8-m.main+fp/hard\libg_nano.a
LOAD c:/siliconlabs/simplicitystudio/v5/developer/toolchains/gnu_arm/12.2.rel1_2023.7/bin/../lib/gcc/arm-none-eabi/12.2.1/thumb/v8-m.main+fp/hard\libc_nano.a
END GROUP
START GROUP
LOAD c:/siliconlabs/simplicitystudio/v5/developer/toolchains/gnu_arm/12.2.rel1_2023.7/bin/../lib/gcc/arm-none-eabi/12.2.1/thumb/v8-m.main+fp/hard\libgcc.a
LOAD c:/siliconlabs/simplicitystudio/v5/developer/toolchains/gnu_arm/12.2.rel1_2023.7/bin/../lib/gcc/arm-none-eabi/12.2.1/thumb/v8-m.main+fp/hard\libc_nano.a
END GROUP
LOAD c:/siliconlabs/simplicitystudio/v5/developer/toolchains/gnu_arm/12.2.rel1_2023.7/bin/../lib/gcc/arm-none-eabi/12.2.1/thumb/v8-m.main+fp/hard/crtend.o
LOAD c:/siliconlabs/simplicitystudio/v5/developer/toolchains/gnu_arm/12.2.rel1_2023.7/bin/../lib/gcc/arm-none-eabi/12.2.1/thumb/v8-m.main+fp/hard/crtn.o

.text           0x08000000     0x8978
                0x08000000                linker_vectors_begin = .
 *(.vectors)
 .vectors       0x08000000      0x17c ./gecko_sdk_4.4.1/platform/Device/SiliconLabs/EFM32PG28/Source/startup_efm32pg28.o
                0x08000000                __Vectors
                0x0800017c                linker_vectors_end = .
                0x0800017c                __Vectors_End = .
                0x0800017c                __Vectors_Size = (__Vectors_End - __Vectors)
                0x0800017c                linker_code_begin = .
 *(SORT_BY_ALIGNMENT(.text*))
 *fill*         0x0800017c        0x4 
 .text._dtoa_r  0x08000180      0xc54 c:/siliconlabs/simplicitystudio/v5/developer/toolchains/gnu_arm/12.2.rel1_2023.7/bin/../lib/gcc/arm-none-eabi/12.2.1/thumb/v8-m.main+fp/hard\libc_nano.a(libc_a-dtoa.o)
                0x08000180                _dtoa_r
 .text.deregister_tm_clones
                0x08000dd4       0x1c c:/siliconlabs/simplicitystudio/v5/developer/toolchains/gnu_arm/12.2.rel1_2023.7/bin/../lib/gcc/arm-none-eabi/12.2.1/thumb/v8-m.main+fp/hard/crtbegin.o
 .text.register_tm_clones
                0x08000df0       0x28 c:/siliconlabs/simplicitystudio/v5/developer/toolchains/gnu_arm/12.2.rel1_2023.7/bin/../lib/gcc/arm-none-eabi/12.2.1/thumb/v8-m.main+fp/hard/crtbegin.o
 .text.__do_global_dtors_aux
                0x08000e18       0x28 c:/siliconlabs/simplicitystudio/v5/developer/toolchains/gnu_arm/12.2.rel1_2023.7/bin/../lib/gcc/arm-none-eabi/12.2.1/thumb/v8-m.main+fp/hard/crtbegin.o
 .text.frame_dummy
                0x08000e40       0x24 c:/siliconlabs/simplicitystudio/v5/developer/toolchains/gnu_arm/12.2.rel1_2023.7/bin/../lib/gcc/arm-none-eabi/12.2.1/thumb/v8-m.main+fp/hard/crtbegin.o
 .text          0x08000e64       0x7c c:/siliconlabs/simplicitystudio/v5/developer/toolchains/gnu_arm/12.2.rel1_2023.7/bin/../lib/gcc/arm-none-eabi/12.2.1/thumb/v8-m.main+fp/hard/crt0.o
                0x08000e64                _stack_init
                0x08000e6c                _start
                0x08000e6c                _mainCRTStartup
 .text.app_init
                0x08000ee0       0x30 ./app.o
                0x08000ee0                app_init
 .text.addcount
                0x08000f10       0x64 ./app.o
                0x08000f10                addcount
 .text.app_process_action
                0x08000f74      0x1b8 ./app.o
                0x08000f74                app_process_action
 .text.initGPIO
                0x0800112c       0x28 ./app_peripherals.o
                0x0800112c                initGPIO
 .text.IADCRescale
                0x08001154       0x34 ./app_peripherals.o
                0x08001154                IADCRescale
 .text.initIADC
                0x08001188       0xb8 ./app_peripherals.o
                0x08001188                initIADC
 .text.initLDMA
                0x08001240       0x54 ./app_peripherals.o
                0x08001240                initLDMA
 .text.app_iostream_usart_init
                0x08001294       0x34 ./app_peripherals.o
                0x08001294                app_iostream_usart_init
 .text.BSP_TraceProfilerSetup
                0x080012c8       0xb8 ./bsp_trace.o
                0x080012c8                BSP_TraceProfilerSetup
 .text.startup.main
                0x08001380       0x10 ./main.o
                0x08001380                main
 .text.sl_board_default_init
                0x08001390        0x4 ./autogen/sl_board_default_init.o
                0x08001390                sl_board_default_init
 .text.sl_device_init_clocks
                0x08001394       0xb0 ./autogen/sl_device_init_clocks.o
                0x08001394                sl_device_init_clocks
 .text.sl_platform_init
                0x08001444       0x28 ./autogen/sl_event_handler.o
                0x08001444                sl_platform_init
 .text.sl_driver_init
                0x0800146c       0x10 ./autogen/sl_event_handler.o
                0x0800146c                sl_driver_init
 .text.sl_service_init
                0x0800147c       0x10 ./autogen/sl_event_handler.o
                0x0800147c                sl_service_init
 .text.sl_iostream_usart_init_instances
                0x0800148c       0xb4 ./autogen/sl_iostream_init_usart_instances.o
                0x0800148c                sl_iostream_usart_init_instances
 .text.USART0_TX_IRQHandler
                0x08001540        0xc ./autogen/sl_iostream_init_usart_instances.o
                0x08001540                USART0_TX_IRQHandler
 .text.USART0_RX_IRQHandler
                0x0800154c        0xc ./autogen/sl_iostream_init_usart_instances.o
                0x0800154c                USART0_RX_IRQHandler
 .text.sl_board_configure_vcom
                0x08001558       0x14 ./gecko_sdk_4.4.1/hardware/board/src/sl_board_control_gpio.o
                0x08001558                sl_board_configure_vcom
 .text.sl_board_init
                0x0800156c       0x14 ./gecko_sdk_4.4.1/hardware/board/src/sl_board_init.o
                0x0800156c                sl_board_init
 .text.sl_board_preinit
                0x08001580        0x8 ./gecko_sdk_4.4.1/hardware/board/src/sl_board_init.o
                0x08001580                sl_board_preinit
 .text.sl_cos_send_config
                0x08001588       0x14 ./gecko_sdk_4.4.1/hardware/driver/configuration_over_swo/src/sl_cos.o
                0x08001588                sl_cos_send_config
 .text.sl_cos_config_vcom
                0x0800159c       0x98 ./gecko_sdk_4.4.1/hardware/driver/configuration_over_swo/src/sl_cos.o
                0x0800159c                sl_cos_config_vcom
 .text.Default_Handler
                0x08001634        0x4 ./gecko_sdk_4.4.1/platform/Device/SiliconLabs/EFM32PG28/Source/startup_efm32pg28.o
                0x08001634                ULFRCO_IRQHandler
                0x08001634                AHB2AHB1_IRQHandler
                0x08001634                SW2_IRQHandler
                0x08001634                TIMER2_IRQHandler
                0x08001634                DebugMon_Handler
                0x08001634                IADC_IRQHandler
                0x08001634                EUSART0_TX_IRQHandler
                0x08001634                I2C0_IRQHandler
                0x08001634                LFXO_IRQHandler
                0x08001634                HardFault_Handler
                0x08001634                SMU_SECURE_IRQHandler
                0x08001634                SysTick_Handler
                0x08001634                SYSRTC_SEQ_IRQHandler
                0x08001634                EMUEFP_IRQHandler
                0x08001634                EUSART2_TX_IRQHandler
                0x08001634                PendSV_Handler
                0x08001634                NMI_Handler
                0x08001634                HOSTMAILBOX_IRQHandler
                0x08001634                HFXO0_IRQHandler
                0x08001634                I2C1_IRQHandler
                0x08001634                WDOG0_IRQHandler
                0x08001634                TIMER3_IRQHandler
                0x08001634                SYSCFG_IRQHandler
                0x08001634                EMUDG_IRQHandler
                0x08001634                MSC_IRQHandler
                0x08001634                DPLL0_IRQHandler
                0x08001634                UsageFault_Handler
                0x08001634                WDOG1_IRQHandler
                0x08001634                M33CTI1_IRQHandler
                0x08001634                TIMER4_IRQHandler
                0x08001634                GPIO_EVEN_IRQHandler
                0x08001634                VDAC0_IRQHandler
                0x08001634                SEMBTX_IRQHandler
                0x08001634                SW0_IRQHandler
                0x08001634                TIMER0_IRQHandler
                0x08001634                LCD_IRQHandler
                0x08001634                MVP_IRQHandler
                0x08001634                LETIMER0_IRQHandler
                0x08001634                EUSART1_RX_IRQHandler
                0x08001634                TIMER1_IRQHandler
                0x08001634                HFRCO0_IRQHandler
                0x08001634                SecureFault_Handler
                0x08001634                DCDC_IRQHandler
                0x08001634                Default_Handler
                0x08001634                EMU_IRQHandler
                0x08001634                SW3_IRQHandler
                0x08001634                KERNEL0_IRQHandler
                0x08001634                PCNT0_IRQHandler
                0x08001634                KERNEL1_IRQHandler
                0x08001634                EUSART1_TX_IRQHandler
                0x08001634                KEYSCAN_IRQHandler
                0x08001634                sl_app_properties
                0x08001634                HFRCOEM23_IRQHandler
                0x08001634                BURTC_IRQHandler
                0x08001634                SEMBRX_IRQHandler
                0x08001634                LFRCO_IRQHandler
                0x08001634                ACMP0_IRQHandler
                0x08001634                MemManage_Handler
                0x08001634                AHB2AHB0_IRQHandler
                0x08001634                SVC_Handler
                0x08001634                EUSART2_RX_IRQHandler
                0x08001634                SMU_S_PRIVILEGED_IRQHandler
                0x08001634                SW1_IRQHandler
                0x08001634                CMU_IRQHandler
                0x08001634                EUSART0_RX_IRQHandler
                0x08001634                SETAMPERHOST_IRQHandler
                0x08001634                GPIO_ODD_IRQHandler
                0x08001634                LESENSE_IRQHandler
                0x08001634                M33CTI0_IRQHandler
                0x08001634                ICACHE0_IRQHandler
                0x08001634                SMU_NS_PRIVILEGED_IRQHandler
                0x08001634                FPUEXH_IRQHandler
                0x08001634                ACMP1_IRQHandler
                0x08001634                BusFault_Handler
                0x08001634                MPAHBRAM_IRQHandler
                0x08001634                SYSRTC_APP_IRQHandler
 .text.Reset_Handler
                0x08001638       0xac ./gecko_sdk_4.4.1/platform/Device/SiliconLabs/EFM32PG28/Source/startup_efm32pg28.o
                0x08001638                Reset_Handler
 .text.SystemInit
                0x080016e4       0x68 ./gecko_sdk_4.4.1/platform/Device/SiliconLabs/EFM32PG28/Source/system_efm32pg28.o
                0x080016e4                SystemInit
 .text.FlashToRamCopy
                0x0800174c       0x6c ./gecko_sdk_4.4.1/platform/Device/SiliconLabs/EFM32PG28/Source/system_efm32pg28.o
                0x0800174c                FlashToRamCopy
 .text.SystemHFRCODPLLClockGet
                0x080017b8        0xc ./gecko_sdk_4.4.1/platform/Device/SiliconLabs/EFM32PG28/Source/system_efm32pg28.o
                0x080017b8                SystemHFRCODPLLClockGet
 .text.SystemSYSCLKGet
                0x080017c4       0x38 ./gecko_sdk_4.4.1/platform/Device/SiliconLabs/EFM32PG28/Source/system_efm32pg28.o
                0x080017c4                SystemSYSCLKGet
 .text.SystemHCLKGet
                0x080017fc       0x4c ./gecko_sdk_4.4.1/platform/Device/SiliconLabs/EFM32PG28/Source/system_efm32pg28.o
                0x080017fc                SystemHCLKGet
 .text.SystemMaxCoreClockGet
                0x08001848        0x8 ./gecko_sdk_4.4.1/platform/Device/SiliconLabs/EFM32PG28/Source/system_efm32pg28.o
                0x08001848                SystemMaxCoreClockGet
 .text.SystemHFXOClockGet
                0x08001850        0xc ./gecko_sdk_4.4.1/platform/Device/SiliconLabs/EFM32PG28/Source/system_efm32pg28.o
                0x08001850                SystemHFXOClockGet
 .text.SystemHFXOClockSet
                0x0800185c       0x58 ./gecko_sdk_4.4.1/platform/Device/SiliconLabs/EFM32PG28/Source/system_efm32pg28.o
                0x0800185c                SystemHFXOClockSet
 .text.SystemCLKIN0Get
                0x080018b4        0x4 ./gecko_sdk_4.4.1/platform/Device/SiliconLabs/EFM32PG28/Source/system_efm32pg28.o
                0x080018b4                SystemCLKIN0Get
 .text.SystemFSRCOClockGet
                0x080018b8        0x8 ./gecko_sdk_4.4.1/platform/Device/SiliconLabs/EFM32PG28/Source/system_efm32pg28.o
                0x080018b8                SystemFSRCOClockGet
 .text.SystemHFRCOEM23ClockGet
                0x080018c0       0x88 ./gecko_sdk_4.4.1/platform/Device/SiliconLabs/EFM32PG28/Source/system_efm32pg28.o
                0x080018c0                SystemHFRCOEM23ClockGet
 .text.SystemLFRCOClockGet
                0x08001948        0x8 ./gecko_sdk_4.4.1/platform/Device/SiliconLabs/EFM32PG28/Source/system_efm32pg28.o
                0x08001948                SystemLFRCOClockGet
 .text.SystemULFRCOClockGet
                0x08001950        0x8 ./gecko_sdk_4.4.1/platform/Device/SiliconLabs/EFM32PG28/Source/system_efm32pg28.o
                0x08001950                SystemULFRCOClockGet
 .text.SystemLFXOClockGet
                0x08001958        0xc ./gecko_sdk_4.4.1/platform/Device/SiliconLabs/EFM32PG28/Source/system_efm32pg28.o
                0x08001958                SystemLFXOClockGet
 .text.assertEFM
                0x08001964        0x4 ./gecko_sdk_4.4.1/platform/common/src/sl_assert.o
                0x08001964                assertEFM
 .text._sbrk    0x08001968       0x20 ./gecko_sdk_4.4.1/platform/common/toolchain/src/sl_memory.o
                0x08001968                _sbrk
 .text.sl_debug_swo_init
                0x08001988      0x124 ./gecko_sdk_4.4.1/platform/driver/debug/src/sl_debug_swo.o
                0x08001988                sl_debug_swo_init
 .text.sl_debug_swo_enable_itm
                0x08001aac       0x1c ./gecko_sdk_4.4.1/platform/driver/debug/src/sl_debug_swo.o
                0x08001aac                sl_debug_swo_enable_itm
 .text.sl_debug_swo_disable_itm
                0x08001ac8       0x1c ./gecko_sdk_4.4.1/platform/driver/debug/src/sl_debug_swo.o
                0x08001ac8                sl_debug_swo_disable_itm
 .text.sl_debug_swo_write_u8
                0x08001ae4       0x4c ./gecko_sdk_4.4.1/platform/driver/debug/src/sl_debug_swo.o
                0x08001ae4                sl_debug_swo_write_u8
 .text.DMADRV_AllocateChannel
                0x08001b30       0x98 ./gecko_sdk_4.4.1/platform/emdrv/dmadrv/src/dmadrv.o
                0x08001b30                DMADRV_AllocateChannel
 .text.DMADRV_DeInit
                0x08001bc8       0x60 ./gecko_sdk_4.4.1/platform/emdrv/dmadrv/src/dmadrv.o
                0x08001bc8                DMADRV_DeInit
 .text.DMADRV_FreeChannel
                0x08001c28       0x4c ./gecko_sdk_4.4.1/platform/emdrv/dmadrv/src/dmadrv.o
                0x08001c28                DMADRV_FreeChannel
 .text.DMADRV_Init
                0x08001c74       0x6c ./gecko_sdk_4.4.1/platform/emdrv/dmadrv/src/dmadrv.o
                0x08001c74                DMADRV_Init
 .text.DMADRV_PeripheralMemory
                0x08001ce0      0x104 ./gecko_sdk_4.4.1/platform/emdrv/dmadrv/src/dmadrv.o
                0x08001ce0                DMADRV_PeripheralMemory
 .text.DMADRV_PauseTransfer
                0x08001de4       0x40 ./gecko_sdk_4.4.1/platform/emdrv/dmadrv/src/dmadrv.o
                0x08001de4                DMADRV_PauseTransfer
 .text.DMADRV_ResumeTransfer
                0x08001e24       0x40 ./gecko_sdk_4.4.1/platform/emdrv/dmadrv/src/dmadrv.o
                0x08001e24                DMADRV_ResumeTransfer
 .text.DMADRV_StopTransfer
                0x08001e64       0x40 ./gecko_sdk_4.4.1/platform/emdrv/dmadrv/src/dmadrv.o
                0x08001e64                DMADRV_StopTransfer
 .text.DMADRV_TransferCompletePending
                0x08001ea4       0x5c ./gecko_sdk_4.4.1/platform/emdrv/dmadrv/src/dmadrv.o
                0x08001ea4                DMADRV_TransferCompletePending
 .text.DMADRV_TransferDone
                0x08001f00       0x4c ./gecko_sdk_4.4.1/platform/emdrv/dmadrv/src/dmadrv.o
                0x08001f00                DMADRV_TransferDone
 .text.LDMA_IRQHandler
                0x08001f4c       0xb8 ./gecko_sdk_4.4.1/platform/emdrv/dmadrv/src/dmadrv.o
                0x08001f4c                LDMA_IRQHandler
 .text.em01GrpaClkGet
                0x08002004       0x80 ./gecko_sdk_4.4.1/platform/emlib/src/em_cmu.o
 .text.vdac0ClkGet
                0x08002084       0x98 ./gecko_sdk_4.4.1/platform/emlib/src/em_cmu.o
 .text.eusart0ClkGet
                0x0800211c       0xb4 ./gecko_sdk_4.4.1/platform/emlib/src/em_cmu.o
 .text.CMU_ClockEnable
                0x080021d0       0x64 ./gecko_sdk_4.4.1/platform/emlib/src/em_cmu.o
                0x080021d0                CMU_ClockEnable
 .text.CMU_ClockFreqGet
                0x08002234      0x570 ./gecko_sdk_4.4.1/platform/emlib/src/em_cmu.o
                0x08002234                CMU_ClockFreqGet
 .text.CMU_ClockSelectGet
                0x080027a4      0x434 ./gecko_sdk_4.4.1/platform/emlib/src/em_cmu.o
                0x080027a4                CMU_ClockSelectGet
 .text.sli_em_cmu_SYSCLKInitPreClockSelect
                0x08002bd8       0x98 ./gecko_sdk_4.4.1/platform/emlib/src/em_cmu.o
                0x08002bd8                sli_em_cmu_SYSCLKInitPreClockSelect
 .text.sli_em_cmu_SYSCLKInitPostClockSelect
                0x08002c70      0x128 ./gecko_sdk_4.4.1/platform/emlib/src/em_cmu.o
                0x08002c70                sli_em_cmu_SYSCLKInitPostClockSelect
 .text.sli_em_cmu_HFXOSetForceEnable
                0x08002d98       0x1c ./gecko_sdk_4.4.1/platform/emlib/src/em_cmu.o
                0x08002d98                sli_em_cmu_HFXOSetForceEnable
 .text.CMU_ClockSelectSet
                0x08002db4      0x90c ./gecko_sdk_4.4.1/platform/emlib/src/em_cmu.o
                0x08002db4                CMU_ClockSelectSet
 .text.CMU_HFXOInit
                0x080036c0      0x26c ./gecko_sdk_4.4.1/platform/emlib/src/em_cmu.o
                0x080036c0                CMU_HFXOInit
 .text.CMU_HFXOCTuneDeltaGet
                0x0800392c        0xc ./gecko_sdk_4.4.1/platform/emlib/src/em_cmu.o
                0x0800392c                CMU_HFXOCTuneDeltaGet
 .text.CMU_LFXOInit
                0x08003938       0xdc ./gecko_sdk_4.4.1/platform/emlib/src/em_cmu.o
                0x08003938                CMU_LFXOInit
 .text.CMU_LFXOPrecisionSet
                0x08003a14        0xc ./gecko_sdk_4.4.1/platform/emlib/src/em_cmu.o
                0x08003a14                CMU_LFXOPrecisionSet
 .text.CMU_HFXOPrecisionSet
                0x08003a20        0xc ./gecko_sdk_4.4.1/platform/emlib/src/em_cmu.o
                0x08003a20                CMU_HFXOPrecisionSet
 .text.CMU_UpdateWaitStates
                0x08003a2c       0xe4 ./gecko_sdk_4.4.1/platform/emlib/src/em_cmu.o
                0x08003a2c                CMU_UpdateWaitStates
 .text.CORE_EnterCritical
                0x08003b10        0x8 ./gecko_sdk_4.4.1/platform/emlib/src/em_core.o
                0x08003b10                CORE_EnterCritical
 .text.CORE_ExitCritical
                0x08003b18        0x8 ./gecko_sdk_4.4.1/platform/emlib/src/em_core.o
                0x08003b18                CORE_ExitCritical
 .text.CORE_EnterAtomic
                0x08003b20        0xc ./gecko_sdk_4.4.1/platform/emlib/src/em_core.o
                0x08003b20                CORE_EnterAtomic
 .text.CORE_ExitAtomic
                0x08003b2c        0x8 ./gecko_sdk_4.4.1/platform/emlib/src/em_core.o
                0x08003b2c                CORE_ExitAtomic
 .text.EMU_EM4Init
                0x08003b34       0x14 ./gecko_sdk_4.4.1/platform/emlib/src/em_emu.o
                0x08003b34                EMU_EM4Init
 .text.EMU_EFPEM01VScale
                0x08003b48        0x4 ./gecko_sdk_4.4.1/platform/emlib/src/em_emu.o
                0x08003b48                EMU_EFPEM01VScale
 .text.EMU_VScaleEM01
                0x08003b4c       0xac ./gecko_sdk_4.4.1/platform/emlib/src/em_emu.o
                0x08003b4c                EMU_VScaleEM01
 .text.EMU_VScaleEM01ByClock
                0x08003bf8       0xac ./gecko_sdk_4.4.1/platform/emlib/src/em_emu.o
                0x08003bf8                EMU_VScaleEM01ByClock
 .text.EMU_DCDCUpdatedHook
                0x08003ca4        0x4 ./gecko_sdk_4.4.1/platform/emlib/src/em_emu.o
                0x08003ca4                EMU_DCDCUpdatedHook
 .text.EMU_DCDCPowerOff
                0x08003ca8       0x64 ./gecko_sdk_4.4.1/platform/emlib/src/em_emu.o
                0x08003ca8                EMU_DCDCPowerOff
 .text.GPIO_DbgLocationSet
                0x08003d0c        0x4 ./gecko_sdk_4.4.1/platform/emlib/src/em_gpio.o
                0x08003d0c                GPIO_DbgLocationSet
 .text.GPIO_PinModeSet
                0x08003d10      0x170 ./gecko_sdk_4.4.1/platform/emlib/src/em_gpio.o
                0x08003d10                GPIO_PinModeSet
 .text.IADC_init
                0x08003e80      0x6e8 ./gecko_sdk_4.4.1/platform/emlib/src/em_iadc.o
                0x08003e80                IADC_init
 .text.IADC_initSingle
                0x08004568       0xd4 ./gecko_sdk_4.4.1/platform/emlib/src/em_iadc.o
                0x08004568                IADC_initSingle
 .text.IADC_calcSrcClkPrescale
                0x0800463c       0x64 ./gecko_sdk_4.4.1/platform/emlib/src/em_iadc.o
                0x0800463c                IADC_calcSrcClkPrescale
 .text.IADC_calcAdcClkPrescale
                0x080046a0       0x90 ./gecko_sdk_4.4.1/platform/emlib/src/em_iadc.o
                0x080046a0                IADC_calcAdcClkPrescale
 .text.LDMA_DeInit
                0x08004730       0x3c ./gecko_sdk_4.4.1/platform/emlib/src/em_ldma.o
                0x08004730                LDMA_DeInit
 .text.LDMA_EnableChannelRequest
                0x0800476c       0x48 ./gecko_sdk_4.4.1/platform/emlib/src/em_ldma.o
                0x0800476c                LDMA_EnableChannelRequest
 .text.LDMA_Init
                0x080047b4       0xa0 ./gecko_sdk_4.4.1/platform/emlib/src/em_ldma.o
                0x080047b4                LDMA_Init
 .text.LDMA_StartTransfer
                0x08004854      0x13c ./gecko_sdk_4.4.1/platform/emlib/src/em_ldma.o
                0x08004854                LDMA_StartTransfer
 .text.LDMA_StopTransfer
                0x08004990       0x3c ./gecko_sdk_4.4.1/platform/emlib/src/em_ldma.o
                0x08004990                LDMA_StopTransfer
 .text.LDMA_TransferDone
                0x080049cc       0x4c ./gecko_sdk_4.4.1/platform/emlib/src/em_ldma.o
                0x080049cc                LDMA_TransferDone
 .text.SYSTEM_ChipRevisionGet
                0x08004a18       0x30 ./gecko_sdk_4.4.1/platform/emlib/src/em_system.o
                0x08004a18                SYSTEM_ChipRevisionGet
 .text.USART_BaudrateAsyncSet
                0x08004a48       0xf4 ./gecko_sdk_4.4.1/platform/emlib/src/em_usart.o
                0x08004a48                USART_BaudrateAsyncSet
 .text.USART_Enable
                0x08004b3c       0x3c ./gecko_sdk_4.4.1/platform/emlib/src/em_usart.o
                0x08004b3c                USART_Enable
 .text.USART_InitAsync
                0x08004b78      0x13c ./gecko_sdk_4.4.1/platform/emlib/src/em_usart.o
                0x08004b78                USART_InitAsync
 .text.USART_Tx
                0x08004cb4        0xc ./gecko_sdk_4.4.1/platform/emlib/src/em_usart.o
                0x08004cb4                USART_Tx
 .text.sl_device_init_dcdc
                0x08004cc0        0xc ./gecko_sdk_4.4.1/platform/service/device_init/src/sl_device_init_dcdc_s2.o
                0x08004cc0                sl_device_init_dcdc
 .text.sl_device_init_emu
                0x08004ccc       0x28 ./gecko_sdk_4.4.1/platform/service/device_init/src/sl_device_init_emu_s2.o
                0x08004ccc                sl_device_init_emu
 .text.sl_device_init_hfxo
                0x08004cf4       0x80 ./gecko_sdk_4.4.1/platform/service/device_init/src/sl_device_init_hfxo_s2.o
                0x08004cf4                sl_device_init_hfxo
 .text.sl_device_init_lfxo
                0x08004d74       0x2c ./gecko_sdk_4.4.1/platform/service/device_init/src/sl_device_init_lfxo_s2.o
                0x08004d74                sl_device_init_lfxo
 .text.sl_device_init_nvic
                0x08004da0       0x44 ./gecko_sdk_4.4.1/platform/service/device_init/src/sl_device_init_nvic.o
                0x08004da0                sl_device_init_nvic
 .text.sl_iostream_set_default
                0x08004de4       0x18 ./gecko_sdk_4.4.1/platform/service/iostream/src/sl_iostream.o
                0x08004de4                sl_iostream_set_default
 .text.sl_iostream_get_default
                0x08004dfc       0x18 ./gecko_sdk_4.4.1/platform/service/iostream/src/sl_iostream.o
                0x08004dfc                sl_iostream_get_default
 .text.sl_iostream_write
                0x08004e14       0x38 ./gecko_sdk_4.4.1/platform/service/iostream/src/sl_iostream.o
                0x08004e14                sl_iostream_write
 .text.sl_iostream_read
                0x08004e4c       0x50 ./gecko_sdk_4.4.1/platform/service/iostream/src/sl_iostream.o
                0x08004e4c                sl_iostream_read
 .text._close   0x08004e9c        0x4 ./gecko_sdk_4.4.1/platform/service/iostream/src/sl_iostream_retarget_stdio.o
                0x08004e9c                _close
 .text._exit    0x08004ea0        0x4 ./gecko_sdk_4.4.1/platform/service/iostream/src/sl_iostream_retarget_stdio.o
                0x08004ea0                _exit
 .text._fstat   0x08004ea4        0xc ./gecko_sdk_4.4.1/platform/service/iostream/src/sl_iostream_retarget_stdio.o
                0x08004ea4                _fstat
 .text._getpid  0x08004eb0        0x4 ./gecko_sdk_4.4.1/platform/service/iostream/src/sl_iostream_retarget_stdio.o
                0x08004eb0                _getpid
 .text._isatty  0x08004eb4        0x4 ./gecko_sdk_4.4.1/platform/service/iostream/src/sl_iostream_retarget_stdio.o
                0x08004eb4                _isatty
 .text._kill    0x08004eb8        0x8 ./gecko_sdk_4.4.1/platform/service/iostream/src/sl_iostream_retarget_stdio.o
                0x08004eb8                _kill
 .text._lseek   0x08004ec0        0x4 ./gecko_sdk_4.4.1/platform/service/iostream/src/sl_iostream_retarget_stdio.o
                0x08004ec0                _lseek
 .text._read    0x08004ec4       0x20 ./gecko_sdk_4.4.1/platform/service/iostream/src/sl_iostream_retarget_stdio.o
                0x08004ec4                _read
 .text._write   0x08004ee4       0x24 ./gecko_sdk_4.4.1/platform/service/iostream/src/sl_iostream_retarget_stdio.o
                0x08004ee4                _write
 .text.set_auto_cr_lf
                0x08004f08        0x8 ./gecko_sdk_4.4.1/platform/service/iostream/src/sl_iostream_uart.o
 .text.get_auto_cr_lf
                0x08004f10        0x8 ./gecko_sdk_4.4.1/platform/service/iostream/src/sl_iostream_uart.o
 .text.uart_deinit
                0x08004f18       0xa4 ./gecko_sdk_4.4.1/platform/service/iostream/src/sl_iostream_uart.o
 .text.uart_write
                0x08004fbc      0x114 ./gecko_sdk_4.4.1/platform/service/iostream/src/sl_iostream_uart.o
 .text.dma_irq_handler
                0x080050d0       0xa8 ./gecko_sdk_4.4.1/platform/service/iostream/src/sl_iostream_uart.o
 .text.uart_read
                0x08005178      0x2c0 ./gecko_sdk_4.4.1/platform/service/iostream/src/sl_iostream_uart.o
 .text.sli_iostream_uart_context_init
                0x08005438      0x110 ./gecko_sdk_4.4.1/platform/service/iostream/src/sl_iostream_uart.o
                0x08005438                sli_iostream_uart_context_init
 .text.usart_set_next_byte_detect
                0x08005548        0xc ./gecko_sdk_4.4.1/platform/service/iostream/src/sl_iostream_usart.o
 .text.usart_deinit
                0x08005554       0x80 ./gecko_sdk_4.4.1/platform/service/iostream/src/sl_iostream_usart.o
 .text.usart_tx
                0x080055d4        0xc ./gecko_sdk_4.4.1/platform/service/iostream/src/sl_iostream_usart.o
 .text.sl_iostream_usart_init
                0x080055e0      0x154 ./gecko_sdk_4.4.1/platform/service/iostream/src/sl_iostream_usart.o
                0x080055e0                sl_iostream_usart_init
 .text.sl_iostream_usart_irq_handler
                0x08005734       0x78 ./gecko_sdk_4.4.1/platform/service/iostream/src/sl_iostream_usart.o
                0x08005734                sl_iostream_usart_irq_handler
 .text.sl_system_init
                0x080057ac       0x14 ./gecko_sdk_4.4.1/platform/service/system/src/sl_system_init.o
                0x080057ac                sl_system_init
 .text          0x080057c0      0x378 c:/siliconlabs/simplicitystudio/v5/developer/toolchains/gnu_arm/12.2.rel1_2023.7/bin/../lib/gcc/arm-none-eabi/12.2.1/thumb/v8-m.main+fp/hard\libgcc.a(_arm_addsubdf3.o)
                0x080057c0                __aeabi_drsub
                0x080057c8                __aeabi_dsub
                0x080057c8                __subdf3
                0x080057cc                __aeabi_dadd
                0x080057cc                __adddf3
                0x08005a44                __floatunsidf
                0x08005a44                __aeabi_ui2d
                0x08005a64                __floatsidf
                0x08005a64                __aeabi_i2d
                0x08005a88                __aeabi_f2d
                0x08005a88                __extendsfdf2
                0x08005acc                __floatundidf
                0x08005acc                __aeabi_ul2d
                0x08005adc                __floatdidf
                0x08005adc                __aeabi_l2d
 .text          0x08005b38      0x424 c:/siliconlabs/simplicitystudio/v5/developer/toolchains/gnu_arm/12.2.rel1_2023.7/bin/../lib/gcc/arm-none-eabi/12.2.1/thumb/v8-m.main+fp/hard\libgcc.a(_arm_muldivdf3.o)
                0x08005b38                __aeabi_dmul
                0x08005b38                __muldf3
                0x08005d8c                __divdf3
                0x08005d8c                __aeabi_ddiv
 .text.exit     0x08005f5c       0x24 c:/siliconlabs/simplicitystudio/v5/developer/toolchains/gnu_arm/12.2.rel1_2023.7/bin/../lib/gcc/arm-none-eabi/12.2.1/thumb/v8-m.main+fp/hard\libc_nano.a(libc_a-exit.o)
                0x08005f5c                exit
 .text._printf_float
                0x08005f80      0x468 c:/siliconlabs/simplicitystudio/v5/developer/toolchains/gnu_arm/12.2.rel1_2023.7/bin/../lib/gcc/arm-none-eabi/12.2.1/thumb/v8-m.main+fp/hard\libc_nano.a(libc_a-nano-vfprintf_float.o)
                0x08005f80                _printf_float
 .text._printf_i
                0x080063e8      0x258 c:/siliconlabs/simplicitystudio/v5/developer/toolchains/gnu_arm/12.2.rel1_2023.7/bin/../lib/gcc/arm-none-eabi/12.2.1/thumb/v8-m.main+fp/hard\libc_nano.a(libc_a-nano-vfprintf_i.o)
                0x080063e8                _printf_i
 .text.std      0x08006640       0x6c c:/siliconlabs/simplicitystudio/v5/developer/toolchains/gnu_arm/12.2.rel1_2023.7/bin/../lib/gcc/arm-none-eabi/12.2.1/thumb/v8-m.main+fp/hard\libc_nano.a(libc_a-findfp.o)
 .text.stdio_exit_handler
                0x080066ac       0x18 c:/siliconlabs/simplicitystudio/v5/developer/toolchains/gnu_arm/12.2.rel1_2023.7/bin/../lib/gcc/arm-none-eabi/12.2.1/thumb/v8-m.main+fp/hard\libc_nano.a(libc_a-findfp.o)
 .text.cleanup_stdio
                0x080066c4       0x40 c:/siliconlabs/simplicitystudio/v5/developer/toolchains/gnu_arm/12.2.rel1_2023.7/bin/../lib/gcc/arm-none-eabi/12.2.1/thumb/v8-m.main+fp/hard\libc_nano.a(libc_a-findfp.o)
 .text.global_stdio_init.part.0
                0x08006704       0x3c c:/siliconlabs/simplicitystudio/v5/developer/toolchains/gnu_arm/12.2.rel1_2023.7/bin/../lib/gcc/arm-none-eabi/12.2.1/thumb/v8-m.main+fp/hard\libc_nano.a(libc_a-findfp.o)
 .text.__sfp_lock_acquire
                0x08006740        0xc c:/siliconlabs/simplicitystudio/v5/developer/toolchains/gnu_arm/12.2.rel1_2023.7/bin/../lib/gcc/arm-none-eabi/12.2.1/thumb/v8-m.main+fp/hard\libc_nano.a(libc_a-findfp.o)
                0x08006740                __sfp_lock_acquire
 .text.__sfp_lock_release
                0x0800674c        0xc c:/siliconlabs/simplicitystudio/v5/developer/toolchains/gnu_arm/12.2.rel1_2023.7/bin/../lib/gcc/arm-none-eabi/12.2.1/thumb/v8-m.main+fp/hard\libc_nano.a(libc_a-findfp.o)
                0x0800674c                __sfp_lock_release
 .text.__sinit  0x08006758       0x30 c:/siliconlabs/simplicitystudio/v5/developer/toolchains/gnu_arm/12.2.rel1_2023.7/bin/../lib/gcc/arm-none-eabi/12.2.1/thumb/v8-m.main+fp/hard\libc_nano.a(libc_a-findfp.o)
                0x08006758                __sinit
 .text.printf   0x08006788       0x24 c:/siliconlabs/simplicitystudio/v5/developer/toolchains/gnu_arm/12.2.rel1_2023.7/bin/../lib/gcc/arm-none-eabi/12.2.1/thumb/v8-m.main+fp/hard\libc_nano.a(libc_a-printf.o)
                0x08006788                iprintf
                0x08006788                printf
 .text.puts     0x080067ac       0x10 c:/siliconlabs/simplicitystudio/v5/developer/toolchains/gnu_arm/12.2.rel1_2023.7/bin/../lib/gcc/arm-none-eabi/12.2.1/thumb/v8-m.main+fp/hard\libc_nano.a(libc_a-puts.o)
                0x080067ac                puts
 .text.setvbuf  0x080067bc      0x168 c:/siliconlabs/simplicitystudio/v5/developer/toolchains/gnu_arm/12.2.rel1_2023.7/bin/../lib/gcc/arm-none-eabi/12.2.1/thumb/v8-m.main+fp/hard\libc_nano.a(libc_a-setvbuf.o)
                0x080067bc                setvbuf
 .text.__swsetup_r
                0x08006924       0xac c:/siliconlabs/simplicitystudio/v5/developer/toolchains/gnu_arm/12.2.rel1_2023.7/bin/../lib/gcc/arm-none-eabi/12.2.1/thumb/v8-m.main+fp/hard\libc_nano.a(libc_a-wsetup.o)
                0x08006924                __swsetup_r
 .text._localeconv_r
                0x080069d0        0x8 c:/siliconlabs/simplicitystudio/v5/developer/toolchains/gnu_arm/12.2.rel1_2023.7/bin/../lib/gcc/arm-none-eabi/12.2.1/thumb/v8-m.main+fp/hard\libc_nano.a(libc_a-localeconv.o)
                0x080069d0                _localeconv_r
 .text._close_r
                0x080069d8       0x20 c:/siliconlabs/simplicitystudio/v5/developer/toolchains/gnu_arm/12.2.rel1_2023.7/bin/../lib/gcc/arm-none-eabi/12.2.1/thumb/v8-m.main+fp/hard\libc_nano.a(libc_a-closer.o)
                0x080069d8                _close_r
 .text._lseek_r
                0x080069f8       0x24 c:/siliconlabs/simplicitystudio/v5/developer/toolchains/gnu_arm/12.2.rel1_2023.7/bin/../lib/gcc/arm-none-eabi/12.2.1/thumb/v8-m.main+fp/hard\libc_nano.a(libc_a-lseekr.o)
                0x080069f8                _lseek_r
 .text._read_r  0x08006a1c       0x24 c:/siliconlabs/simplicitystudio/v5/developer/toolchains/gnu_arm/12.2.rel1_2023.7/bin/../lib/gcc/arm-none-eabi/12.2.1/thumb/v8-m.main+fp/hard\libc_nano.a(libc_a-readr.o)
                0x08006a1c                _read_r
 .text._write_r
                0x08006a40       0x24 c:/siliconlabs/simplicitystudio/v5/developer/toolchains/gnu_arm/12.2.rel1_2023.7/bin/../lib/gcc/arm-none-eabi/12.2.1/thumb/v8-m.main+fp/hard\libc_nano.a(libc_a-writer.o)
                0x08006a40                _write_r
 .text.__libc_init_array
                0x08006a64       0x48 c:/siliconlabs/simplicitystudio/v5/developer/toolchains/gnu_arm/12.2.rel1_2023.7/bin/../lib/gcc/arm-none-eabi/12.2.1/thumb/v8-m.main+fp/hard\libc_nano.a(libc_a-init.o)
                0x08006a64                __libc_init_array
 .text._free_r  0x08006aac       0x94 c:/siliconlabs/simplicitystudio/v5/developer/toolchains/gnu_arm/12.2.rel1_2023.7/bin/../lib/gcc/arm-none-eabi/12.2.1/thumb/v8-m.main+fp/hard\libc_nano.a(libc_a-freer.o)
                0x08006aac                _free_r
 .text.malloc   0x08006b40       0x10 c:/siliconlabs/simplicitystudio/v5/developer/toolchains/gnu_arm/12.2.rel1_2023.7/bin/../lib/gcc/arm-none-eabi/12.2.1/thumb/v8-m.main+fp/hard\libc_nano.a(libc_a-malloc.o)
                0x08006b40                malloc
 .text.sbrk_aligned
                0x08006b50       0x44 c:/siliconlabs/simplicitystudio/v5/developer/toolchains/gnu_arm/12.2.rel1_2023.7/bin/../lib/gcc/arm-none-eabi/12.2.1/thumb/v8-m.main+fp/hard\libc_nano.a(libc_a-mallocr.o)
 .text._malloc_r
                0x08006b94       0xf0 c:/siliconlabs/simplicitystudio/v5/developer/toolchains/gnu_arm/12.2.rel1_2023.7/bin/../lib/gcc/arm-none-eabi/12.2.1/thumb/v8-m.main+fp/hard\libc_nano.a(libc_a-mallocr.o)
                0x08006b94                _malloc_r
 .text.__malloc_lock
                0x08006c84        0xc c:/siliconlabs/simplicitystudio/v5/developer/toolchains/gnu_arm/12.2.rel1_2023.7/bin/../lib/gcc/arm-none-eabi/12.2.1/thumb/v8-m.main+fp/hard\libc_nano.a(libc_a-mlock.o)
                0x08006c84                __malloc_lock
 .text.__malloc_unlock
                0x08006c90        0xc c:/siliconlabs/simplicitystudio/v5/developer/toolchains/gnu_arm/12.2.rel1_2023.7/bin/../lib/gcc/arm-none-eabi/12.2.1/thumb/v8-m.main+fp/hard\libc_nano.a(libc_a-mlock.o)
                0x08006c90                __malloc_unlock
 .text._Balloc  0x08006c9c       0x80 c:/siliconlabs/simplicitystudio/v5/developer/toolchains/gnu_arm/12.2.rel1_2023.7/bin/../lib/gcc/arm-none-eabi/12.2.1/thumb/v8-m.main+fp/hard\libc_nano.a(libc_a-mprec.o)
                0x08006c9c                _Balloc
 .text._Bfree   0x08006d1c       0x44 c:/siliconlabs/simplicitystudio/v5/developer/toolchains/gnu_arm/12.2.rel1_2023.7/bin/../lib/gcc/arm-none-eabi/12.2.1/thumb/v8-m.main+fp/hard\libc_nano.a(libc_a-mprec.o)
                0x08006d1c                _Bfree
 .text.__multadd
                0x08006d60       0x90 c:/siliconlabs/simplicitystudio/v5/developer/toolchains/gnu_arm/12.2.rel1_2023.7/bin/../lib/gcc/arm-none-eabi/12.2.1/thumb/v8-m.main+fp/hard\libc_nano.a(libc_a-mprec.o)
                0x08006d60                __multadd
 .text.__i2b    0x08006df0       0x2c c:/siliconlabs/simplicitystudio/v5/developer/toolchains/gnu_arm/12.2.rel1_2023.7/bin/../lib/gcc/arm-none-eabi/12.2.1/thumb/v8-m.main+fp/hard\libc_nano.a(libc_a-mprec.o)
                0x08006df0                __i2b
 .text.__multiply
                0x08006e1c      0x154 c:/siliconlabs/simplicitystudio/v5/developer/toolchains/gnu_arm/12.2.rel1_2023.7/bin/../lib/gcc/arm-none-eabi/12.2.1/thumb/v8-m.main+fp/hard\libc_nano.a(libc_a-mprec.o)
                0x08006e1c                __multiply
 .text.__pow5mult
                0x08006f70       0xb4 c:/siliconlabs/simplicitystudio/v5/developer/toolchains/gnu_arm/12.2.rel1_2023.7/bin/../lib/gcc/arm-none-eabi/12.2.1/thumb/v8-m.main+fp/hard\libc_nano.a(libc_a-mprec.o)
                0x08006f70                __pow5mult
 .text.__lshift
                0x08007024       0xd8 c:/siliconlabs/simplicitystudio/v5/developer/toolchains/gnu_arm/12.2.rel1_2023.7/bin/../lib/gcc/arm-none-eabi/12.2.1/thumb/v8-m.main+fp/hard\libc_nano.a(libc_a-mprec.o)
                0x08007024                __lshift
 .text.__mdiff  0x080070fc      0x130 c:/siliconlabs/simplicitystudio/v5/developer/toolchains/gnu_arm/12.2.rel1_2023.7/bin/../lib/gcc/arm-none-eabi/12.2.1/thumb/v8-m.main+fp/hard\libc_nano.a(libc_a-mprec.o)
                0x080070fc                __mdiff
 .text.__d2b    0x0800722c       0xb0 c:/siliconlabs/simplicitystudio/v5/developer/toolchains/gnu_arm/12.2.rel1_2023.7/bin/../lib/gcc/arm-none-eabi/12.2.1/thumb/v8-m.main+fp/hard\libc_nano.a(libc_a-mprec.o)
                0x0800722c                __d2b
 .text._vfprintf_r
                0x080072dc      0x230 c:/siliconlabs/simplicitystudio/v5/developer/toolchains/gnu_arm/12.2.rel1_2023.7/bin/../lib/gcc/arm-none-eabi/12.2.1/thumb/v8-m.main+fp/hard\libc_nano.a(libc_a-nano-vfprintf.o)
                0x080072dc                _vfprintf_r
                0x080072dc                _vfiprintf_r
 .text._fstat_r
                0x0800750c       0x24 c:/siliconlabs/simplicitystudio/v5/developer/toolchains/gnu_arm/12.2.rel1_2023.7/bin/../lib/gcc/arm-none-eabi/12.2.1/thumb/v8-m.main+fp/hard\libc_nano.a(libc_a-fstatr.o)
                0x0800750c                _fstat_r
 .text._isatty_r
                0x08007530       0x20 c:/siliconlabs/simplicitystudio/v5/developer/toolchains/gnu_arm/12.2.rel1_2023.7/bin/../lib/gcc/arm-none-eabi/12.2.1/thumb/v8-m.main+fp/hard\libc_nano.a(libc_a-isattyr.o)
                0x08007530                _isatty_r
 .text._sbrk_r  0x08007550       0x20 c:/siliconlabs/simplicitystudio/v5/developer/toolchains/gnu_arm/12.2.rel1_2023.7/bin/../lib/gcc/arm-none-eabi/12.2.1/thumb/v8-m.main+fp/hard\libc_nano.a(libc_a-sbrkr.o)
                0x08007550                _sbrk_r
 .text.__assert_func
                0x08007570       0x3c c:/siliconlabs/simplicitystudio/v5/developer/toolchains/gnu_arm/12.2.rel1_2023.7/bin/../lib/gcc/arm-none-eabi/12.2.1/thumb/v8-m.main+fp/hard\libc_nano.a(libc_a-assert.o)
                0x08007570                __assert_func
 .text.fprintf  0x080075ac       0x24 c:/siliconlabs/simplicitystudio/v5/developer/toolchains/gnu_arm/12.2.rel1_2023.7/bin/../lib/gcc/arm-none-eabi/12.2.1/thumb/v8-m.main+fp/hard\libc_nano.a(libc_a-fprintf.o)
                0x080075ac                fiprintf
                0x080075ac                fprintf
 .text.raise    0x080075d0       0x10 c:/siliconlabs/simplicitystudio/v5/developer/toolchains/gnu_arm/12.2.rel1_2023.7/bin/../lib/gcc/arm-none-eabi/12.2.1/thumb/v8-m.main+fp/hard\libc_nano.a(libc_a-signal.o)
                0x080075d0                raise
 .text._kill_r  0x080075e0       0x24 c:/siliconlabs/simplicitystudio/v5/developer/toolchains/gnu_arm/12.2.rel1_2023.7/bin/../lib/gcc/arm-none-eabi/12.2.1/thumb/v8-m.main+fp/hard\libc_nano.a(libc_a-signalr.o)
                0x080075e0                _kill_r
 .text          0x08007604      0x110 c:/siliconlabs/simplicitystudio/v5/developer/toolchains/gnu_arm/12.2.rel1_2023.7/bin/../lib/gcc/arm-none-eabi/12.2.1/thumb/v8-m.main+fp/hard\libgcc.a(_arm_cmpdf2.o)
                0x08007604                __gtdf2
                0x08007604                __gedf2
                0x0800760c                __ltdf2
                0x0800760c                __ledf2
                0x08007614                __nedf2
                0x08007614                __eqdf2
                0x08007614                __cmpdf2
                0x08007690                __aeabi_cdrcmple
                0x080076a0                __aeabi_cdcmpeq
                0x080076a0                __aeabi_cdcmple
                0x080076b0                __aeabi_dcmpeq
                0x080076c4                __aeabi_dcmplt
                0x080076d8                __aeabi_dcmple
                0x080076ec                __aeabi_dcmpge
                0x08007700                __aeabi_dcmpgt
 .text          0x08007714       0x2c c:/siliconlabs/simplicitystudio/v5/developer/toolchains/gnu_arm/12.2.rel1_2023.7/bin/../lib/gcc/arm-none-eabi/12.2.1/thumb/v8-m.main+fp/hard\libgcc.a(_arm_unorddf2.o)
                0x08007714                __unorddf2
                0x08007714                __aeabi_dcmpun
 .text          0x08007740       0x50 c:/siliconlabs/simplicitystudio/v5/developer/toolchains/gnu_arm/12.2.rel1_2023.7/bin/../lib/gcc/arm-none-eabi/12.2.1/thumb/v8-m.main+fp/hard\libgcc.a(_arm_fixdfsi.o)
                0x08007740                __aeabi_d2iz
                0x08007740                __fixdfsi
 .text.__cvt    0x08007790       0xd0 c:/siliconlabs/simplicitystudio/v5/developer/toolchains/gnu_arm/12.2.rel1_2023.7/bin/../lib/gcc/arm-none-eabi/12.2.1/thumb/v8-m.main+fp/hard\libc_nano.a(libc_a-nano-vfprintf_float.o)
                0x08007790                __cvt
 .text.__exponent
                0x08007860       0x72 c:/siliconlabs/simplicitystudio/v5/developer/toolchains/gnu_arm/12.2.rel1_2023.7/bin/../lib/gcc/arm-none-eabi/12.2.1/thumb/v8-m.main+fp/hard\libc_nano.a(libc_a-nano-vfprintf_float.o)
                0x08007860                __exponent
 .text._printf_common
                0x080078d2       0xe4 c:/siliconlabs/simplicitystudio/v5/developer/toolchains/gnu_arm/12.2.rel1_2023.7/bin/../lib/gcc/arm-none-eabi/12.2.1/thumb/v8-m.main+fp/hard\libc_nano.a(libc_a-nano-vfprintf_i.o)
                0x080078d2                _printf_common
 .text._fwalk_sglue
                0x080079b6       0x3c c:/siliconlabs/simplicitystudio/v5/developer/toolchains/gnu_arm/12.2.rel1_2023.7/bin/../lib/gcc/arm-none-eabi/12.2.1/thumb/v8-m.main+fp/hard\libc_nano.a(libc_a-fwalk.o)
                0x080079b6                _fwalk_sglue
 .text._puts_r  0x080079f2       0xaa c:/siliconlabs/simplicitystudio/v5/developer/toolchains/gnu_arm/12.2.rel1_2023.7/bin/../lib/gcc/arm-none-eabi/12.2.1/thumb/v8-m.main+fp/hard\libc_nano.a(libc_a-puts.o)
                0x080079f2                _puts_r
 .text.__sread  0x08007a9c       0x22 c:/siliconlabs/simplicitystudio/v5/developer/toolchains/gnu_arm/12.2.rel1_2023.7/bin/../lib/gcc/arm-none-eabi/12.2.1/thumb/v8-m.main+fp/hard\libc_nano.a(libc_a-stdio.o)
                0x08007a9c                __sread
 .text.__swrite
                0x08007abe       0x38 c:/siliconlabs/simplicitystudio/v5/developer/toolchains/gnu_arm/12.2.rel1_2023.7/bin/../lib/gcc/arm-none-eabi/12.2.1/thumb/v8-m.main+fp/hard\libc_nano.a(libc_a-stdio.o)
                0x08007abe                __swrite
 .text.__sseek  0x08007af6       0x24 c:/siliconlabs/simplicitystudio/v5/developer/toolchains/gnu_arm/12.2.rel1_2023.7/bin/../lib/gcc/arm-none-eabi/12.2.1/thumb/v8-m.main+fp/hard\libc_nano.a(libc_a-stdio.o)
                0x08007af6                __sseek
 .text.__sclose
                0x08007b1a        0x8 c:/siliconlabs/simplicitystudio/v5/developer/toolchains/gnu_arm/12.2.rel1_2023.7/bin/../lib/gcc/arm-none-eabi/12.2.1/thumb/v8-m.main+fp/hard\libc_nano.a(libc_a-stdio.o)
                0x08007b1a                __sclose
 .text.__swbuf_r
                0x08007b22       0x7c c:/siliconlabs/simplicitystudio/v5/developer/toolchains/gnu_arm/12.2.rel1_2023.7/bin/../lib/gcc/arm-none-eabi/12.2.1/thumb/v8-m.main+fp/hard\libc_nano.a(libc_a-wbuf.o)
                0x08007b22                __swbuf_r
 .text.memset   0x08007b9e       0x10 c:/siliconlabs/simplicitystudio/v5/developer/toolchains/gnu_arm/12.2.rel1_2023.7/bin/../lib/gcc/arm-none-eabi/12.2.1/thumb/v8-m.main+fp/hard\libc_nano.a(libc_a-memset.o)
                0x08007b9e                memset
 .text.__retarget_lock_init_recursive
                0x08007bae        0x2 c:/siliconlabs/simplicitystudio/v5/developer/toolchains/gnu_arm/12.2.rel1_2023.7/bin/../lib/gcc/arm-none-eabi/12.2.1/thumb/v8-m.main+fp/hard\libc_nano.a(libc_a-lock.o)
                0x08007bae                __retarget_lock_init_recursive
 .text.__retarget_lock_acquire_recursive
                0x08007bb0        0x2 c:/siliconlabs/simplicitystudio/v5/developer/toolchains/gnu_arm/12.2.rel1_2023.7/bin/../lib/gcc/arm-none-eabi/12.2.1/thumb/v8-m.main+fp/hard\libc_nano.a(libc_a-lock.o)
                0x08007bb0                __retarget_lock_acquire_recursive
 .text.__retarget_lock_release_recursive
                0x08007bb2        0x2 c:/siliconlabs/simplicitystudio/v5/developer/toolchains/gnu_arm/12.2.rel1_2023.7/bin/../lib/gcc/arm-none-eabi/12.2.1/thumb/v8-m.main+fp/hard\libc_nano.a(libc_a-lock.o)
                0x08007bb2                __retarget_lock_release_recursive
 .text.memchr   0x08007bb4       0x1c c:/siliconlabs/simplicitystudio/v5/developer/toolchains/gnu_arm/12.2.rel1_2023.7/bin/../lib/gcc/arm-none-eabi/12.2.1/thumb/v8-m.main+fp/hard\libc_nano.a(libc_a-memchr-stub.o)
                0x08007bb4                memchr
 .text.memcpy   0x08007bd0       0x1a c:/siliconlabs/simplicitystudio/v5/developer/toolchains/gnu_arm/12.2.rel1_2023.7/bin/../lib/gcc/arm-none-eabi/12.2.1/thumb/v8-m.main+fp/hard\libc_nano.a(libc_a-memcpy-stub.o)
                0x08007bd0                memcpy
 .text          0x08007bea       0x10 c:/siliconlabs/simplicitystudio/v5/developer/toolchains/gnu_arm/12.2.rel1_2023.7/bin/../lib/gcc/arm-none-eabi/12.2.1/thumb/v8-m.main+fp/hard\libc_nano.a(libc_a-strlen.o)
                0x08007bea                strlen
 .text.quorem   0x08007bfa      0x11a c:/siliconlabs/simplicitystudio/v5/developer/toolchains/gnu_arm/12.2.rel1_2023.7/bin/../lib/gcc/arm-none-eabi/12.2.1/thumb/v8-m.main+fp/hard\libc_nano.a(libc_a-dtoa.o)
 .text.__hi0bits
                0x08007d14       0x44 c:/siliconlabs/simplicitystudio/v5/developer/toolchains/gnu_arm/12.2.rel1_2023.7/bin/../lib/gcc/arm-none-eabi/12.2.1/thumb/v8-m.main+fp/hard\libc_nano.a(libc_a-mprec.o)
                0x08007d14                __hi0bits
 .text.__lo0bits
                0x08007d58       0x5a c:/siliconlabs/simplicitystudio/v5/developer/toolchains/gnu_arm/12.2.rel1_2023.7/bin/../lib/gcc/arm-none-eabi/12.2.1/thumb/v8-m.main+fp/hard\libc_nano.a(libc_a-mprec.o)
                0x08007d58                __lo0bits
 .text.__mcmp   0x08007db2       0x36 c:/siliconlabs/simplicitystudio/v5/developer/toolchains/gnu_arm/12.2.rel1_2023.7/bin/../lib/gcc/arm-none-eabi/12.2.1/thumb/v8-m.main+fp/hard\libc_nano.a(libc_a-mprec.o)
                0x08007db2                __mcmp
 .text.__sfputc_r
                0x08007de8       0x2e c:/siliconlabs/simplicitystudio/v5/developer/toolchains/gnu_arm/12.2.rel1_2023.7/bin/../lib/gcc/arm-none-eabi/12.2.1/thumb/v8-m.main+fp/hard\libc_nano.a(libc_a-nano-vfprintf.o)
 .text.__sfputs_r
                0x08007e16       0x24 c:/siliconlabs/simplicitystudio/v5/developer/toolchains/gnu_arm/12.2.rel1_2023.7/bin/../lib/gcc/arm-none-eabi/12.2.1/thumb/v8-m.main+fp/hard\libc_nano.a(libc_a-nano-vfprintf.o)
                0x08007e16                __sfputs_r
 .text.__sflush_r
                0x08007e3a      0x106 c:/siliconlabs/simplicitystudio/v5/developer/toolchains/gnu_arm/12.2.rel1_2023.7/bin/../lib/gcc/arm-none-eabi/12.2.1/thumb/v8-m.main+fp/hard\libc_nano.a(libc_a-fflush.o)
                0x08007e3a                __sflush_r
 .text._fflush_r
                0x08007f40       0x50 c:/siliconlabs/simplicitystudio/v5/developer/toolchains/gnu_arm/12.2.rel1_2023.7/bin/../lib/gcc/arm-none-eabi/12.2.1/thumb/v8-m.main+fp/hard\libc_nano.a(libc_a-fflush.o)
                0x08007f40                _fflush_r
 .text.__swhatbuf_r
                0x08007f90       0x4a c:/siliconlabs/simplicitystudio/v5/developer/toolchains/gnu_arm/12.2.rel1_2023.7/bin/../lib/gcc/arm-none-eabi/12.2.1/thumb/v8-m.main+fp/hard\libc_nano.a(libc_a-makebuf.o)
                0x08007f90                __swhatbuf_r
 .text.__smakebuf_r
                0x08007fda       0x78 c:/siliconlabs/simplicitystudio/v5/developer/toolchains/gnu_arm/12.2.rel1_2023.7/bin/../lib/gcc/arm-none-eabi/12.2.1/thumb/v8-m.main+fp/hard\libc_nano.a(libc_a-makebuf.o)
                0x08007fda                __smakebuf_r
 .text._calloc_r
                0x08008052       0x28 c:/siliconlabs/simplicitystudio/v5/developer/toolchains/gnu_arm/12.2.rel1_2023.7/bin/../lib/gcc/arm-none-eabi/12.2.1/thumb/v8-m.main+fp/hard\libc_nano.a(libc_a-callocr.o)
                0x08008052                _calloc_r
 .text.__ascii_mbtowc
                0x0800807a       0x24 c:/siliconlabs/simplicitystudio/v5/developer/toolchains/gnu_arm/12.2.rel1_2023.7/bin/../lib/gcc/arm-none-eabi/12.2.1/thumb/v8-m.main+fp/hard\libc_nano.a(libc_a-mbtowc_r.o)
                0x0800807a                __ascii_mbtowc
 .text.__ascii_wctomb
                0x0800809e       0x1a c:/siliconlabs/simplicitystudio/v5/developer/toolchains/gnu_arm/12.2.rel1_2023.7/bin/../lib/gcc/arm-none-eabi/12.2.1/thumb/v8-m.main+fp/hard\libc_nano.a(libc_a-wctomb_r.o)
                0x0800809e                __ascii_wctomb
 .text.abort    0x080080b8        0xe c:/siliconlabs/simplicitystudio/v5/developer/toolchains/gnu_arm/12.2.rel1_2023.7/bin/../lib/gcc/arm-none-eabi/12.2.1/thumb/v8-m.main+fp/hard\libc_nano.a(libc_a-abort.o)
                0x080080b8                abort
 .text._raise_r
                0x080080c6       0x50 c:/siliconlabs/simplicitystudio/v5/developer/toolchains/gnu_arm/12.2.rel1_2023.7/bin/../lib/gcc/arm-none-eabi/12.2.1/thumb/v8-m.main+fp/hard\libc_nano.a(libc_a-signal.o)
                0x080080c6                _raise_r
 .text._getpid_r
                0x08008116        0x4 c:/siliconlabs/simplicitystudio/v5/developer/toolchains/gnu_arm/12.2.rel1_2023.7/bin/../lib/gcc/arm-none-eabi/12.2.1/thumb/v8-m.main+fp/hard\libc_nano.a(libc_a-signalr.o)
                0x08008116                _getpid_r
                0x08008120                . = ALIGN (0x20)
 *fill*         0x0800811a        0x6 
                0x08008120                linker_code_end = .
 *(.init)
 .init          0x08008120        0x4 c:/siliconlabs/simplicitystudio/v5/developer/toolchains/gnu_arm/12.2.rel1_2023.7/bin/../lib/gcc/arm-none-eabi/12.2.1/thumb/v8-m.main+fp/hard/crti.o
                0x08008120                _init
 .init          0x08008124        0x8 c:/siliconlabs/simplicitystudio/v5/developer/toolchains/gnu_arm/12.2.rel1_2023.7/bin/../lib/gcc/arm-none-eabi/12.2.1/thumb/v8-m.main+fp/hard/crtn.o
 *(.fini)
 .fini          0x0800812c        0x4 c:/siliconlabs/simplicitystudio/v5/developer/toolchains/gnu_arm/12.2.rel1_2023.7/bin/../lib/gcc/arm-none-eabi/12.2.1/thumb/v8-m.main+fp/hard/crti.o
                0x0800812c                _fini
 .fini          0x08008130        0x8 c:/siliconlabs/simplicitystudio/v5/developer/toolchains/gnu_arm/12.2.rel1_2023.7/bin/../lib/gcc/arm-none-eabi/12.2.1/thumb/v8-m.main+fp/hard/crtn.o
 *crtbegin.o(.ctors)
 *crtbegin?.o(.ctors)
 *(EXCLUDE_FILE(*crtend.o *crtend?.o) .ctors)
 *(SORT_BY_NAME(.ctors.*))
 *(.ctors)
 *crtbegin.o(.dtors)
 *crtbegin?.o(.dtors)
 *(EXCLUDE_FILE(*crtend.o *crtend?.o) .dtors)
 *(SORT_BY_NAME(.dtors.*))
 *(.dtors)
                0x08008138                __code_classification_validator_start__ = .
                0x08008158                . = (. + 0x20)
 *fill*         0x08008138       0x20 
 *(code_classification_validator)
                0x08008160                . = ALIGN (0x20)
 *fill*         0x08008158        0x8 
                0x08008160                __code_classification_validator_end__ = .
 *(.rodata*)
 .rodata.app_process_action.str1.4
                0x08008160       0x37 ./app.o
 *fill*         0x08008197        0x1 
 .rodata        0x08008198       0x34 ./app_peripherals.o
 .rodata.sl_iostream_usart_init_vcom.str1.4
                0x080081cc       0x2e ./autogen/sl_iostream_init_usart_instances.o
 *fill*         0x080081fa        0x2 
 .rodata        0x080081fc       0x1c ./autogen/sl_iostream_init_usart_instances.o
 .rodata        0x08008218        0x4 ./gecko_sdk_4.4.1/platform/emdrv/dmadrv/src/dmadrv.o
 .rodata.HFRCODPLLDevinfoGet.str1.4
                0x0800821c       0x4d ./gecko_sdk_4.4.1/platform/emlib/src/em_cmu.o
 *fill*         0x08008269        0x3 
 .rodata.CSWTCH.97
                0x0800826c        0xc ./gecko_sdk_4.4.1/platform/emlib/src/em_cmu.o
 .rodata.CSWTCH.96
                0x08008278       0x18 ./gecko_sdk_4.4.1/platform/emlib/src/em_cmu.o
 .rodata.EMU_VScaleEM01.str1.4
                0x08008290       0x4d ./gecko_sdk_4.4.1/platform/emlib/src/em_emu.o
 *fill*         0x080082dd        0x3 
 .rodata.GPIO_ExtIntConfig.str1.4
                0x080082e0       0x9d ./gecko_sdk_4.4.1/platform/emlib/src/em_gpio.o
 *fill*         0x0800837d        0x3 
 .rodata.GPIO_PinModeSet.str1.4
                0x08008380       0x4e ./gecko_sdk_4.4.1/platform/emlib/src/em_gpio.o
 *fill*         0x080083ce        0x2 
 .rodata.CSWTCH.31
                0x080083d0       0x10 ./gecko_sdk_4.4.1/platform/emlib/src/em_gpio.o
 .rodata.IADC_init.str1.4
                0x080083e0       0x4e ./gecko_sdk_4.4.1/platform/emlib/src/em_iadc.o
 *fill*         0x0800842e        0x2 
 .rodata.CSWTCH.56
                0x08008430       0x14 ./gecko_sdk_4.4.1/platform/emlib/src/em_iadc.o
 .rodata        0x08008444       0x18 ./gecko_sdk_4.4.1/platform/emlib/src/em_iadc.o
 .rodata.LDMA_EnableChannelRequest.str1.4
                0x0800845c       0x4e ./gecko_sdk_4.4.1/platform/emlib/src/em_ldma.o
                                 0x9d (size before relaxing)
 *fill*         0x080084aa        0x2 
 .rodata.USART_BaudrateAsyncSet.str1.4
                0x080084ac       0x4f ./gecko_sdk_4.4.1/platform/emlib/src/em_usart.o
 *fill*         0x080084fb        0x1 
 .rodata        0x080084fc       0x28 ./gecko_sdk_4.4.1/platform/service/device_init/src/sl_device_init_hfxo_s2.o
 .rodata        0x08008524       0x14 ./gecko_sdk_4.4.1/platform/service/device_init/src/sl_device_init_lfxo_s2.o
 .rodata._write.str1.4
                0x08008538       0x6c ./gecko_sdk_4.4.1/platform/service/iostream/src/sl_iostream_retarget_stdio.o
 .rodata.uart_deinit.str1.4
                0x080085a4       0x62 ./gecko_sdk_4.4.1/platform/service/iostream/src/sl_iostream_uart.o
 .rodata._ctype_
                0x08008606      0x101 c:/siliconlabs/simplicitystudio/v5/developer/toolchains/gnu_arm/12.2.rel1_2023.7/bin/../lib/gcc/arm-none-eabi/12.2.1/thumb/v8-m.main+fp/hard\libc_nano.a(libc_a-ctype_.o)
                0x08008606                _ctype_
 .rodata._printf_float.str1.1
                0x08008707       0x12 c:/siliconlabs/simplicitystudio/v5/developer/toolchains/gnu_arm/12.2.rel1_2023.7/bin/../lib/gcc/arm-none-eabi/12.2.1/thumb/v8-m.main+fp/hard\libc_nano.a(libc_a-nano-vfprintf_float.o)
 .rodata._printf_i.str1.1
                0x08008719       0x22 c:/siliconlabs/simplicitystudio/v5/developer/toolchains/gnu_arm/12.2.rel1_2023.7/bin/../lib/gcc/arm-none-eabi/12.2.1/thumb/v8-m.main+fp/hard\libc_nano.a(libc_a-nano-vfprintf_i.o)
 .rodata._dtoa_r.str1.1
                0x0800873b       0x8e c:/siliconlabs/simplicitystudio/v5/developer/toolchains/gnu_arm/12.2.rel1_2023.7/bin/../lib/gcc/arm-none-eabi/12.2.1/thumb/v8-m.main+fp/hard\libc_nano.a(libc_a-dtoa.o)
                                 0x90 (size before relaxing)
 .rodata._Balloc.str1.1
                0x080087c9       0x5a c:/siliconlabs/simplicitystudio/v5/developer/toolchains/gnu_arm/12.2.rel1_2023.7/bin/../lib/gcc/arm-none-eabi/12.2.1/thumb/v8-m.main+fp/hard\libc_nano.a(libc_a-mprec.o)
                                 0x71 (size before relaxing)
 .rodata.__multadd.str1.1
                0x08008823       0x11 c:/siliconlabs/simplicitystudio/v5/developer/toolchains/gnu_arm/12.2.rel1_2023.7/bin/../lib/gcc/arm-none-eabi/12.2.1/thumb/v8-m.main+fp/hard\libc_nano.a(libc_a-mprec.o)
 *fill*         0x08008823        0x1 
 .rodata.p05.0  0x08008824        0xc c:/siliconlabs/simplicitystudio/v5/developer/toolchains/gnu_arm/12.2.rel1_2023.7/bin/../lib/gcc/arm-none-eabi/12.2.1/thumb/v8-m.main+fp/hard\libc_nano.a(libc_a-mprec.o)
 .rodata.__mprec_bigtens
                0x08008830       0x28 c:/siliconlabs/simplicitystudio/v5/developer/toolchains/gnu_arm/12.2.rel1_2023.7/bin/../lib/gcc/arm-none-eabi/12.2.1/thumb/v8-m.main+fp/hard\libc_nano.a(libc_a-mprec.o)
                0x08008830                __mprec_bigtens
 .rodata.__mprec_tens
                0x08008858       0xc8 c:/siliconlabs/simplicitystudio/v5/developer/toolchains/gnu_arm/12.2.rel1_2023.7/bin/../lib/gcc/arm-none-eabi/12.2.1/thumb/v8-m.main+fp/hard\libc_nano.a(libc_a-mprec.o)
                0x08008858                __mprec_tens
 .rodata._vfprintf_r.str1.1
                0x08008920       0x11 c:/siliconlabs/simplicitystudio/v5/developer/toolchains/gnu_arm/12.2.rel1_2023.7/bin/../lib/gcc/arm-none-eabi/12.2.1/thumb/v8-m.main+fp/hard\libc_nano.a(libc_a-nano-vfprintf.o)
 .rodata._setlocale_r.str1.1
                0x08008931        0x8 c:/siliconlabs/simplicitystudio/v5/developer/toolchains/gnu_arm/12.2.rel1_2023.7/bin/../lib/gcc/arm-none-eabi/12.2.1/thumb/v8-m.main+fp/hard\libc_nano.a(libc_a-locale.o)
                                  0x9 (size before relaxing)
 .rodata.str1.1
                0x08008939        0x2 c:/siliconlabs/simplicitystudio/v5/developer/toolchains/gnu_arm/12.2.rel1_2023.7/bin/../lib/gcc/arm-none-eabi/12.2.1/thumb/v8-m.main+fp/hard\libc_nano.a(libc_a-locale.o)
 .rodata.__assert_func.str1.1
                0x0800893b       0x3c c:/siliconlabs/simplicitystudio/v5/developer/toolchains/gnu_arm/12.2.rel1_2023.7/bin/../lib/gcc/arm-none-eabi/12.2.1/thumb/v8-m.main+fp/hard\libc_nano.a(libc_a-assert.o)
                                 0x3d (size before relaxing)
 *(.eh_frame*)
 *fill*         0x08008977        0x1 
 .eh_frame      0x08008978        0x0 c:/siliconlabs/simplicitystudio/v5/developer/toolchains/gnu_arm/12.2.rel1_2023.7/bin/../lib/gcc/arm-none-eabi/12.2.1/thumb/v8-m.main+fp/hard/crtbegin.o

.glue_7         0x08008978        0x0
 .glue_7        0x08008978        0x0 linker stubs

.glue_7t        0x08008978        0x0
 .glue_7t       0x08008978        0x0 linker stubs

.vfp11_veneer   0x08008978        0x0
 .vfp11_veneer  0x08008978        0x0 linker stubs

.v4_bx          0x08008978        0x0
 .v4_bx         0x08008978        0x0 linker stubs

.iplt           0x08008978        0x0
 .iplt          0x08008978        0x0 c:/siliconlabs/simplicitystudio/v5/developer/toolchains/gnu_arm/12.2.rel1_2023.7/bin/../lib/gcc/arm-none-eabi/12.2.1/thumb/v8-m.main+fp/hard/crtbegin.o

.ARM.extab
 *(.ARM.extab* .gnu.linkonce.armextab.*)
                0x08008978                __exidx_start = .

.ARM.exidx      0x08008978        0x8
 *(.ARM.exidx* .gnu.linkonce.armexidx.*)
 .ARM.exidx     0x08008978        0x8 c:/siliconlabs/simplicitystudio/v5/developer/toolchains/gnu_arm/12.2.rel1_2023.7/bin/../lib/gcc/arm-none-eabi/12.2.1/thumb/v8-m.main+fp/hard/crt0.o
                                 0x10 (size before relaxing)
                0x08008980                __exidx_end = .

.rel.dyn        0x08008980        0x0
 .rel.iplt      0x08008980        0x0 c:/siliconlabs/simplicitystudio/v5/developer/toolchains/gnu_arm/12.2.rel1_2023.7/bin/../lib/gcc/arm-none-eabi/12.2.1/thumb/v8-m.main+fp/hard/crtbegin.o

.copy.table     0x08008980        0xc
                0x08008980                . = ALIGN (0x4)
                0x08008980                __copy_table_start__ = .
                0x08008980        0x4 LONG 0x800898c __etext
                0x08008984        0x4 LONG 0x20001000 __data_start__
                0x08008988        0x4 LONG 0xff ((__data_end__ - __data_start__) / 0x4)
                0x0800898c                __copy_table_end__ = .

.zero.table     0x0800898c        0x0
                0x0800898c                . = ALIGN (0x4)
                0x0800898c                __zero_table_start__ = .
                0x0800898c                __zero_table_end__ = .
                0x0800898c                __etext = .
                0x20000000                . = ORIGIN (RAM)

.stack          0x20000000     0x1000
                0x20000000                __StackLimit = .
 *(.stack*)
 .stack         0x20000000     0x1000 ./gecko_sdk_4.4.1/platform/common/toolchain/src/sl_memory.o
                0x20001000                . = ALIGN (0x4)
                0x20001000                __StackTop = .
                0x20001000                PROVIDE (__stack = __StackTop)

.noinit
 *(.noinit*)

.data           0x20001000      0x3fc load address 0x0800898c
                0x20001000                . = ALIGN (0x4)
                0x20001000                __data_start__ = .
 *(vtable)
 *(SORT_BY_ALIGNMENT(.data*))
 .data.max_k    0x20001000        0x4 ./app.o
                0x20001000                max_k
 .data.max_n    0x20001004        0x4 ./app.o
                0x20001004                max_n
 .data.Scale    0x20001008        0x4 ./app.o
                0x20001008                Scale
 .data.key_wave
                0x2000100c      0x200 ./app.o
                0x2000100c                key_wave
 .data.sl_iostream_vcom_handle
                0x2000120c        0x4 ./autogen/sl_iostream_init_usart_instances.o
                0x2000120c                sl_iostream_vcom_handle
 .data.SystemCoreClock
                0x20001210        0x4 ./gecko_sdk_4.4.1/platform/Device/SiliconLabs/EFM32PG28/Source/system_efm32pg28.o
                0x20001210                SystemCoreClock
 .data.SystemHFRCODPLLClock
                0x20001214        0x4 ./gecko_sdk_4.4.1/platform/Device/SiliconLabs/EFM32PG28/Source/system_efm32pg28.o
 .data.SystemLFXOClock
                0x20001218        0x4 ./gecko_sdk_4.4.1/platform/Device/SiliconLabs/EFM32PG28/Source/system_efm32pg28.o
 .data.SystemHFXOClock
                0x2000121c        0x4 ./gecko_sdk_4.4.1/platform/Device/SiliconLabs/EFM32PG28/Source/system_efm32pg28.o
 .data.heap_end.0
                0x20001220        0x4 ./gecko_sdk_4.4.1/platform/common/toolchain/src/sl_memory.o
 .data.__sglue  0x20001224        0xc c:/siliconlabs/simplicitystudio/v5/developer/toolchains/gnu_arm/12.2.rel1_2023.7/bin/../lib/gcc/arm-none-eabi/12.2.1/thumb/v8-m.main+fp/hard\libc_nano.a(libc_a-findfp.o)
                0x20001224                __sglue
 .data._impure_ptr
                0x20001230        0x4 c:/siliconlabs/simplicitystudio/v5/developer/toolchains/gnu_arm/12.2.rel1_2023.7/bin/../lib/gcc/arm-none-eabi/12.2.1/thumb/v8-m.main+fp/hard\libc_nano.a(libc_a-impure.o)
                0x20001230                _impure_ptr
 .data._impure_data
                0x20001234       0x4c c:/siliconlabs/simplicitystudio/v5/developer/toolchains/gnu_arm/12.2.rel1_2023.7/bin/../lib/gcc/arm-none-eabi/12.2.1/thumb/v8-m.main+fp/hard\libc_nano.a(libc_a-impure.o)
                0x20001234                _impure_data
 .data.__global_locale
                0x20001280      0x16c c:/siliconlabs/simplicitystudio/v5/developer/toolchains/gnu_arm/12.2.rel1_2023.7/bin/../lib/gcc/arm-none-eabi/12.2.1/thumb/v8-m.main+fp/hard\libc_nano.a(libc_a-locale.o)
                0x20001280                __global_locale
 .data.hfxo_precision
                0x200013ec        0x2 ./gecko_sdk_4.4.1/platform/emlib/src/em_cmu.o
 .data.lfxo_precision
                0x200013ee        0x2 ./gecko_sdk_4.4.1/platform/emlib/src/em_cmu.o
 .data.ctuneDelta
                0x200013f0        0x1 ./gecko_sdk_4.4.1/platform/emlib/src/em_cmu.o
                0x200013f4                . = ALIGN (0x4)
 *fill*         0x200013f1        0x3 
                [!provide]                PROVIDE (__ram_func_section_start = .)
 *(.ram)
                [!provide]                PROVIDE (__ram_func_section_end = .)
                0x200013f4                . = ALIGN (0x4)
                0x200013f4                PROVIDE (__preinit_array_start = .)
 *(.preinit_array)
                0x200013f4                PROVIDE (__preinit_array_end = .)
                0x200013f4                . = ALIGN (0x4)
                0x200013f4                PROVIDE (__init_array_start = .)
 *(SORT_BY_NAME(.init_array.*))
 *(.init_array)
 .init_array    0x200013f4        0x4 c:/siliconlabs/simplicitystudio/v5/developer/toolchains/gnu_arm/12.2.rel1_2023.7/bin/../lib/gcc/arm-none-eabi/12.2.1/thumb/v8-m.main+fp/hard/crtbegin.o
                0x200013f8                PROVIDE (__init_array_end = .)
                0x200013f8                . = ALIGN (0x4)
                [!provide]                PROVIDE (__fini_array_start = .)
 *(SORT_BY_NAME(.fini_array.*))
 *(.fini_array)
 .fini_array    0x200013f8        0x4 c:/siliconlabs/simplicitystudio/v5/developer/toolchains/gnu_arm/12.2.rel1_2023.7/bin/../lib/gcc/arm-none-eabi/12.2.1/thumb/v8-m.main+fp/hard/crtbegin.o
                [!provide]                PROVIDE (__fini_array_end = .)
                0x200013fc                . = ALIGN (0x4)
                0x200013fc                __data_end__ = .

.tm_clone_table
                0x200013fc        0x0 load address 0x08008d88
 .tm_clone_table
                0x200013fc        0x0 c:/siliconlabs/simplicitystudio/v5/developer/toolchains/gnu_arm/12.2.rel1_2023.7/bin/../lib/gcc/arm-none-eabi/12.2.1/thumb/v8-m.main+fp/hard/crtbegin.o
 .tm_clone_table
                0x200013fc        0x0 c:/siliconlabs/simplicitystudio/v5/developer/toolchains/gnu_arm/12.2.rel1_2023.7/bin/../lib/gcc/arm-none-eabi/12.2.1/thumb/v8-m.main+fp/hard/crtend.o

.igot.plt       0x200013fc        0x0 load address 0x08008d88
 .igot.plt      0x200013fc        0x0 c:/siliconlabs/simplicitystudio/v5/developer/toolchains/gnu_arm/12.2.rel1_2023.7/bin/../lib/gcc/arm-none-eabi/12.2.1/thumb/v8-m.main+fp/hard/crtbegin.o

.bss            0x200013fc     0xa3b4 load address 0x08008d88
                0x200013fc                . = ALIGN (0x4)
                0x200013fc                __bss_start__ = .
 *(SORT_BY_ALIGNMENT(.bss*))
 .bss.object.0  0x200013fc       0x18 c:/siliconlabs/simplicitystudio/v5/developer/toolchains/gnu_arm/12.2.rel1_2023.7/bin/../lib/gcc/arm-none-eabi/12.2.1/thumb/v8-m.main+fp/hard/crtbegin.o
 .bss.k         0x20001414        0x4 ./app.o
                0x20001414                k
 .bss.n         0x20001418        0x4 ./app.o
                0x20001418                n
 .bss.flag2     0x2000141c        0x4 ./app.o
                0x2000141c                flag2
 .bss.flag1     0x20001420        0x4 ./app.o
                0x20001420                flag1
 .bss.count     0x20001424        0x4 ./app.o
                0x20001424                count
 .bss.secondBuffer
                0x20001428     0x5000 ./app.o
                0x20001428                secondBuffer
 .bss.singleBuffer
                0x20006428     0x5000 ./app.o
                0x20006428                singleBuffer
 .bss.rx_buffer_vcom
                0x2000b428       0x50 ./autogen/sl_iostream_init_usart_instances.o
 .bss.context_vcom
                0x2000b478       0x4c ./autogen/sl_iostream_init_usart_instances.o
 .bss.sl_iostream_vcom
                0x2000b4c4       0x18 ./autogen/sl_iostream_init_usart_instances.o
 .bss.dmaXfer   0x2000b4dc      0x100 ./gecko_sdk_4.4.1/platform/emdrv/dmadrv/src/dmadrv.o
 .bss.chTable   0x2000b5dc       0x80 ./gecko_sdk_4.4.1/platform/emdrv/dmadrv/src/dmadrv.o
 .bss.vScaleEM01Config
                0x2000b65c        0x1 ./gecko_sdk_4.4.1/platform/emlib/src/em_emu.o
 *fill*         0x2000b65d        0x3 
 .bss.sli_iostream_default
                0x2000b660        0x4 ./gecko_sdk_4.4.1/platform/service/iostream/src/sl_iostream.o
 .bss.__sf      0x2000b664      0x138 c:/siliconlabs/simplicitystudio/v5/developer/toolchains/gnu_arm/12.2.rel1_2023.7/bin/../lib/gcc/arm-none-eabi/12.2.1/thumb/v8-m.main+fp/hard\libc_nano.a(libc_a-findfp.o)
                0x2000b664                __sf
 .bss.__stdio_exit_handler
                0x2000b79c        0x4 c:/siliconlabs/simplicitystudio/v5/developer/toolchains/gnu_arm/12.2.rel1_2023.7/bin/../lib/gcc/arm-none-eabi/12.2.1/thumb/v8-m.main+fp/hard\libc_nano.a(libc_a-findfp.o)
                0x2000b79c                __stdio_exit_handler
 .bss.errno     0x2000b7a0        0x4 c:/siliconlabs/simplicitystudio/v5/developer/toolchains/gnu_arm/12.2.rel1_2023.7/bin/../lib/gcc/arm-none-eabi/12.2.1/thumb/v8-m.main+fp/hard\libc_nano.a(libc_a-reent.o)
                0x2000b7a0                errno
 .bss.__malloc_sbrk_start
                0x2000b7a4        0x4 c:/siliconlabs/simplicitystudio/v5/developer/toolchains/gnu_arm/12.2.rel1_2023.7/bin/../lib/gcc/arm-none-eabi/12.2.1/thumb/v8-m.main+fp/hard\libc_nano.a(libc_a-mallocr.o)
                0x2000b7a4                __malloc_sbrk_start
 .bss.__malloc_free_list
                0x2000b7a8        0x4 c:/siliconlabs/simplicitystudio/v5/developer/toolchains/gnu_arm/12.2.rel1_2023.7/bin/../lib/gcc/arm-none-eabi/12.2.1/thumb/v8-m.main+fp/hard\libc_nano.a(libc_a-mallocr.o)
                0x2000b7a8                __malloc_free_list
 .bss.completed.1
                0x2000b7ac        0x1 c:/siliconlabs/simplicitystudio/v5/developer/toolchains/gnu_arm/12.2.rel1_2023.7/bin/../lib/gcc/arm-none-eabi/12.2.1/thumb/v8-m.main+fp/hard/crtbegin.o
 .bss.initialized
                0x2000b7ad        0x1 ./gecko_sdk_4.4.1/platform/emdrv/dmadrv/src/dmadrv.o
 .bss.__lock___malloc_recursive_mutex
                0x2000b7ae        0x1 c:/siliconlabs/simplicitystudio/v5/developer/toolchains/gnu_arm/12.2.rel1_2023.7/bin/../lib/gcc/arm-none-eabi/12.2.1/thumb/v8-m.main+fp/hard\libc_nano.a(libc_a-lock.o)
                0x2000b7ae                __lock___malloc_recursive_mutex
 .bss.__lock___sfp_recursive_mutex
                0x2000b7af        0x1 c:/siliconlabs/simplicitystudio/v5/developer/toolchains/gnu_arm/12.2.rel1_2023.7/bin/../lib/gcc/arm-none-eabi/12.2.1/thumb/v8-m.main+fp/hard\libc_nano.a(libc_a-lock.o)
                0x2000b7af                __lock___sfp_recursive_mutex
 *(COMMON)
                0x2000b7b0                . = ALIGN (0x4)
                0x2000b7b0                __bss_end__ = .
                0x2000b7b0                __ramfuncs_start__ = .
                0x2000b7b0                __vma_ramfuncs_start__ = .
                0x08008d88                __lma_ramfuncs_start__ = (__etext + SIZEOF (.data))
                0x00000000                __text_application_ram_offset__ = (. - __vma_ramfuncs_start__)

text_application_ram
                0x2000b7b0        0x0 load address 0x08008d88
                0x2000b7b0                . = ALIGN (0x4)
                0x2000b7b0                __text_application_ram_start__ = .
 *(text_application_ram)
                0x2000b7b0                . = ALIGN (0x4)
                0x2000b7b0                __text_application_ram_end__ = .
                0x2000b7b0                . = ALIGN (0x4)
                0x2000b7b0                __vma_ramfuncs_end__ = .
                0x08008d88                __lma_ramfuncs_end__ = ((__lma_ramfuncs_start__ + __text_application_ram_offset__) + SIZEOF (text_application_ram))
                0x2000b7b0                __ramfuncs_end__ = .

.heap           0x2000b7b0      0x800
                0x2000b7b0                __HeapBase = .
                0x2000b7b0                __end__ = .
                0x2000b7b0                end = __end__
                0x2000b7b0                _end = __end__
 *(.heap*)
 .heap          0x2000b7b0      0x800 ./gecko_sdk_4.4.1/platform/common/toolchain/src/sl_memory.o
                0x20040000                __HeapLimit = (ORIGIN (RAM) + LENGTH (RAM))
                0x00034850                __heap_size = (__HeapLimit - __HeapBase)
                0x20040000                __ram_end__ = 0x20040000
                0x080fe000                __main_flash_end__ = 0x80fe000

.internal_storage
 *(.internal_storage*)

.nvm
 *(.simee*)
                0x080fe000                linker_nvm_end = __main_flash_end__
                0x080fe000                linker_nvm_begin = (linker_nvm_end - SIZEOF (.nvm))
                0x00000000                linker_nvm_size = SIZEOF (.nvm)
                0x080fe000                linker_storage_end = linker_nvm_begin
                0x080fe000                __nvm3Base = linker_nvm_begin
                0x080fe000                linker_storage_begin = (linker_storage_end - SIZEOF (.internal_storage))
                0x00000000                linker_storage_size = SIZEOF (.internal_storage)
                0x00000001                ASSERT ((linker_storage_begin >= (__etext + SIZEOF (.data))), FLASH memory overflowed !)
                0x080fe000                app_flash_end = 0x80fe000
                0x00000001                ASSERT (((linker_nvm_begin + SIZEOF (.nvm)) <= app_flash_end), NVM3 is excessing the flash size !)
OUTPUT(Pingpong.axf elf32-littlearm)
LOAD linker stubs

.ARM.attributes
                0x00000000       0x36
 .ARM.attributes
                0x00000000       0x26 c:/siliconlabs/simplicitystudio/v5/developer/toolchains/gnu_arm/12.2.rel1_2023.7/bin/../lib/gcc/arm-none-eabi/12.2.1/thumb/v8-m.main+fp/hard/crti.o
 .ARM.attributes
                0x00000026       0x38 c:/siliconlabs/simplicitystudio/v5/developer/toolchains/gnu_arm/12.2.rel1_2023.7/bin/../lib/gcc/arm-none-eabi/12.2.1/thumb/v8-m.main+fp/hard/crtbegin.o
 .ARM.attributes
                0x0000005e       0x24 c:/siliconlabs/simplicitystudio/v5/developer/toolchains/gnu_arm/12.2.rel1_2023.7/bin/../lib/gcc/arm-none-eabi/12.2.1/thumb/v8-m.main+fp/hard/crt0.o
 .ARM.attributes
                0x00000082       0x3a ./app.o
 .ARM.attributes
                0x000000bc       0x3a ./app_peripherals.o
 .ARM.attributes
                0x000000f6       0x3a ./bsp_trace.o
 .ARM.attributes
                0x00000130       0x3a ./main.o
 .ARM.attributes
                0x0000016a       0x3a ./autogen/sl_board_default_init.o
 .ARM.attributes
                0x000001a4       0x3a ./autogen/sl_device_init_clocks.o
 .ARM.attributes
                0x000001de       0x3a ./autogen/sl_event_handler.o
 .ARM.attributes
                0x00000218       0x3a ./autogen/sl_iostream_init_usart_instances.o
 .ARM.attributes
                0x00000252       0x3a ./gecko_sdk_4.4.1/hardware/board/src/sl_board_control_gpio.o
 .ARM.attributes
                0x0000028c       0x3a ./gecko_sdk_4.4.1/hardware/board/src/sl_board_init.o
 .ARM.attributes
                0x000002c6       0x3a ./gecko_sdk_4.4.1/hardware/driver/configuration_over_swo/src/sl_cos.o
 .ARM.attributes
                0x00000300       0x3a ./gecko_sdk_4.4.1/platform/Device/SiliconLabs/EFM32PG28/Source/startup_efm32pg28.o
 .ARM.attributes
                0x0000033a       0x3a ./gecko_sdk_4.4.1/platform/Device/SiliconLabs/EFM32PG28/Source/system_efm32pg28.o
 .ARM.attributes
                0x00000374       0x3a ./gecko_sdk_4.4.1/platform/common/src/sl_assert.o
 .ARM.attributes
                0x000003ae       0x3a ./gecko_sdk_4.4.1/platform/common/toolchain/src/sl_memory.o
 .ARM.attributes
                0x000003e8       0x3a ./gecko_sdk_4.4.1/platform/driver/debug/src/sl_debug_swo.o
 .ARM.attributes
                0x00000422       0x3a ./gecko_sdk_4.4.1/platform/emdrv/dmadrv/src/dmadrv.o
 .ARM.attributes
                0x0000045c       0x3a ./gecko_sdk_4.4.1/platform/emlib/src/em_cmu.o
 .ARM.attributes
                0x00000496       0x3a ./gecko_sdk_4.4.1/platform/emlib/src/em_core.o
 .ARM.attributes
                0x000004d0       0x3a ./gecko_sdk_4.4.1/platform/emlib/src/em_emu.o
 .ARM.attributes
                0x0000050a       0x3a ./gecko_sdk_4.4.1/platform/emlib/src/em_gpio.o
 .ARM.attributes
                0x00000544       0x3a ./gecko_sdk_4.4.1/platform/emlib/src/em_iadc.o
 .ARM.attributes
                0x0000057e       0x3a ./gecko_sdk_4.4.1/platform/emlib/src/em_ldma.o
 .ARM.attributes
                0x000005b8       0x3a ./gecko_sdk_4.4.1/platform/emlib/src/em_system.o
 .ARM.attributes
                0x000005f2       0x3a ./gecko_sdk_4.4.1/platform/emlib/src/em_usart.o
 .ARM.attributes
                0x0000062c       0x3a ./gecko_sdk_4.4.1/platform/service/device_init/src/sl_device_init_dcdc_s2.o
 .ARM.attributes
                0x00000666       0x3a ./gecko_sdk_4.4.1/platform/service/device_init/src/sl_device_init_emu_s2.o
 .ARM.attributes
                0x000006a0       0x3a ./gecko_sdk_4.4.1/platform/service/device_init/src/sl_device_init_hfxo_s2.o
 .ARM.attributes
                0x000006da       0x3a ./gecko_sdk_4.4.1/platform/service/device_init/src/sl_device_init_lfxo_s2.o
 .ARM.attributes
                0x00000714       0x3a ./gecko_sdk_4.4.1/platform/service/device_init/src/sl_device_init_nvic.o
 .ARM.attributes
                0x0000074e       0x3a ./gecko_sdk_4.4.1/platform/service/iostream/src/sl_iostream.o
 .ARM.attributes
                0x00000788       0x3a ./gecko_sdk_4.4.1/platform/service/iostream/src/sl_iostream_retarget_stdio.o
 .ARM.attributes
                0x000007c2       0x3a ./gecko_sdk_4.4.1/platform/service/iostream/src/sl_iostream_uart.o
 .ARM.attributes
                0x000007fc       0x3a ./gecko_sdk_4.4.1/platform/service/iostream/src/sl_iostream_usart.o
 .ARM.attributes
                0x00000836       0x3a ./gecko_sdk_4.4.1/platform/service/system/src/sl_system_init.o
 .ARM.attributes
                0x00000870       0x26 c:/siliconlabs/simplicitystudio/v5/developer/toolchains/gnu_arm/12.2.rel1_2023.7/bin/../lib/gcc/arm-none-eabi/12.2.1/thumb/v8-m.main+fp/hard\libgcc.a(_arm_addsubdf3.o)
 .ARM.attributes
                0x00000896       0x26 c:/siliconlabs/simplicitystudio/v5/developer/toolchains/gnu_arm/12.2.rel1_2023.7/bin/../lib/gcc/arm-none-eabi/12.2.1/thumb/v8-m.main+fp/hard\libgcc.a(_arm_muldivdf3.o)
 .ARM.attributes
                0x000008bc       0x38 c:/siliconlabs/simplicitystudio/v5/developer/toolchains/gnu_arm/12.2.rel1_2023.7/bin/../lib/gcc/arm-none-eabi/12.2.1/thumb/v8-m.main+fp/hard\libc_nano.a(libc_a-exit.o)
 .ARM.attributes
                0x000008f4       0x38 c:/siliconlabs/simplicitystudio/v5/developer/toolchains/gnu_arm/12.2.rel1_2023.7/bin/../lib/gcc/arm-none-eabi/12.2.1/thumb/v8-m.main+fp/hard\libc_nano.a(libc_a-ctype_.o)
 .ARM.attributes
                0x0000092c       0x38 c:/siliconlabs/simplicitystudio/v5/developer/toolchains/gnu_arm/12.2.rel1_2023.7/bin/../lib/gcc/arm-none-eabi/12.2.1/thumb/v8-m.main+fp/hard\libc_nano.a(libc_a-nano-vfprintf_float.o)
 .ARM.attributes
                0x00000964       0x38 c:/siliconlabs/simplicitystudio/v5/developer/toolchains/gnu_arm/12.2.rel1_2023.7/bin/../lib/gcc/arm-none-eabi/12.2.1/thumb/v8-m.main+fp/hard\libc_nano.a(libc_a-nano-vfprintf_i.o)
 .ARM.attributes
                0x0000099c       0x38 c:/siliconlabs/simplicitystudio/v5/developer/toolchains/gnu_arm/12.2.rel1_2023.7/bin/../lib/gcc/arm-none-eabi/12.2.1/thumb/v8-m.main+fp/hard\libc_nano.a(libc_a-findfp.o)
 .ARM.attributes
                0x000009d4       0x38 c:/siliconlabs/simplicitystudio/v5/developer/toolchains/gnu_arm/12.2.rel1_2023.7/bin/../lib/gcc/arm-none-eabi/12.2.1/thumb/v8-m.main+fp/hard\libc_nano.a(libc_a-fwalk.o)
 .ARM.attributes
                0x00000a0c       0x38 c:/siliconlabs/simplicitystudio/v5/developer/toolchains/gnu_arm/12.2.rel1_2023.7/bin/../lib/gcc/arm-none-eabi/12.2.1/thumb/v8-m.main+fp/hard\libc_nano.a(libc_a-printf.o)
 .ARM.attributes
                0x00000a44       0x38 c:/siliconlabs/simplicitystudio/v5/developer/toolchains/gnu_arm/12.2.rel1_2023.7/bin/../lib/gcc/arm-none-eabi/12.2.1/thumb/v8-m.main+fp/hard\libc_nano.a(libc_a-puts.o)
 .ARM.attributes
                0x00000a7c       0x38 c:/siliconlabs/simplicitystudio/v5/developer/toolchains/gnu_arm/12.2.rel1_2023.7/bin/../lib/gcc/arm-none-eabi/12.2.1/thumb/v8-m.main+fp/hard\libc_nano.a(libc_a-setvbuf.o)
 .ARM.attributes
                0x00000ab4       0x38 c:/siliconlabs/simplicitystudio/v5/developer/toolchains/gnu_arm/12.2.rel1_2023.7/bin/../lib/gcc/arm-none-eabi/12.2.1/thumb/v8-m.main+fp/hard\libc_nano.a(libc_a-stdio.o)
 .ARM.attributes
                0x00000aec       0x38 c:/siliconlabs/simplicitystudio/v5/developer/toolchains/gnu_arm/12.2.rel1_2023.7/bin/../lib/gcc/arm-none-eabi/12.2.1/thumb/v8-m.main+fp/hard\libc_nano.a(libc_a-wbuf.o)
 .ARM.attributes
                0x00000b24       0x38 c:/siliconlabs/simplicitystudio/v5/developer/toolchains/gnu_arm/12.2.rel1_2023.7/bin/../lib/gcc/arm-none-eabi/12.2.1/thumb/v8-m.main+fp/hard\libc_nano.a(libc_a-wsetup.o)
 .ARM.attributes
                0x00000b5c       0x38 c:/siliconlabs/simplicitystudio/v5/developer/toolchains/gnu_arm/12.2.rel1_2023.7/bin/../lib/gcc/arm-none-eabi/12.2.1/thumb/v8-m.main+fp/hard\libc_nano.a(libc_a-memset.o)
 .ARM.attributes
                0x00000b94       0x38 c:/siliconlabs/simplicitystudio/v5/developer/toolchains/gnu_arm/12.2.rel1_2023.7/bin/../lib/gcc/arm-none-eabi/12.2.1/thumb/v8-m.main+fp/hard\libc_nano.a(libc_a-localeconv.o)
 .ARM.attributes
                0x00000bcc       0x38 c:/siliconlabs/simplicitystudio/v5/developer/toolchains/gnu_arm/12.2.rel1_2023.7/bin/../lib/gcc/arm-none-eabi/12.2.1/thumb/v8-m.main+fp/hard\libc_nano.a(libc_a-closer.o)
 .ARM.attributes
                0x00000c04       0x38 c:/siliconlabs/simplicitystudio/v5/developer/toolchains/gnu_arm/12.2.rel1_2023.7/bin/../lib/gcc/arm-none-eabi/12.2.1/thumb/v8-m.main+fp/hard\libc_nano.a(libc_a-reent.o)
 .ARM.attributes
                0x00000c3c       0x38 c:/siliconlabs/simplicitystudio/v5/developer/toolchains/gnu_arm/12.2.rel1_2023.7/bin/../lib/gcc/arm-none-eabi/12.2.1/thumb/v8-m.main+fp/hard\libc_nano.a(libc_a-impure.o)
 .ARM.attributes
                0x00000c74       0x38 c:/siliconlabs/simplicitystudio/v5/developer/toolchains/gnu_arm/12.2.rel1_2023.7/bin/../lib/gcc/arm-none-eabi/12.2.1/thumb/v8-m.main+fp/hard\libc_nano.a(libc_a-lseekr.o)
 .ARM.attributes
                0x00000cac       0x38 c:/siliconlabs/simplicitystudio/v5/developer/toolchains/gnu_arm/12.2.rel1_2023.7/bin/../lib/gcc/arm-none-eabi/12.2.1/thumb/v8-m.main+fp/hard\libc_nano.a(libc_a-readr.o)
 .ARM.attributes
                0x00000ce4       0x38 c:/siliconlabs/simplicitystudio/v5/developer/toolchains/gnu_arm/12.2.rel1_2023.7/bin/../lib/gcc/arm-none-eabi/12.2.1/thumb/v8-m.main+fp/hard\libc_nano.a(libc_a-writer.o)
 .ARM.attributes
                0x00000d1c       0x38 c:/siliconlabs/simplicitystudio/v5/developer/toolchains/gnu_arm/12.2.rel1_2023.7/bin/../lib/gcc/arm-none-eabi/12.2.1/thumb/v8-m.main+fp/hard\libc_nano.a(libc_a-init.o)
 .ARM.attributes
                0x00000d54       0x38 c:/siliconlabs/simplicitystudio/v5/developer/toolchains/gnu_arm/12.2.rel1_2023.7/bin/../lib/gcc/arm-none-eabi/12.2.1/thumb/v8-m.main+fp/hard\libc_nano.a(libc_a-lock.o)
 .ARM.attributes
                0x00000d8c       0x38 c:/siliconlabs/simplicitystudio/v5/developer/toolchains/gnu_arm/12.2.rel1_2023.7/bin/../lib/gcc/arm-none-eabi/12.2.1/thumb/v8-m.main+fp/hard\libc_nano.a(libc_a-memchr-stub.o)
 .ARM.attributes
                0x00000dc4       0x38 c:/siliconlabs/simplicitystudio/v5/developer/toolchains/gnu_arm/12.2.rel1_2023.7/bin/../lib/gcc/arm-none-eabi/12.2.1/thumb/v8-m.main+fp/hard\libc_nano.a(libc_a-memcpy-stub.o)
 .ARM.attributes
                0x00000dfc       0x17 c:/siliconlabs/simplicitystudio/v5/developer/toolchains/gnu_arm/12.2.rel1_2023.7/bin/../lib/gcc/arm-none-eabi/12.2.1/thumb/v8-m.main+fp/hard\libc_nano.a(libc_a-strlen.o)
 .ARM.attributes
                0x00000e13       0x38 c:/siliconlabs/simplicitystudio/v5/developer/toolchains/gnu_arm/12.2.rel1_2023.7/bin/../lib/gcc/arm-none-eabi/12.2.1/thumb/v8-m.main+fp/hard\libc_nano.a(libc_a-dtoa.o)
 .ARM.attributes
                0x00000e4b       0x38 c:/siliconlabs/simplicitystudio/v5/developer/toolchains/gnu_arm/12.2.rel1_2023.7/bin/../lib/gcc/arm-none-eabi/12.2.1/thumb/v8-m.main+fp/hard\libc_nano.a(libc_a-freer.o)
 .ARM.attributes
                0x00000e83       0x38 c:/siliconlabs/simplicitystudio/v5/developer/toolchains/gnu_arm/12.2.rel1_2023.7/bin/../lib/gcc/arm-none-eabi/12.2.1/thumb/v8-m.main+fp/hard\libc_nano.a(libc_a-malloc.o)
 .ARM.attributes
                0x00000ebb       0x38 c:/siliconlabs/simplicitystudio/v5/developer/toolchains/gnu_arm/12.2.rel1_2023.7/bin/../lib/gcc/arm-none-eabi/12.2.1/thumb/v8-m.main+fp/hard\libc_nano.a(libc_a-mallocr.o)
 .ARM.attributes
                0x00000ef3       0x38 c:/siliconlabs/simplicitystudio/v5/developer/toolchains/gnu_arm/12.2.rel1_2023.7/bin/../lib/gcc/arm-none-eabi/12.2.1/thumb/v8-m.main+fp/hard\libc_nano.a(libc_a-mlock.o)
 .ARM.attributes
                0x00000f2b       0x38 c:/siliconlabs/simplicitystudio/v5/developer/toolchains/gnu_arm/12.2.rel1_2023.7/bin/../lib/gcc/arm-none-eabi/12.2.1/thumb/v8-m.main+fp/hard\libc_nano.a(libc_a-mprec.o)
 .ARM.attributes
                0x00000f63       0x38 c:/siliconlabs/simplicitystudio/v5/developer/toolchains/gnu_arm/12.2.rel1_2023.7/bin/../lib/gcc/arm-none-eabi/12.2.1/thumb/v8-m.main+fp/hard\libc_nano.a(libc_a-nano-vfprintf.o)
 .ARM.attributes
                0x00000f9b       0x38 c:/siliconlabs/simplicitystudio/v5/developer/toolchains/gnu_arm/12.2.rel1_2023.7/bin/../lib/gcc/arm-none-eabi/12.2.1/thumb/v8-m.main+fp/hard\libc_nano.a(libc_a-fflush.o)
 .ARM.attributes
                0x00000fd3       0x38 c:/siliconlabs/simplicitystudio/v5/developer/toolchains/gnu_arm/12.2.rel1_2023.7/bin/../lib/gcc/arm-none-eabi/12.2.1/thumb/v8-m.main+fp/hard\libc_nano.a(libc_a-makebuf.o)
 .ARM.attributes
                0x0000100b       0x38 c:/siliconlabs/simplicitystudio/v5/developer/toolchains/gnu_arm/12.2.rel1_2023.7/bin/../lib/gcc/arm-none-eabi/12.2.1/thumb/v8-m.main+fp/hard\libc_nano.a(libc_a-locale.o)
 .ARM.attributes
                0x00001043       0x38 c:/siliconlabs/simplicitystudio/v5/developer/toolchains/gnu_arm/12.2.rel1_2023.7/bin/../lib/gcc/arm-none-eabi/12.2.1/thumb/v8-m.main+fp/hard\libc_nano.a(libc_a-fstatr.o)
 .ARM.attributes
                0x0000107b       0x38 c:/siliconlabs/simplicitystudio/v5/developer/toolchains/gnu_arm/12.2.rel1_2023.7/bin/../lib/gcc/arm-none-eabi/12.2.1/thumb/v8-m.main+fp/hard\libc_nano.a(libc_a-isattyr.o)
 .ARM.attributes
                0x000010b3       0x38 c:/siliconlabs/simplicitystudio/v5/developer/toolchains/gnu_arm/12.2.rel1_2023.7/bin/../lib/gcc/arm-none-eabi/12.2.1/thumb/v8-m.main+fp/hard\libc_nano.a(libc_a-sbrkr.o)
 .ARM.attributes
                0x000010eb       0x38 c:/siliconlabs/simplicitystudio/v5/developer/toolchains/gnu_arm/12.2.rel1_2023.7/bin/../lib/gcc/arm-none-eabi/12.2.1/thumb/v8-m.main+fp/hard\libc_nano.a(libc_a-assert.o)
 .ARM.attributes
                0x00001123       0x38 c:/siliconlabs/simplicitystudio/v5/developer/toolchains/gnu_arm/12.2.rel1_2023.7/bin/../lib/gcc/arm-none-eabi/12.2.1/thumb/v8-m.main+fp/hard\libc_nano.a(libc_a-callocr.o)
 .ARM.attributes