Archive member included to satisfy reference by file (symbol)

c:/siliconlabs/simplicitystudio/v5/developer/toolchains/gnu_arm/12.2.rel1_2023.7/bin/../lib/gcc/arm-none-eabi/12.2.1/thumb/v8-m.main+fp/hard\libgcc.a(_arm_muldf3.o)
                              ./app_peripherals.o (__aeabi_dmul)
c:/siliconlabs/simplicitystudio/v5/developer/toolchains/gnu_arm/12.2.rel1_2023.7/bin/../lib/gcc/arm-none-eabi/12.2.1/thumb/v8-m.main+fp/hard\libgcc.a(_arm_addsubdf3.o)
                              ./app_peripherals.o (__aeabi_i2d)
c:/siliconlabs/simplicitystudio/v5/developer/toolchains/gnu_arm/12.2.rel1_2023.7/bin/../lib/gcc/arm-none-eabi/12.2.1/thumb/v8-m.main+fp/hard\libgcc.a(_arm_muldivdf3.o)
                              ./app_peripherals.o (__aeabi_ddiv)
c:/siliconlabs/simplicitystudio/v5/developer/toolchains/gnu_arm/12.2.rel1_2023.7/bin/../lib/gcc/arm-none-eabi/12.2.1/thumb/v8-m.main+fp/hard\libgcc.a(_aeabi_ldivmod.o)
                              ./gecko_sdk_4.4.1/platform/emlib/src/em_usart.o (__aeabi_ldivmod)
c:/siliconlabs/simplicitystudio/v5/developer/toolchains/gnu_arm/12.2.rel1_2023.7/bin/../lib/gcc/arm-none-eabi/12.2.1/thumb/v8-m.main+fp/hard\libgcc.a(_aeabi_uldivmod.o)
                              ./gecko_sdk_4.4.1/platform/emlib/src/em_usart.o (__aeabi_uldivmod)
c:/siliconlabs/simplicitystudio/v5/developer/toolchains/gnu_arm/12.2.rel1_2023.7/bin/../lib/gcc/arm-none-eabi/12.2.1/thumb/v8-m.main+fp/hard\libgcc.a(_udivmoddi4.o)
                              c:/siliconlabs/simplicitystudio/v5/developer/toolchains/gnu_arm/12.2.rel1_2023.7/bin/../lib/gcc/arm-none-eabi/12.2.1/thumb/v8-m.main+fp/hard\libgcc.a(_aeabi_ldivmod.o) (__udivmoddi4)
c:/siliconlabs/simplicitystudio/v5/developer/toolchains/gnu_arm/12.2.rel1_2023.7/bin/../lib/gcc/arm-none-eabi/12.2.1/thumb/v8-m.main+fp/hard\libgcc.a(_dvmd_tls.o)
                              c:/siliconlabs/simplicitystudio/v5/developer/toolchains/gnu_arm/12.2.rel1_2023.7/bin/../lib/gcc/arm-none-eabi/12.2.1/thumb/v8-m.main+fp/hard\libgcc.a(_aeabi_ldivmod.o) (__aeabi_ldiv0)
c:/siliconlabs/simplicitystudio/v5/developer/toolchains/gnu_arm/12.2.rel1_2023.7/bin/../lib/gcc/arm-none-eabi/12.2.1/thumb/v8-m.main+fp/hard\libc_nano.a(libc_a-exit.o)
                              c:/siliconlabs/simplicitystudio/v5/developer/toolchains/gnu_arm/12.2.rel1_2023.7/bin/../lib/gcc/arm-none-eabi/12.2.1/thumb/v8-m.main+fp/hard/crt0.o (exit)
c:/siliconlabs/simplicitystudio/v5/developer/toolchains/gnu_arm/12.2.rel1_2023.7/bin/../lib/gcc/arm-none-eabi/12.2.1/thumb/v8-m.main+fp/hard\libc_nano.a(libc_a-ctype_.o)
                              ./gecko_sdk_4.4.1/platform/common/src/sl_string.o (_ctype_)
c:/siliconlabs/simplicitystudio/v5/developer/toolchains/gnu_arm/12.2.rel1_2023.7/bin/../lib/gcc/arm-none-eabi/12.2.1/thumb/v8-m.main+fp/hard\libc_nano.a(libc_a-nano-vfprintf_float.o)
                              (_printf_float)
c:/siliconlabs/simplicitystudio/v5/developer/toolchains/gnu_arm/12.2.rel1_2023.7/bin/../lib/gcc/arm-none-eabi/12.2.1/thumb/v8-m.main+fp/hard\libc_nano.a(libc_a-nano-vfprintf_i.o)
                              c:/siliconlabs/simplicitystudio/v5/developer/toolchains/gnu_arm/12.2.rel1_2023.7/bin/../lib/gcc/arm-none-eabi/12.2.1/thumb/v8-m.main+fp/hard\libc_nano.a(libc_a-nano-vfprintf_float.o) (_printf_common)
c:/siliconlabs/simplicitystudio/v5/developer/toolchains/gnu_arm/12.2.rel1_2023.7/bin/../lib/gcc/arm-none-eabi/12.2.1/thumb/v8-m.main+fp/hard\libc_nano.a(libc_a-findfp.o)
                              c:/siliconlabs/simplicitystudio/v5/developer/toolchains/gnu_arm/12.2.rel1_2023.7/bin/../lib/gcc/arm-none-eabi/12.2.1/thumb/v8-m.main+fp/hard\libc_nano.a(libc_a-exit.o) (__stdio_exit_handler)
c:/siliconlabs/simplicitystudio/v5/developer/toolchains/gnu_arm/12.2.rel1_2023.7/bin/../lib/gcc/arm-none-eabi/12.2.1/thumb/v8-m.main+fp/hard\libc_nano.a(libc_a-fwalk.o)
                              c:/siliconlabs/simplicitystudio/v5/developer/toolchains/gnu_arm/12.2.rel1_2023.7/bin/../lib/gcc/arm-none-eabi/12.2.1/thumb/v8-m.main+fp/hard\libc_nano.a(libc_a-findfp.o) (_fwalk_sglue)
c:/siliconlabs/simplicitystudio/v5/developer/toolchains/gnu_arm/12.2.rel1_2023.7/bin/../lib/gcc/arm-none-eabi/12.2.1/thumb/v8-m.main+fp/hard\libc_nano.a(libc_a-printf.o)
                              ./app_peripherals.o (printf)
c:/siliconlabs/simplicitystudio/v5/developer/toolchains/gnu_arm/12.2.rel1_2023.7/bin/../lib/gcc/arm-none-eabi/12.2.1/thumb/v8-m.main+fp/hard\libc_nano.a(libc_a-puts.o)
                              ./app_peripherals.o (puts)
c:/siliconlabs/simplicitystudio/v5/developer/toolchains/gnu_arm/12.2.rel1_2023.7/bin/../lib/gcc/arm-none-eabi/12.2.1/thumb/v8-m.main+fp/hard\libc_nano.a(libc_a-setvbuf.o)
                              ./app_peripherals.o (setvbuf)
c:/siliconlabs/simplicitystudio/v5/developer/toolchains/gnu_arm/12.2.rel1_2023.7/bin/../lib/gcc/arm-none-eabi/12.2.1/thumb/v8-m.main+fp/hard\libc_nano.a(libc_a-stdio.o)
[...]
Memory Configuration

Name             Origin             Length             Attributes
FLASH            0x08000000         0x000fe000         xr
RAM              0x20000000         0x00040000         xrw
*default*        0x00000000         0xffffffff

Linker script and memory map

LOAD c:/siliconlabs/simplicitystudio/v5/developer/toolchains/gnu_arm/12.2.rel1_2023.7/bin/../lib/gcc/arm-none-eabi/12.2.1/thumb/v8-m.main+fp/hard/crti.o
LOAD c:/siliconlabs/simplicitystudio/v5/developer/toolchains/gnu_arm/12.2.rel1_2023.7/bin/../lib/gcc/arm-none-eabi/12.2.1/thumb/v8-m.main+fp/hard/crtbegin.o
LOAD c:/siliconlabs/simplicitystudio/v5/developer/toolchains/gnu_arm/12.2.rel1_2023.7/bin/../lib/gcc/arm-none-eabi/12.2.1/thumb/v8-m.main+fp/hard/crt0.o
START GROUP
LOAD ./app.o
LOAD ./app_peripherals.o
LOAD ./main.o
LOAD ./autogen/sl_board_default_init.o
LOAD ./autogen/sl_device_init_clocks.o
LOAD ./autogen/sl_event_handler.o
LOAD ./autogen/sl_iostream_handles.o
LOAD ./autogen/sl_iostream_init_usart_instances.o
LOAD ./gecko_sdk_4.4.1/hardware/board/src/sl_board_control_gpio.o
LOAD ./gecko_sdk_4.4.1/hardware/board/src/sl_board_init.o
LOAD ./gecko_sdk_4.4.1/hardware/driver/configuration_over_swo/src/sl_cos.o
LOAD ./gecko_sdk_4.4.1/platform/Device/SiliconLabs/EFM32PG28/Source/startup_efm32pg28.o
LOAD ./gecko_sdk_4.4.1/platform/Device/SiliconLabs/EFM32PG28/Source/system_efm32pg28.o
LOAD ./gecko_sdk_4.4.1/platform/common/src/sl_assert.o
LOAD ./gecko_sdk_4.4.1/platform/common/src/sl_string.o
LOAD ./gecko_sdk_4.4.1/platform/common/src/sl_syscalls.o
LOAD ./gecko_sdk_4.4.1/platform/common/toolchain/src/sl_memory.o
LOAD ./gecko_sdk_4.4.1/platform/driver/debug/src/sl_debug_swo.o
LOAD ./gecko_sdk_4.4.1/platform/emdrv/dmadrv/src/dmadrv.o
LOAD ./gecko_sdk_4.4.1/platform/emlib/src/em_cmu.o
LOAD ./gecko_sdk_4.4.1/platform/emlib/src/em_core.o
LOAD ./gecko_sdk_4.4.1/platform/emlib/src/em_emu.o
LOAD ./gecko_sdk_4.4.1/platform/emlib/src/em_gpio.o
LOAD ./gecko_sdk_4.4.1/platform/emlib/src/em_iadc.o
LOAD ./gecko_sdk_4.4.1/platform/emlib/src/em_ldma.o
LOAD ./gecko_sdk_4.4.1/platform/emlib/src/em_msc.o
LOAD ./gecko_sdk_4.4.1/platform/emlib/src/em_system.o
LOAD ./gecko_sdk_4.4.1/platform/emlib/src/em_usart.o
LOAD ./gecko_sdk_4.4.1/platform/service/device_init/src/sl_device_init_dcdc_s2.o
LOAD ./gecko_sdk_4.4.1/platform/service/device_init/src/sl_device_init_emu_s2.o
LOAD ./gecko_sdk_4.4.1/platform/service/device_init/src/sl_device_init_hfxo_s2.o
LOAD ./gecko_sdk_4.4.1/platform/service/device_init/src/sl_device_init_lfxo_s2.o
LOAD ./gecko_sdk_4.4.1/platform/service/device_init/src/sl_device_init_nvic.o
LOAD ./gecko_sdk_4.4.1/platform/service/iostream/src/sl_iostream.o
LOAD ./gecko_sdk_4.4.1/platform/service/iostream/src/sl_iostream_retarget_stdio.o
LOAD ./gecko_sdk_4.4.1/platform/service/iostream/src/sl_iostream_uart.o
LOAD ./gecko_sdk_4.4.1/platform/service/iostream/src/sl_iostream_usart.o
LOAD ./gecko_sdk_4.4.1/platform/service/system/src/sl_system_init.o
LOAD ./gecko_sdk_4.4.1/platform/service/system/src/sl_system_process_action.o
LOAD c:/siliconlabs/simplicitystudio/v5/developer/toolchains/gnu_arm/12.2.rel1_2023.7/bin/../lib/gcc/arm-none-eabi/12.2.1/thumb/v8-m.main+fp/hard\libgcc.a
LOAD c:/siliconlabs/simplicitystudio/v5/developer/toolchains/gnu_arm/12.2.rel1_2023.7/bin/../lib/gcc/arm-none-eabi/12.2.1/thumb/v8-m.main+fp/hard\libc_nano.a
LOAD c:/siliconlabs/simplicitystudio/v5/developer/toolchains/gnu_arm/12.2.rel1_2023.7/bin/../lib/gcc/arm-none-eabi/12.2.1/thumb/v8-m.main+fp/hard\libm.a
LOAD c:/siliconlabs/simplicitystudio/v5/developer/toolchains/gnu_arm/12.2.rel1_2023.7/bin/../lib/gcc/arm-none-eabi/12.2.1/thumb/v8-m.main+fp/hard\libnosys.a
END GROUP
START GROUP
LOAD c:/siliconlabs/simplicitystudio/v5/developer/toolchains/gnu_arm/12.2.rel1_2023.7/bin/../lib/gcc/arm-none-eabi/12.2.1/thumb/v8-m.main+fp/hard\libgcc.a
LOAD c:/siliconlabs/simplicitystudio/v5/developer/toolchains/gnu_arm/12.2.rel1_2023.7/bin/../lib/gcc/arm-none-eabi/12.2.1/thumb/v8-m.main+fp/hard\libc_nano.a
LOAD c:/siliconlabs/simplicitystudio/v5/developer/toolchains/gnu_arm/12.2.rel1_2023.7/bin/../lib/gcc/arm-none-eabi/12.2.1/thumb/v8-m.main+fp/hard\libnosys.a
END GROUP
START GROUP
LOAD c:/siliconlabs/simplicitystudio/v5/developer/toolchains/gnu_arm/12.2.rel1_2023.7/bin/../lib/gcc/arm-none-eabi/12.2.1/thumb/v8-m.main+fp/hard\libgcc.a
LOAD c:/siliconlabs/simplicitystudio/v5/developer/toolchains/gnu_arm/12.2.rel1_2023.7/bin/../lib/gcc/arm-none-eabi/12.2.1/thumb/v8-m.main+fp/hard\libg_nano.a
LOAD c:/siliconlabs/simplicitystudio/v5/developer/toolchains/gnu_arm/12.2.rel1_2023.7/bin/../lib/gcc/arm-none-eabi/12.2.1/thumb/v8-m.main+fp/hard\libc_nano.a
END GROUP
START GROUP
LOAD c:/siliconlabs/simplicitystudio/v5/developer/toolchains/gnu_arm/12.2.rel1_2023.7/bin/../lib/gcc/arm-none-eabi/12.2.1/thumb/v8-m.main+fp/hard\libgcc.a
LOAD c:/siliconlabs/simplicitystudio/v5/developer/toolchains/gnu_arm/12.2.rel1_2023.7/bin/../lib/gcc/arm-none-eabi/12.2.1/thumb/v8-m.main+fp/hard\libc_nano.a
END GROUP
LOAD c:/siliconlabs/simplicitystudio/v5/developer/toolchains/gnu_arm/12.2.rel1_2023.7/bin/../lib/gcc/arm-none-eabi/12.2.1/thumb/v8-m.main+fp/hard/crtend.o
LOAD c:/siliconlabs/simplicitystudio/v5/developer/toolchains/gnu_arm/12.2.rel1_2023.7/bin/../lib/gcc/arm-none-eabi/12.2.1/thumb/v8-m.main+fp/hard/crtn.o

.text           0x08000000     0x8980
                0x08000000                linker_vectors_begin = .
 *(.vectors)
 .vectors       0x08000000      0x17c ./gecko_sdk_4.4.1/platform/Device/SiliconLabs/EFM32PG28/Source/startup_efm32pg28.o
                0x08000000                __Vectors
                0x0800017c                linker_vectors_end = .
                0x0800017c                __Vectors_End = .
                0x0800017c                __Vectors_Size = (__Vectors_End - __Vectors)
                0x0800017c                linker_code_begin = .
 *(SORT_BY_ALIGNMENT(.text*))
 *fill*         0x0800017c        0x4 
 .text._dtoa_r  0x08000180      0xc54 c:/siliconlabs/simplicitystudio/v5/developer/toolchains/gnu_arm/12.2.rel1_2023.7/bin/../lib/gcc/arm-none-eabi/12.2.1/thumb/v8-m.main+fp/hard\libc_nano.a(libc_a-dtoa.o)
                0x08000180                _dtoa_r
 .text.deregister_tm_clones
                0x08000dd4       0x1c c:/siliconlabs/simplicitystudio/v5/developer/toolchains/gnu_arm/12.2.rel1_2023.7/bin/../lib/gcc/arm-none-eabi/12.2.1/thumb/v8-m.main+fp/hard/crtbegin.o
 .text.register_tm_clones
                0x08000df0       0x28 c:/siliconlabs/simplicitystudio/v5/developer/toolchains/gnu_arm/12.2.rel1_2023.7/bin/../lib/gcc/arm-none-eabi/12.2.1/thumb/v8-m.main+fp/hard/crtbegin.o
 .text.__do_global_dtors_aux
                0x08000e18       0x28 c:/siliconlabs/simplicitystudio/v5/developer/toolchains/gnu_arm/12.2.rel1_2023.7/bin/../lib/gcc/arm-none-eabi/12.2.1/thumb/v8-m.main+fp/hard/crtbegin.o
 .text.frame_dummy
                0x08000e40       0x24 c:/siliconlabs/simplicitystudio/v5/developer/toolchains/gnu_arm/12.2.rel1_2023.7/bin/../lib/gcc/arm-none-eabi/12.2.1/thumb/v8-m.main+fp/hard/crtbegin.o
 .text          0x08000e64       0x7c c:/siliconlabs/simplicitystudio/v5/developer/toolchains/gnu_arm/12.2.rel1_2023.7/bin/../lib/gcc/arm-none-eabi/12.2.1/thumb/v8-m.main+fp/hard/crt0.o
                0x08000e64                _stack_init
                0x08000e6c                _start
                0x08000e6c                _mainCRTStartup
 .text.app_init
                0x08000ee0       0x3c ./app.o
                0x08000ee0                app_init
 .text.addcount
                0x08000f1c       0x64 ./app.o
                0x08000f1c                addcount
 .text.app_process_action
                0x08000f80      0x160 ./app.o
                0x08000f80                app_process_action
 .text.initGPIO
                0x080010e0       0x28 ./app_peripherals.o
                0x080010e0                initGPIO
 .text.IADCRescale
                0x08001108       0x34 ./app_peripherals.o
                0x08001108                IADCRescale
 .text.initIADC
                0x0800113c       0xb8 ./app_peripherals.o
                0x0800113c                initIADC
 .text.initLDMA
                0x080011f4       0x54 ./app_peripherals.o
                0x080011f4                initLDMA
 .text.startup.main
                0x08001248       0x10 ./main.o
                0x08001248                main
 .text.sl_board_default_init
                0x08001258        0x4 ./autogen/sl_board_default_init.o
                0x08001258                sl_board_default_init
 .text.sl_device_init_clocks
                0x0800125c       0xb0 ./autogen/sl_device_init_clocks.o
                0x0800125c                sl_device_init_clocks
 .text.sl_platform_init
                0x0800130c       0x28 ./autogen/sl_event_handler.o
                0x0800130c                sl_platform_init
 .text.sl_driver_init
                0x08001334       0x10 ./autogen/sl_event_handler.o
                0x08001334                sl_driver_init
 .text.sl_service_init
                0x08001344       0x10 ./autogen/sl_event_handler.o
                0x08001344                sl_service_init
 .text.sl_iostream_usart_init_instances
                0x08001354       0xb4 ./autogen/sl_iostream_init_usart_instances.o
                0x08001354                sl_iostream_usart_init_instances
 .text.USART0_TX_IRQHandler
                0x08001408        0xc ./autogen/sl_iostream_init_usart_instances.o
                0x08001408                USART0_TX_IRQHandler
 .text.USART0_RX_IRQHandler
                0x08001414        0xc ./autogen/sl_iostream_init_usart_instances.o
                0x08001414                USART0_RX_IRQHandler
 .text.sl_board_configure_vcom
                0x08001420       0x14 ./gecko_sdk_4.4.1/hardware/board/src/sl_board_control_gpio.o
                0x08001420                sl_board_configure_vcom
 .text.sl_board_init
                0x08001434       0x14 ./gecko_sdk_4.4.1/hardware/board/src/sl_board_init.o
                0x08001434                sl_board_init
 .text.sl_board_preinit
                0x08001448        0x8 ./gecko_sdk_4.4.1/hardware/board/src/sl_board_init.o
                0x08001448                sl_board_preinit
 .text.sl_cos_send_config
                0x08001450       0x14 ./gecko_sdk_4.4.1/hardware/driver/configuration_over_swo/src/sl_cos.o
                0x08001450                sl_cos_send_config
 .text.sl_cos_config_vcom
                0x08001464       0x98 ./gecko_sdk_4.4.1/hardware/driver/configuration_over_swo/src/sl_cos.o
                0x08001464                sl_cos_config_vcom
 .text.Default_Handler
                0x080014fc        0x4 ./gecko_sdk_4.4.1/platform/Device/SiliconLabs/EFM32PG28/Source/startup_efm32pg28.o
                0x080014fc                ULFRCO_IRQHandler
                0x080014fc                AHB2AHB1_IRQHandler
                0x080014fc                SW2_IRQHandler
                0x080014fc                TIMER2_IRQHandler
                0x080014fc                DebugMon_Handler
                0x080014fc                IADC_IRQHandler
                0x080014fc                EUSART0_TX_IRQHandler
                0x080014fc                I2C0_IRQHandler
                0x080014fc                LFXO_IRQHandler
                0x080014fc                HardFault_Handler
                0x080014fc                SMU_SECURE_IRQHandler
                0x080014fc                SysTick_Handler
                0x080014fc                SYSRTC_SEQ_IRQHandler
                0x080014fc                EMUEFP_IRQHandler
                0x080014fc                EUSART2_TX_IRQHandler
                0x080014fc                PendSV_Handler
                0x080014fc                NMI_Handler
                0x080014fc                HOSTMAILBOX_IRQHandler
                0x080014fc                HFXO0_IRQHandler
                0x080014fc                I2C1_IRQHandler
                0x080014fc                WDOG0_IRQHandler
                0x080014fc                TIMER3_IRQHandler
                0x080014fc                SYSCFG_IRQHandler
                0x080014fc                EMUDG_IRQHandler
                0x080014fc                MSC_IRQHandler
                0x080014fc                DPLL0_IRQHandler
                0x080014fc                UsageFault_Handler
                0x080014fc                WDOG1_IRQHandler
                0x080014fc                M33CTI1_IRQHandler
                0x080014fc                TIMER4_IRQHandler
                0x080014fc                GPIO_EVEN_IRQHandler
                0x080014fc                VDAC0_IRQHandler
                0x080014fc                SEMBTX_IRQHandler
                0x080014fc                SW0_IRQHandler
                0x080014fc                TIMER0_IRQHandler
                0x080014fc                LCD_IRQHandler
                0x080014fc                MVP_IRQHandler
                0x080014fc                LETIMER0_IRQHandler
                0x080014fc                EUSART1_RX_IRQHandler
                0x080014fc                TIMER1_IRQHandler
                0x080014fc                HFRCO0_IRQHandler
                0x080014fc                SecureFault_Handler
                0x080014fc                DCDC_IRQHandler
                0x080014fc                Default_Handler
                0x080014fc                EMU_IRQHandler
                0x080014fc                SW3_IRQHandler
                0x080014fc                KERNEL0_IRQHandler
                0x080014fc                PCNT0_IRQHandler
                0x080014fc                KERNEL1_IRQHandler
                0x080014fc                EUSART1_TX_IRQHandler
                0x080014fc                KEYSCAN_IRQHandler
                0x080014fc                sl_app_properties
                0x080014fc                HFRCOEM23_IRQHandler
                0x080014fc                BURTC_IRQHandler
                0x080014fc                SEMBRX_IRQHandler
                0x080014fc                LFRCO_IRQHandler
                0x080014fc                ACMP0_IRQHandler
                0x080014fc                MemManage_Handler
                0x080014fc                AHB2AHB0_IRQHandler
                0x080014fc                SVC_Handler
                0x080014fc                EUSART2_RX_IRQHandler
                0x080014fc                SMU_S_PRIVILEGED_IRQHandler
                0x080014fc                SW1_IRQHandler
                0x080014fc                CMU_IRQHandler
                0x080014fc                EUSART0_RX_IRQHandler
                0x080014fc                SETAMPERHOST_IRQHandler
                0x080014fc                GPIO_ODD_IRQHandler
                0x080014fc                LESENSE_IRQHandler
                0x080014fc                M33CTI0_IRQHandler
                0x080014fc                ICACHE0_IRQHandler
                0x080014fc                SMU_NS_PRIVILEGED_IRQHandler
                0x080014fc                FPUEXH_IRQHandler
                0x080014fc                ACMP1_IRQHandler
                0x080014fc                BusFault_Handler
                0x080014fc                MPAHBRAM_IRQHandler
                0x080014fc                SYSRTC_APP_IRQHandler
 .text.Reset_Handler
                0x08001500       0xac ./gecko_sdk_4.4.1/platform/Device/SiliconLabs/EFM32PG28/Source/startup_efm32pg28.o
                0x08001500                Reset_Handler
 .text.SystemInit
                0x080015ac       0x68 ./gecko_sdk_4.4.1/platform/Device/SiliconLabs/EFM32PG28/Source/system_efm32pg28.o
                0x080015ac                SystemInit
 .text.FlashToRamCopy
                0x08001614       0x6c ./gecko_sdk_4.4.1/platform/Device/SiliconLabs/EFM32PG28/Source/system_efm32pg28.o
                0x08001614                FlashToRamCopy
 .text.SystemHFRCODPLLClockGet
                0x08001680        0xc ./gecko_sdk_4.4.1/platform/Device/SiliconLabs/EFM32PG28/Source/system_efm32pg28.o
                0x08001680                SystemHFRCODPLLClockGet
 .text.SystemHFRCODPLLClockSet
                0x0800168c        0xc ./gecko_sdk_4.4.1/platform/Device/SiliconLabs/EFM32PG28/Source/system_efm32pg28.o
                0x0800168c                SystemHFRCODPLLClockSet
 .text.SystemSYSCLKGet
                0x08001698       0x38 ./gecko_sdk_4.4.1/platform/Device/SiliconLabs/EFM32PG28/Source/system_efm32pg28.o
                0x08001698                SystemSYSCLKGet
 .text.SystemHCLKGet
                0x080016d0       0x4c ./gecko_sdk_4.4.1/platform/Device/SiliconLabs/EFM32PG28/Source/system_efm32pg28.o
                0x080016d0                SystemHCLKGet
 .text.SystemMaxCoreClockGet
                0x0800171c        0x8 ./gecko_sdk_4.4.1/platform/Device/SiliconLabs/EFM32PG28/Source/system_efm32pg28.o
                0x0800171c                SystemMaxCoreClockGet
 .text.SystemHFXOClockGet
                0x08001724        0xc ./gecko_sdk_4.4.1/platform/Device/SiliconLabs/EFM32PG28/Source/system_efm32pg28.o
                0x08001724                SystemHFXOClockGet
 .text.SystemHFXOClockSet
                0x08001730       0x58 ./gecko_sdk_4.4.1/platform/Device/SiliconLabs/EFM32PG28/Source/system_efm32pg28.o
                0x08001730                SystemHFXOClockSet
 .text.SystemCLKIN0Get
                0x08001788        0x4 ./gecko_sdk_4.4.1/platform/Device/SiliconLabs/EFM32PG28/Source/system_efm32pg28.o
                0x08001788                SystemCLKIN0Get
 .text.SystemFSRCOClockGet
                0x0800178c        0x8 ./gecko_sdk_4.4.1/platform/Device/SiliconLabs/EFM32PG28/Source/system_efm32pg28.o
                0x0800178c                SystemFSRCOClockGet
 .text.SystemHFRCOEM23ClockGet
                0x08001794       0x88 ./gecko_sdk_4.4.1/platform/Device/SiliconLabs/EFM32PG28/Source/system_efm32pg28.o
                0x08001794                SystemHFRCOEM23ClockGet
 .text.SystemLFRCOClockGet
                0x0800181c        0x8 ./gecko_sdk_4.4.1/platform/Device/SiliconLabs/EFM32PG28/Source/system_efm32pg28.o
                0x0800181c                SystemLFRCOClockGet
 .text.SystemULFRCOClockGet
                0x08001824        0x8 ./gecko_sdk_4.4.1/platform/Device/SiliconLabs/EFM32PG28/Source/system_efm32pg28.o
                0x08001824                SystemULFRCOClockGet
 .text.SystemLFXOClockGet
                0x0800182c        0xc ./gecko_sdk_4.4.1/platform/Device/SiliconLabs/EFM32PG28/Source/system_efm32pg28.o
                0x0800182c                SystemLFXOClockGet
 .text.assertEFM
                0x08001838        0x4 ./gecko_sdk_4.4.1/platform/common/src/sl_assert.o
                0x08001838                assertEFM
 .text._sbrk    0x0800183c       0x20 ./gecko_sdk_4.4.1/platform/common/toolchain/src/sl_memory.o
                0x0800183c                _sbrk
 .text.sl_debug_swo_init
                0x0800185c      0x124 ./gecko_sdk_4.4.1/platform/driver/debug/src/sl_debug_swo.o
                0x0800185c                sl_debug_swo_init
 .text.sl_debug_swo_enable_itm
                0x08001980       0x1c ./gecko_sdk_4.4.1/platform/driver/debug/src/sl_debug_swo.o
                0x08001980                sl_debug_swo_enable_itm
 .text.sl_debug_swo_disable_itm
                0x0800199c       0x1c ./gecko_sdk_4.4.1/platform/driver/debug/src/sl_debug_swo.o
                0x0800199c                sl_debug_swo_disable_itm
 .text.sl_debug_swo_write_u8
                0x080019b8       0x4c ./gecko_sdk_4.4.1/platform/driver/debug/src/sl_debug_swo.o
                0x080019b8                sl_debug_swo_write_u8
 .text.DMADRV_AllocateChannel
                0x08001a04       0x98 ./gecko_sdk_4.4.1/platform/emdrv/dmadrv/src/dmadrv.o
                0x08001a04                DMADRV_AllocateChannel
 .text.DMADRV_DeInit
                0x08001a9c       0x60 ./gecko_sdk_4.4.1/platform/emdrv/dmadrv/src/dmadrv.o
                0x08001a9c                DMADRV_DeInit
 .text.DMADRV_FreeChannel
                0x08001afc       0x4c ./gecko_sdk_4.4.1/platform/emdrv/dmadrv/src/dmadrv.o
                0x08001afc                DMADRV_FreeChannel
 .text.DMADRV_Init
                0x08001b48       0x6c ./gecko_sdk_4.4.1/platform/emdrv/dmadrv/src/dmadrv.o
                0x08001b48                DMADRV_Init
 .text.DMADRV_PeripheralMemory
                0x08001bb4      0x104 ./gecko_sdk_4.4.1/platform/emdrv/dmadrv/src/dmadrv.o
                0x08001bb4                DMADRV_PeripheralMemory
 .text.DMADRV_PauseTransfer
                0x08001cb8       0x40 ./gecko_sdk_4.4.1/platform/emdrv/dmadrv/src/dmadrv.o
                0x08001cb8                DMADRV_PauseTransfer
 .text.DMADRV_ResumeTransfer
                0x08001cf8       0x40 ./gecko_sdk_4.4.1/platform/emdrv/dmadrv/src/dmadrv.o
                0x08001cf8                DMADRV_ResumeTransfer
 .text.DMADRV_StopTransfer
                0x08001d38       0x40 ./gecko_sdk_4.4.1/platform/emdrv/dmadrv/src/dmadrv.o
                0x08001d38                DMADRV_StopTransfer
 .text.DMADRV_TransferCompletePending
                0x08001d78       0x5c ./gecko_sdk_4.4.1/platform/emdrv/dmadrv/src/dmadrv.o
                0x08001d78                DMADRV_TransferCompletePending
 .text.DMADRV_TransferDone
                0x08001dd4       0x4c ./gecko_sdk_4.4.1/platform/emdrv/dmadrv/src/dmadrv.o
                0x08001dd4                DMADRV_TransferDone
 .text.LDMA_IRQHandler
                0x08001e20       0xb8 ./gecko_sdk_4.4.1/platform/emdrv/dmadrv/src/dmadrv.o
                0x08001e20                LDMA_IRQHandler
 .text.HFRCODPLLDevinfoGet
                0x08001ed8      0x10c ./gecko_sdk_4.4.1/platform/emlib/src/em_cmu.o
 .text.em01GrpaClkGet
                0x08001fe4       0x80 ./gecko_sdk_4.4.1/platform/emlib/src/em_cmu.o
 .text.vdac0ClkGet
                0x08002064       0x98 ./gecko_sdk_4.4.1/platform/emlib/src/em_cmu.o
 .text.eusart0ClkGet
                0x080020fc       0xb4 ./gecko_sdk_4.4.1/platform/emlib/src/em_cmu.o
 .text.CMU_ClockEnable
                0x080021b0       0x64 ./gecko_sdk_4.4.1/platform/emlib/src/em_cmu.o
                0x080021b0                CMU_ClockEnable
 .text.CMU_ClockFreqGet
                0x08002214      0x570 ./gecko_sdk_4.4.1/platform/emlib/src/em_cmu.o
                0x08002214                CMU_ClockFreqGet
 .text.CMU_ClockSelectGet
                0x08002784      0x434 ./gecko_sdk_4.4.1/platform/emlib/src/em_cmu.o
                0x08002784                CMU_ClockSelectGet
 .text.sli_em_cmu_SYSCLKInitPreClockSelect
                0x08002bb8       0x98 ./gecko_sdk_4.4.1/platform/emlib/src/em_cmu.o
                0x08002bb8                sli_em_cmu_SYSCLKInitPreClockSelect
 .text.sli_em_cmu_SYSCLKInitPostClockSelect
                0x08002c50      0x128 ./gecko_sdk_4.4.1/platform/emlib/src/em_cmu.o
                0x08002c50                sli_em_cmu_SYSCLKInitPostClockSelect
 .text.sli_em_cmu_HFXOSetForceEnable
                0x08002d78       0x1c ./gecko_sdk_4.4.1/platform/emlib/src/em_cmu.o
                0x08002d78                sli_em_cmu_HFXOSetForceEnable
 .text.CMU_ClockSelectSet
                0x08002d94      0x90c ./gecko_sdk_4.4.1/platform/emlib/src/em_cmu.o
                0x08002d94                CMU_ClockSelectSet
 .text.CMU_HFRCODPLLBandSet
                0x080036a0      0x294 ./gecko_sdk_4.4.1/platform/emlib/src/em_cmu.o
                0x080036a0                CMU_HFRCODPLLBandSet
 .text.CMU_HFXOInit
                0x08003934      0x26c ./gecko_sdk_4.4.1/platform/emlib/src/em_cmu.o
                0x08003934                CMU_HFXOInit
 .text.CMU_HFXOCTuneDeltaGet
                0x08003ba0        0xc ./gecko_sdk_4.4.1/platform/emlib/src/em_cmu.o
                0x08003ba0                CMU_HFXOCTuneDeltaGet
 .text.CMU_LFXOInit
                0x08003bac       0xdc ./gecko_sdk_4.4.1/platform/emlib/src/em_cmu.o
                0x08003bac                CMU_LFXOInit
 .text.CMU_LFXOPrecisionSet
                0x08003c88        0xc ./gecko_sdk_4.4.1/platform/emlib/src/em_cmu.o
                0x08003c88                CMU_LFXOPrecisionSet
 .text.CMU_HFXOPrecisionSet
                0x08003c94        0xc ./gecko_sdk_4.4.1/platform/emlib/src/em_cmu.o
                0x08003c94                CMU_HFXOPrecisionSet
 .text.CMU_UpdateWaitStates
                0x08003ca0       0xe4 ./gecko_sdk_4.4.1/platform/emlib/src/em_cmu.o
                0x08003ca0                CMU_UpdateWaitStates
 .text.CORE_EnterCritical
                0x08003d84        0x8 ./gecko_sdk_4.4.1/platform/emlib/src/em_core.o
                0x08003d84                CORE_EnterCritical
 .text.CORE_ExitCritical
                0x08003d8c        0x8 ./gecko_sdk_4.4.1/platform/emlib/src/em_core.o
                0x08003d8c                CORE_ExitCritical
 .text.CORE_EnterAtomic
                0x08003d94        0xc ./gecko_sdk_4.4.1/platform/emlib/src/em_core.o
                0x08003d94                CORE_EnterAtomic
 .text.CORE_ExitAtomic
                0x08003da0        0x8 ./gecko_sdk_4.4.1/platform/emlib/src/em_core.o
                0x08003da0                CORE_ExitAtomic
 .text.EMU_EM4Init
                0x08003da8       0x14 ./gecko_sdk_4.4.1/platform/emlib/src/em_emu.o
                0x08003da8                EMU_EM4Init
 .text.EMU_EFPEM01VScale
                0x08003dbc        0x4 ./gecko_sdk_4.4.1/platform/emlib/src/em_emu.o
                0x08003dbc                EMU_EFPEM01VScale
 .text.EMU_VScaleEM01
                0x08003dc0       0xac ./gecko_sdk_4.4.1/platform/emlib/src/em_emu.o
                0x08003dc0                EMU_VScaleEM01
 .text.EMU_VScaleEM01ByClock
                0x08003e6c       0xac ./gecko_sdk_4.4.1/platform/emlib/src/em_emu.o
                0x08003e6c                EMU_VScaleEM01ByClock
 .text.EMU_DCDCUpdatedHook
                0x08003f18        0x4 ./gecko_sdk_4.4.1/platform/emlib/src/em_emu.o
                0x08003f18                EMU_DCDCUpdatedHook
 .text.EMU_DCDCPowerOff
                0x08003f1c       0x64 ./gecko_sdk_4.4.1/platform/emlib/src/em_emu.o
                0x08003f1c                EMU_DCDCPowerOff
 .text.GPIO_DbgLocationSet
                0x08003f80        0x4 ./gecko_sdk_4.4.1/platform/emlib/src/em_gpio.o
                0x08003f80                GPIO_DbgLocationSet
 .text.GPIO_PinModeSet
                0x08003f84      0x170 ./gecko_sdk_4.4.1/platform/emlib/src/em_gpio.o
                0x08003f84                GPIO_PinModeSet
 .text.IADC_init
                0x080040f4      0x6e8 ./gecko_sdk_4.4.1/platform/emlib/src/em_iadc.o
                0x080040f4                IADC_init
 .text.IADC_initSingle
                0x080047dc       0xd4 ./gecko_sdk_4.4.1/platform/emlib/src/em_iadc.o
                0x080047dc                IADC_initSingle
 .text.IADC_calcSrcClkPrescale
                0x080048b0       0x64 ./gecko_sdk_4.4.1/platform/emlib/src/em_iadc.o
                0x080048b0                IADC_calcSrcClkPrescale
 .text.IADC_calcAdcClkPrescale
                0x08004914       0x90 ./gecko_sdk_4.4.1/platform/emlib/src/em_iadc.o
                0x08004914                IADC_calcAdcClkPrescale
 .text.LDMA_DeInit
                0x080049a4       0x3c ./gecko_sdk_4.4.1/platform/emlib/src/em_ldma.o
                0x080049a4                LDMA_DeInit
 .text.LDMA_EnableChannelRequest
                0x080049e0       0x48 ./gecko_sdk_4.4.1/platform/emlib/src/em_ldma.o
                0x080049e0                LDMA_EnableChannelRequest
 .text.LDMA_Init
                0x08004a28       0xa0 ./gecko_sdk_4.4.1/platform/emlib/src/em_ldma.o
                0x08004a28                LDMA_Init
 .text.LDMA_StartTransfer
                0x08004ac8      0x13c ./gecko_sdk_4.4.1/platform/emlib/src/em_ldma.o
                0x08004ac8                LDMA_StartTransfer
 .text.LDMA_StopTransfer
                0x08004c04       0x3c ./gecko_sdk_4.4.1/platform/emlib/src/em_ldma.o
                0x08004c04                LDMA_StopTransfer
 .text.LDMA_TransferDone
                0x08004c40       0x4c ./gecko_sdk_4.4.1/platform/emlib/src/em_ldma.o
                0x08004c40                LDMA_TransferDone
 .text.SYSTEM_ChipRevisionGet
                0x08004c8c       0x30 ./gecko_sdk_4.4.1/platform/emlib/src/em_system.o
                0x08004c8c                SYSTEM_ChipRevisionGet
 .text.USART_BaudrateAsyncSet
                0x08004cbc       0xf4 ./gecko_sdk_4.4.1/platform/emlib/src/em_usart.o
                0x08004cbc                USART_BaudrateAsyncSet
 .text.USART_Enable
                0x08004db0       0x3c ./gecko_sdk_4.4.1/platform/emlib/src/em_usart.o
                0x08004db0                USART_Enable
 .text.USART_InitAsync
                0x08004dec      0x13c ./gecko_sdk_4.4.1/platform/emlib/src/em_usart.o
                0x08004dec                USART_InitAsync
 .text.USART_Tx
                0x08004f28        0xc ./gecko_sdk_4.4.1/platform/emlib/src/em_usart.o
                0x08004f28                USART_Tx
 .text.sl_device_init_dcdc
                0x08004f34        0xc ./gecko_sdk_4.4.1/platform/service/device_init/src/sl_device_init_dcdc_s2.o
                0x08004f34                sl_device_init_dcdc
 .text.sl_device_init_emu
                0x08004f40       0x28 ./gecko_sdk_4.4.1/platform/service/device_init/src/sl_device_init_emu_s2.o
                0x08004f40                sl_device_init_emu
 .text.sl_device_init_hfxo
                0x08004f68       0x80 ./gecko_sdk_4.4.1/platform/service/device_init/src/sl_device_init_hfxo_s2.o
                0x08004f68                sl_device_init_hfxo
 .text.sl_device_init_lfxo
                0x08004fe8       0x2c ./gecko_sdk_4.4.1/platform/service/device_init/src/sl_device_init_lfxo_s2.o
                0x08004fe8                sl_device_init_lfxo
 .text.sl_device_init_nvic
                0x08005014       0x44 ./gecko_sdk_4.4.1/platform/service/device_init/src/sl_device_init_nvic.o
                0x08005014                sl_device_init_nvic
 .text.sl_iostream_set_default
                0x08005058       0x18 ./gecko_sdk_4.4.1/platform/service/iostream/src/sl_iostream.o
                0x08005058                sl_iostream_set_default
 .text.sl_iostream_get_default
                0x08005070       0x18 ./gecko_sdk_4.4.1/platform/service/iostream/src/sl_iostream.o
                0x08005070                sl_iostream_get_default
 .text.sl_iostream_write
                0x08005088       0x38 ./gecko_sdk_4.4.1/platform/service/iostream/src/sl_iostream.o
                0x08005088                sl_iostream_write
 .text.sl_iostream_read
                0x080050c0       0x50 ./gecko_sdk_4.4.1/platform/service/iostream/src/sl_iostream.o
                0x080050c0                sl_iostream_read
 .text._close   0x08005110        0x4 ./gecko_sdk_4.4.1/platform/service/iostream/src/sl_iostream_retarget_stdio.o
                0x08005110                _close
 .text._exit    0x08005114        0x4 ./gecko_sdk_4.4.1/platform/service/iostream/src/sl_iostream_retarget_stdio.o
                0x08005114                _exit
 .text._fstat   0x08005118        0xc ./gecko_sdk_4.4.1/platform/service/iostream/src/sl_iostream_retarget_stdio.o
                0x08005118                _fstat
 .text._getpid  0x08005124        0x4 ./gecko_sdk_4.4.1/platform/service/iostream/src/sl_iostream_retarget_stdio.o
                0x08005124                _getpid
 .text._isatty  0x08005128        0x4 ./gecko_sdk_4.4.1/platform/service/iostream/src/sl_iostream_retarget_stdio.o
                0x08005128                _isatty
 .text._kill    0x0800512c        0x8 ./gecko_sdk_4.4.1/platform/service/iostream/src/sl_iostream_retarget_stdio.o
                0x0800512c                _kill
 .text._lseek   0x08005134        0x4 ./gecko_sdk_4.4.1/platform/service/iostream/src/sl_iostream_retarget_stdio.o
                0x08005134                _lseek
 .text._read    0x08005138       0x20 ./gecko_sdk_4.4.1/platform/service/iostream/src/sl_iostream_retarget_stdio.o
                0x08005138                _read
 .text._write   0x08005158       0x24 ./gecko_sdk_4.4.1/platform/service/iostream/src/sl_iostream_retarget_stdio.o
                0x08005158                _write
 .text.set_auto_cr_lf
                0x0800517c        0x8 ./gecko_sdk_4.4.1/platform/service/iostream/src/sl_iostream_uart.o
 .text.get_auto_cr_lf
                0x08005184        0x8 ./gecko_sdk_4.4.1/platform/service/iostream/src/sl_iostream_uart.o
 .text.uart_deinit
                0x0800518c       0xa4 ./gecko_sdk_4.4.1/platform/service/iostream/src/sl_iostream_uart.o
 .text.uart_write
                0x08005230      0x114 ./gecko_sdk_4.4.1/platform/service/iostream/src/sl_iostream_uart.o
 .text.dma_irq_handler
                0x08005344       0xa8 ./gecko_sdk_4.4.1/platform/service/iostream/src/sl_iostream_uart.o
 .text.uart_read
                0x080053ec      0x2c0 ./gecko_sdk_4.4.1/platform/service/iostream/src/sl_iostream_uart.o
 .text.sli_iostream_uart_context_init
                0x080056ac      0x110 ./gecko_sdk_4.4.1/platform/service/iostream/src/sl_iostream_uart.o
                0x080056ac                sli_iostream_uart_context_init
 .text.usart_set_next_byte_detect
                0x080057bc        0xc ./gecko_sdk_4.4.1/platform/service/iostream/src/sl_iostream_usart.o
 .text.usart_deinit
                0x080057c8       0x80 ./gecko_sdk_4.4.1/platform/service/iostream/src/sl_iostream_usart.o
 .text.usart_tx
                0x08005848        0xc ./gecko_sdk_4.4.1/platform/service/iostream/src/sl_iostream_usart.o
 .text.sl_iostream_usart_init
                0x08005854      0x154 ./gecko_sdk_4.4.1/platform/service/iostream/src/sl_iostream_usart.o
                0x08005854                sl_iostream_usart_init
 .text.sl_iostream_usart_irq_handler
                0x080059a8       0x78 ./gecko_sdk_4.4.1/platform/service/iostream/src/sl_iostream_usart.o
                0x080059a8                sl_iostream_usart_irq_handler
 .text.sl_system_init
                0x08005a20       0x14 ./gecko_sdk_4.4.1/platform/service/system/src/sl_system_init.o
                0x08005a20                sl_system_init
 .text          0x08005a34      0x378 c:/siliconlabs/simplicitystudio/v5/developer/toolchains/gnu_arm/12.2.rel1_2023.7/bin/../lib/gcc/arm-none-eabi/12.2.1/thumb/v8-m.main+fp/hard\libgcc.a(_arm_addsubdf3.o)
                0x08005a34                __aeabi_drsub
                0x08005a3c                __aeabi_dsub
                0x08005a3c                __subdf3
                0x08005a40                __aeabi_dadd
                0x08005a40                __adddf3
                0x08005cb8                __floatunsidf
                0x08005cb8                __aeabi_ui2d
                0x08005cd8                __floatsidf
                0x08005cd8                __aeabi_i2d
                0x08005cfc                __aeabi_f2d
                0x08005cfc                __extendsfdf2
                0x08005d40                __floatundidf
                0x08005d40                __aeabi_ul2d
                0x08005d50                __floatdidf
                0x08005d50                __aeabi_l2d
 .text          0x08005dac      0x424 c:/siliconlabs/simplicitystudio/v5/developer/toolchains/gnu_arm/12.2.rel1_2023.7/bin/../lib/gcc/arm-none-eabi/12.2.1/thumb/v8-m.main+fp/hard\libgcc.a(_arm_muldivdf3.o)
                0x08005dac                __aeabi_dmul
                0x08005dac                __muldf3
                0x08006000                __divdf3
                0x08006000                __aeabi_ddiv
 .text.exit     0x080061d0       0x24 c:/siliconlabs/simplicitystudio/v5/developer/toolchains/gnu_arm/12.2.rel1_2023.7/bin/../lib/gcc/arm-none-eabi/12.2.1/thumb/v8-m.main+fp/hard\libc_nano.a(libc_a-exit.o)
                0x080061d0                exit
 .text._printf_float
                0x080061f4      0x468 c:/siliconlabs/simplicitystudio/v5/developer/toolchains/gnu_arm/12.2.rel1_2023.7/bin/../lib/gcc/arm-none-eabi/12.2.1/thumb/v8-m.main+fp/hard\libc_nano.a(libc_a-nano-vfprintf_float.o)
                0x080061f4                _printf_float
 .text._printf_i
                0x0800665c      0x258 c:/siliconlabs/simplicitystudio/v5/developer/toolchains/gnu_arm/12.2.rel1_2023.7/bin/../lib/gcc/arm-none-eabi/12.2.1/thumb/v8-m.main+fp/hard\libc_nano.a(libc_a-nano-vfprintf_i.o)
                0x0800665c                _printf_i
 .text.std      0x080068b4       0x6c c:/siliconlabs/simplicitystudio/v5/developer/toolchains/gnu_arm/12.2.rel1_2023.7/bin/../lib/gcc/arm-none-eabi/12.2.1/thumb/v8-m.main+fp/hard\libc_nano.a(libc_a-findfp.o)
 .text.stdio_exit_handler
                0x08006920       0x18 c:/siliconlabs/simplicitystudio/v5/developer/toolchains/gnu_arm/12.2.rel1_2023.7/bin/../lib/gcc/arm-none-eabi/12.2.1/thumb/v8-m.main+fp/hard\libc_nano.a(libc_a-findfp.o)
 .text.cleanup_stdio
                0x08006938       0x40 c:/siliconlabs/simplicitystudio/v5/developer/toolchains/gnu_arm/12.2.rel1_2023.7/bin/../lib/gcc/arm-none-eabi/12.2.1/thumb/v8-m.main+fp/hard\libc_nano.a(libc_a-findfp.o)
 .text.global_stdio_init.part.0
                0x08006978       0x3c c:/siliconlabs/simplicitystudio/v5/developer/toolchains/gnu_arm/12.2.rel1_2023.7/bin/../lib/gcc/arm-none-eabi/12.2.1/thumb/v8-m.main+fp/hard\libc_nano.a(libc_a-findfp.o)
 .text.__sfp_lock_acquire
                0x080069b4        0xc c:/siliconlabs/simplicitystudio/v5/developer/toolchains/gnu_arm/12.2.rel1_2023.7/bin/../lib/gcc/arm-none-eabi/12.2.1/thumb/v8-m.main+fp/hard\libc_nano.a(libc_a-findfp.o)
                0x080069b4                __sfp_lock_acquire
 .text.__sfp_lock_release
                0x080069c0        0xc c:/siliconlabs/simplicitystudio/v5/developer/toolchains/gnu_arm/12.2.rel1_2023.7/bin/../lib/gcc/arm-none-eabi/12.2.1/thumb/v8-m.main+fp/hard\libc_nano.a(libc_a-findfp.o)
                0x080069c0                __sfp_lock_release
 .text.__sinit  0x080069cc       0x30 c:/siliconlabs/simplicitystudio/v5/developer/toolchains/gnu_arm/12.2.rel1_2023.7/bin/../lib/gcc/arm-none-eabi/12.2.1/thumb/v8-m.main+fp/hard\libc_nano.a(libc_a-findfp.o)
                0x080069cc                __sinit
 .text.__swsetup_r
                0x080069fc       0xac c:/siliconlabs/simplicitystudio/v5/developer/toolchains/gnu_arm/12.2.rel1_2023.7/bin/../lib/gcc/arm-none-eabi/12.2.1/thumb/v8-m.main+fp/hard\libc_nano.a(libc_a-wsetup.o)
                0x080069fc                __swsetup_r
 .text._localeconv_r
                0x08006aa8        0x8 c:/siliconlabs/simplicitystudio/v5/developer/toolchains/gnu_arm/12.2.rel1_2023.7/bin/../lib/gcc/arm-none-eabi/12.2.1/thumb/v8-m.main+fp/hard\libc_nano.a(libc_a-localeconv.o)
                0x08006aa8                _localeconv_r
 .text._close_r
                0x08006ab0       0x20 c:/siliconlabs/simplicitystudio/v5/developer/toolchains/gnu_arm/12.2.rel1_2023.7/bin/../lib/gcc/arm-none-eabi/12.2.1/thumb/v8-m.main+fp/hard\libc_nano.a(libc_a-closer.o)
                0x08006ab0                _close_r
 .text._lseek_r
                0x08006ad0       0x24 c:/siliconlabs/simplicitystudio/v5/developer/toolchains/gnu_arm/12.2.rel1_2023.7/bin/../lib/gcc/arm-none-eabi/12.2.1/thumb/v8-m.main+fp/hard\libc_nano.a(libc_a-lseekr.o)
                0x08006ad0                _lseek_r
 .text._read_r  0x08006af4       0x24 c:/siliconlabs/simplicitystudio/v5/developer/toolchains/gnu_arm/12.2.rel1_2023.7/bin/../lib/gcc/arm-none-eabi/12.2.1/thumb/v8-m.main+fp/hard\libc_nano.a(libc_a-readr.o)
                0x08006af4                _read_r
 .text._write_r
                0x08006b18       0x24 c:/siliconlabs/simplicitystudio/v5/developer/toolchains/gnu_arm/12.2.rel1_2023.7/bin/../lib/gcc/arm-none-eabi/12.2.1/thumb/v8-m.main+fp/hard\libc_nano.a(libc_a-writer.o)
                0x08006b18                _write_r
 .text.__libc_init_array
                0x08006b3c       0x48 c:/siliconlabs/simplicitystudio/v5/developer/toolchains/gnu_arm/12.2.rel1_2023.7/bin/../lib/gcc/arm-none-eabi/12.2.1/thumb/v8-m.main+fp/hard\libc_nano.a(libc_a-init.o)
                0x08006b3c                __libc_init_array
 .text._free_r  0x08006b84       0x94 c:/siliconlabs/simplicitystudio/v5/developer/toolchains/gnu_arm/12.2.rel1_2023.7/bin/../lib/gcc/arm-none-eabi/12.2.1/thumb/v8-m.main+fp/hard\libc_nano.a(libc_a-freer.o)
                0x08006b84                _free_r
 .text.malloc   0x08006c18       0x10 c:/siliconlabs/simplicitystudio/v5/developer/toolchains/gnu_arm/12.2.rel1_2023.7/bin/../lib/gcc/arm-none-eabi/12.2.1/thumb/v8-m.main+fp/hard\libc_nano.a(libc_a-malloc.o)
                0x08006c18                malloc
 .text.sbrk_aligned
                0x08006c28       0x44 c:/siliconlabs/simplicitystudio/v5/developer/toolchains/gnu_arm/12.2.rel1_2023.7/bin/../lib/gcc/arm-none-eabi/12.2.1/thumb/v8-m.main+fp/hard\libc_nano.a(libc_a-mallocr.o)
 .text._malloc_r
                0x08006c6c       0xf0 c:/siliconlabs/simplicitystudio/v5/developer/toolchains/gnu_arm/12.2.rel1_2023.7/bin/../lib/gcc/arm-none-eabi/12.2.1/thumb/v8-m.main+fp/hard\libc_nano.a(libc_a-mallocr.o)
                0x08006c6c                _malloc_r
 .text.__malloc_lock
                0x08006d5c        0xc c:/siliconlabs/simplicitystudio/v5/developer/toolchains/gnu_arm/12.2.rel1_2023.7/bin/../lib/gcc/arm-none-eabi/12.2.1/thumb/v8-m.main+fp/hard\libc_nano.a(libc_a-mlock.o)
                0x08006d5c                __malloc_lock
 .text.__malloc_unlock
                0x08006d68        0xc c:/siliconlabs/simplicitystudio/v5/developer/toolchains/gnu_arm/12.2.rel1_2023.7/bin/../lib/gcc/arm-none-eabi/12.2.1/thumb/v8-m.main+fp/hard\libc_nano.a(libc_a-mlock.o)
                0x08006d68                __malloc_unlock
 .text._Balloc  0x08006d74       0x80 c:/siliconlabs/simplicitystudio/v5/developer/toolchains/gnu_arm/12.2.rel1_2023.7/bin/../lib/gcc/arm-none-eabi/12.2.1/thumb/v8-m.main+fp/hard\libc_nano.a(libc_a-mprec.o)
                0x08006d74                _Balloc
 .text._Bfree   0x08006df4       0x44 c:/siliconlabs/simplicitystudio/v5/developer/toolchains/gnu_arm/12.2.rel1_2023.7/bin/../lib/gcc/arm-none-eabi/12.2.1/thumb/v8-m.main+fp/hard\libc_nano.a(libc_a-mprec.o)
                0x08006df4                _Bfree
 .text.__multadd
                0x08006e38       0x90 c:/siliconlabs/simplicitystudio/v5/developer/toolchains/gnu_arm/12.2.rel1_2023.7/bin/../lib/gcc/arm-none-eabi/12.2.1/thumb/v8-m.main+fp/hard\libc_nano.a(libc_a-mprec.o)
                0x08006e38                __multadd
 .text.__i2b    0x08006ec8       0x2c c:/siliconlabs/simplicitystudio/v5/developer/toolchains/gnu_arm/12.2.rel1_2023.7/bin/../lib/gcc/arm-none-eabi/12.2.1/thumb/v8-m.main+fp/hard\libc_nano.a(libc_a-mprec.o)
                0x08006ec8                __i2b
 .text.__multiply
                0x08006ef4      0x154 c:/siliconlabs/simplicitystudio/v5/developer/toolchains/gnu_arm/12.2.rel1_2023.7/bin/../lib/gcc/arm-none-eabi/12.2.1/thumb/v8-m.main+fp/hard\libc_nano.a(libc_a-mprec.o)
                0x08006ef4                __multiply
 .text.__pow5mult
                0x08007048       0xb4 c:/siliconlabs/simplicitystudio/v5/developer/toolchains/gnu_arm/12.2.rel1_2023.7/bin/../lib/gcc/arm-none-eabi/12.2.1/thumb/v8-m.main+fp/hard\libc_nano.a(libc_a-mprec.o)
                0x08007048                __pow5mult
 .text.__lshift
                0x080070fc       0xd8 c:/siliconlabs/simplicitystudio/v5/developer/toolchains/gnu_arm/12.2.rel1_2023.7/bin/../lib/gcc/arm-none-eabi/12.2.1/thumb/v8-m.main+fp/hard\libc_nano.a(libc_a-mprec.o)
                0x080070fc                __lshift
 .text.__mdiff  0x080071d4      0x130 c:/siliconlabs/simplicitystudio/v5/developer/toolchains/gnu_arm/12.2.rel1_2023.7/bin/../lib/gcc/arm-none-eabi/12.2.1/thumb/v8-m.main+fp/hard\libc_nano.a(libc_a-mprec.o)
                0x080071d4                __mdiff
 .text.__d2b    0x08007304       0xb0 c:/siliconlabs/simplicitystudio/v5/developer/toolchains/gnu_arm/12.2.rel1_2023.7/bin/../lib/gcc/arm-none-eabi/12.2.1/thumb/v8-m.main+fp/hard\libc_nano.a(libc_a-mprec.o)
                0x08007304                __d2b
 .text._vfprintf_r
                0x080073b4      0x230 c:/siliconlabs/simplicitystudio/v5/developer/toolchains/gnu_arm/12.2.rel1_2023.7/bin/../lib/gcc/arm-none-eabi/12.2.1/thumb/v8-m.main+fp/hard\libc_nano.a(libc_a-nano-vfprintf.o)
                0x080073b4                _vfprintf_r
                0x080073b4                _vfiprintf_r
 .text._fstat_r
                0x080075e4       0x24 c:/siliconlabs/simplicitystudio/v5/developer/toolchains/gnu_arm/12.2.rel1_2023.7/bin/../lib/gcc/arm-none-eabi/12.2.1/thumb/v8-m.main+fp/hard\libc_nano.a(libc_a-fstatr.o)
                0x080075e4                _fstat_r
 .text._isatty_r
                0x08007608       0x20 c:/siliconlabs/simplicitystudio/v5/developer/toolchains/gnu_arm/12.2.rel1_2023.7/bin/../lib/gcc/arm-none-eabi/12.2.1/thumb/v8-m.main+fp/hard\libc_nano.a(libc_a-isattyr.o)
                0x08007608                _isatty_r
 .text._sbrk_r  0x08007628       0x20 c:/siliconlabs/simplicitystudio/v5/developer/toolchains/gnu_arm/12.2.rel1_2023.7/bin/../lib/gcc/arm-none-eabi/12.2.1/thumb/v8-m.main+fp/hard\libc_nano.a(libc_a-sbrkr.o)
                0x08007628                _sbrk_r
 .text.__assert_func
                0x08007648       0x3c c:/siliconlabs/simplicitystudio/v5/developer/toolchains/gnu_arm/12.2.rel1_2023.7/bin/../lib/gcc/arm-none-eabi/12.2.1/thumb/v8-m.main+fp/hard\libc_nano.a(libc_a-assert.o)
                0x08007648                __assert_func
 .text.fprintf  0x08007684       0x24 c:/siliconlabs/simplicitystudio/v5/developer/toolchains/gnu_arm/12.2.rel1_2023.7/bin/../lib/gcc/arm-none-eabi/12.2.1/thumb/v8-m.main+fp/hard\libc_nano.a(libc_a-fprintf.o)
                0x08007684                fiprintf
                0x08007684                fprintf
 .text.raise    0x080076a8       0x10 c:/siliconlabs/simplicitystudio/v5/developer/toolchains/gnu_arm/12.2.rel1_2023.7/bin/../lib/gcc/arm-none-eabi/12.2.1/thumb/v8-m.main+fp/hard\libc_nano.a(libc_a-signal.o)
                0x080076a8                raise
 .text._kill_r  0x080076b8       0x24 c:/siliconlabs/simplicitystudio/v5/developer/toolchains/gnu_arm/12.2.rel1_2023.7/bin/../lib/gcc/arm-none-eabi/12.2.1/thumb/v8-m.main+fp/hard\libc_nano.a(libc_a-signalr.o)
                0x080076b8                _kill_r
 .text          0x080076dc      0x110 c:/siliconlabs/simplicitystudio/v5/developer/toolchains/gnu_arm/12.2.rel1_2023.7/bin/../lib/gcc/arm-none-eabi/12.2.1/thumb/v8-m.main+fp/hard\libgcc.a(_arm_cmpdf2.o)
                0x080076dc                __gtdf2
                0x080076dc                __gedf2
                0x080076e4                __ltdf2
                0x080076e4                __ledf2
                0x080076ec                __nedf2
                0x080076ec                __eqdf2
                0x080076ec                __cmpdf2
                0x08007768                __aeabi_cdrcmple
                0x08007778                __aeabi_cdcmpeq
                0x08007778                __aeabi_cdcmple
                0x08007788                __aeabi_dcmpeq
                0x0800779c                __aeabi_dcmplt
                0x080077b0                __aeabi_dcmple
                0x080077c4                __aeabi_dcmpge
                0x080077d8                __aeabi_dcmpgt
 .text          0x080077ec       0x2c c:/siliconlabs/simplicitystudio/v5/developer/toolchains/gnu_arm/12.2.rel1_2023.7/bin/../lib/gcc/arm-none-eabi/12.2.1/thumb/v8-m.main+fp/hard\libgcc.a(_arm_unorddf2.o)
                0x080077ec                __unorddf2
                0x080077ec                __aeabi_dcmpun
 .text          0x08007818       0x50 c:/siliconlabs/simplicitystudio/v5/developer/toolchains/gnu_arm/12.2.rel1_2023.7/bin/../lib/gcc/arm-none-eabi/12.2.1/thumb/v8-m.main+fp/hard\libgcc.a(_arm_fixdfsi.o)
                0x08007818                __aeabi_d2iz
                0x08007818                __fixdfsi
 .text.__cvt    0x08007868       0xd0 c:/siliconlabs/simplicitystudio/v5/developer/toolchains/gnu_arm/12.2.rel1_2023.7/bin/../lib/gcc/arm-none-eabi/12.2.1/thumb/v8-m.main+fp/hard\libc_nano.a(libc_a-nano-vfprintf_float.o)
                0x08007868                __cvt
 .text.__exponent
                0x08007938       0x72 c:/siliconlabs/simplicitystudio/v5/developer/toolchains/gnu_arm/12.2.rel1_2023.7/bin/../lib/gcc/arm-none-eabi/12.2.1/thumb/v8-m.main+fp/hard\libc_nano.a(libc_a-nano-vfprintf_float.o)
                0x08007938                __exponent
 .text._printf_common
                0x080079aa       0xe4 c:/siliconlabs/simplicitystudio/v5/developer/toolchains/gnu_arm/12.2.rel1_2023.7/bin/../lib/gcc/arm-none-eabi/12.2.1/thumb/v8-m.main+fp/hard\libc_nano.a(libc_a-nano-vfprintf_i.o)
                0x080079aa                _printf_common
 .text._fwalk_sglue
                0x08007a8e       0x3c c:/siliconlabs/simplicitystudio/v5/developer/toolchains/gnu_arm/12.2.rel1_2023.7/bin/../lib/gcc/arm-none-eabi/12.2.1/thumb/v8-m.main+fp/hard\libc_nano.a(libc_a-fwalk.o)
                0x08007a8e                _fwalk_sglue
 .text.__sread  0x08007aca       0x22 c:/siliconlabs/simplicitystudio/v5/developer/toolchains/gnu_arm/12.2.rel1_2023.7/bin/../lib/gcc/arm-none-eabi/12.2.1/thumb/v8-m.main+fp/hard\libc_nano.a(libc_a-stdio.o)
                0x08007aca                __sread
 .text.__swrite
                0x08007aec       0x38 c:/siliconlabs/simplicitystudio/v5/developer/toolchains/gnu_arm/12.2.rel1_2023.7/bin/../lib/gcc/arm-none-eabi/12.2.1/thumb/v8-m.main+fp/hard\libc_nano.a(libc_a-stdio.o)
                0x08007aec                __swrite
 .text.__sseek  0x08007b24       0x24 c:/siliconlabs/simplicitystudio/v5/developer/toolchains/gnu_arm/12.2.rel1_2023.7/bin/../lib/gcc/arm-none-eabi/12.2.1/thumb/v8-m.main+fp/hard\libc_nano.a(libc_a-stdio.o)
                0x08007b24                __sseek
 .text.__sclose
                0x08007b48        0x8 c:/siliconlabs/simplicitystudio/v5/developer/toolchains/gnu_arm/12.2.rel1_2023.7/bin/../lib/gcc/arm-none-eabi/12.2.1/thumb/v8-m.main+fp/hard\libc_nano.a(libc_a-stdio.o)
                0x08007b48                __sclose
 .text.__swbuf_r
                0x08007b50       0x7c c:/siliconlabs/simplicitystudio/v5/developer/toolchains/gnu_arm/12.2.rel1_2023.7/bin/../lib/gcc/arm-none-eabi/12.2.1/thumb/v8-m.main+fp/hard\libc_nano.a(libc_a-wbuf.o)
                0x08007b50                __swbuf_r
 .text.memset   0x08007bcc       0x10 c:/siliconlabs/simplicitystudio/v5/developer/toolchains/gnu_arm/12.2.rel1_2023.7/bin/../lib/gcc/arm-none-eabi/12.2.1/thumb/v8-m.main+fp/hard\libc_nano.a(libc_a-memset.o)
                0x08007bcc                memset
 .text.__retarget_lock_init_recursive
                0x08007bdc        0x2 c:/siliconlabs/simplicitystudio/v5/developer/toolchains/gnu_arm/12.2.rel1_2023.7/bin/../lib/gcc/arm-none-eabi/12.2.1/thumb/v8-m.main+fp/hard\libc_nano.a(libc_a-lock.o)
                0x08007bdc                __retarget_lock_init_recursive
 .text.__retarget_lock_acquire_recursive
                0x08007bde        0x2 c:/siliconlabs/simplicitystudio/v5/developer/toolchains/gnu_arm/12.2.rel1_2023.7/bin/../lib/gcc/arm-none-eabi/12.2.1/thumb/v8-m.main+fp/hard\libc_nano.a(libc_a-lock.o)
                0x08007bde                __retarget_lock_acquire_recursive
 .text.__retarget_lock_release_recursive
                0x08007be0        0x2 c:/siliconlabs/simplicitystudio/v5/developer/toolchains/gnu_arm/12.2.rel1_2023.7/bin/../lib/gcc/arm-none-eabi/12.2.1/thumb/v8-m.main+fp/hard\libc_nano.a(libc_a-lock.o)
                0x08007be0                __retarget_lock_release_recursive
 .text.memchr   0x08007be2       0x1c c:/siliconlabs/simplicitystudio/v5/developer/toolchains/gnu_arm/12.2.rel1_2023.7/bin/../lib/gcc/arm-none-eabi/12.2.1/thumb/v8-m.main+fp/hard\libc_nano.a(libc_a-memchr-stub.o)
                0x08007be2                memchr
 .text.memcpy   0x08007bfe       0x1a c:/siliconlabs/simplicitystudio/v5/developer/toolchains/gnu_arm/12.2.rel1_2023.7/bin/../lib/gcc/arm-none-eabi/12.2.1/thumb/v8-m.main+fp/hard\libc_nano.a(libc_a-memcpy-stub.o)
                0x08007bfe                memcpy
 .text          0x08007c18       0x10 c:/siliconlabs/simplicitystudio/v5/developer/toolchains/gnu_arm/12.2.rel1_2023.7/bin/../lib/gcc/arm-none-eabi/12.2.1/thumb/v8-m.main+fp/hard\libc_nano.a(libc_a-strlen.o)
                0x08007c18                strlen
 .text.quorem   0x08007c28      0x11a c:/siliconlabs/simplicitystudio/v5/developer/toolchains/gnu_arm/12.2.rel1_2023.7/bin/../lib/gcc/arm-none-eabi/12.2.1/thumb/v8-m.main+fp/hard\libc_nano.a(libc_a-dtoa.o)
 .text.__hi0bits
                0x08007d42       0x44 c:/siliconlabs/simplicitystudio/v5/developer/toolchains/gnu_arm/12.2.rel1_2023.7/bin/../lib/gcc/arm-none-eabi/12.2.1/thumb/v8-m.main+fp/hard\libc_nano.a(libc_a-mprec.o)
                0x08007d42                __hi0bits
 .text.__lo0bits
                0x08007d86       0x5a c:/siliconlabs/simplicitystudio/v5/developer/toolchains/gnu_arm/12.2.rel1_2023.7/bin/../lib/gcc/arm-none-eabi/12.2.1/thumb/v8-m.main+fp/hard\libc_nano.a(libc_a-mprec.o)
                0x08007d86                __lo0bits
 .text.__mcmp   0x08007de0       0x36 c:/siliconlabs/simplicitystudio/v5/developer/toolchains/gnu_arm/12.2.rel1_2023.7/bin/../lib/gcc/arm-none-eabi/12.2.1/thumb/v8-m.main+fp/hard\libc_nano.a(libc_a-mprec.o)
                0x08007de0                __mcmp
 .text.__sfputc_r
                0x08007e16       0x2e c:/siliconlabs/simplicitystudio/v5/developer/toolchains/gnu_arm/12.2.rel1_2023.7/bin/../lib/gcc/arm-none-eabi/12.2.1/thumb/v8-m.main+fp/hard\libc_nano.a(libc_a-nano-vfprintf.o)
 .text.__sfputs_r
                0x08007e44       0x24 c:/siliconlabs/simplicitystudio/v5/developer/toolchains/gnu_arm/12.2.rel1_2023.7/bin/../lib/gcc/arm-none-eabi/12.2.1/thumb/v8-m.main+fp/hard\libc_nano.a(libc_a-nano-vfprintf.o)
                0x08007e44                __sfputs_r
 .text.__sflush_r
                0x08007e68      0x106 c:/siliconlabs/simplicitystudio/v5/developer/toolchains/gnu_arm/12.2.rel1_2023.7/bin/../lib/gcc/arm-none-eabi/12.2.1/thumb/v8-m.main+fp/hard\libc_nano.a(libc_a-fflush.o)
                0x08007e68                __sflush_r
 .text._fflush_r
                0x08007f6e       0x50 c:/siliconlabs/simplicitystudio/v5/developer/toolchains/gnu_arm/12.2.rel1_2023.7/bin/../lib/gcc/arm-none-eabi/12.2.1/thumb/v8-m.main+fp/hard\libc_nano.a(libc_a-fflush.o)
                0x08007f6e                _fflush_r
 .text.__swhatbuf_r
                0x08007fbe       0x4a c:/siliconlabs/simplicitystudio/v5/developer/toolchains/gnu_arm/12.2.rel1_2023.7/bin/../lib/gcc/arm-none-eabi/12.2.1/thumb/v8-m.main+fp/hard\libc_nano.a(libc_a-makebuf.o)
                0x08007fbe                __swhatbuf_r
 .text.__smakebuf_r
                0x08008008       0x78 c:/siliconlabs/simplicitystudio/v5/developer/toolchains/gnu_arm/12.2.rel1_2023.7/bin/../lib/gcc/arm-none-eabi/12.2.1/thumb/v8-m.main+fp/hard\libc_nano.a(libc_a-makebuf.o)
                0x08008008                __smakebuf_r
 .text._calloc_r
                0x08008080       0x28 c:/siliconlabs/simplicitystudio/v5/developer/toolchains/gnu_arm/12.2.rel1_2023.7/bin/../lib/gcc/arm-none-eabi/12.2.1/thumb/v8-m.main+fp/hard\libc_nano.a(libc_a-callocr.o)
                0x08008080                _calloc_r
 .text.__ascii_mbtowc
                0x080080a8       0x24 c:/siliconlabs/simplicitystudio/v5/developer/toolchains/gnu_arm/12.2.rel1_2023.7/bin/../lib/gcc/arm-none-eabi/12.2.1/thumb/v8-m.main+fp/hard\libc_nano.a(libc_a-mbtowc_r.o)
                0x080080a8                __ascii_mbtowc
 .text.__ascii_wctomb
                0x080080cc       0x1a c:/siliconlabs/simplicitystudio/v5/developer/toolchains/gnu_arm/12.2.rel1_2023.7/bin/../lib/gcc/arm-none-eabi/12.2.1/thumb/v8-m.main+fp/hard\libc_nano.a(libc_a-wctomb_r.o)
                0x080080cc                __ascii_wctomb
 .text.abort    0x080080e6        0xe c:/siliconlabs/simplicitystudio/v5/developer/toolchains/gnu_arm/12.2.rel1_2023.7/bin/../lib/gcc/arm-none-eabi/12.2.1/thumb/v8-m.main+fp/hard\libc_nano.a(libc_a-abort.o)
                0x080080e6                abort
 .text._raise_r
                0x080080f4       0x50 c:/siliconlabs/simplicitystudio/v5/developer/toolchains/gnu_arm/12.2.rel1_2023.7/bin/../lib/gcc/arm-none-eabi/12.2.1/thumb/v8-m.main+fp/hard\libc_nano.a(libc_a-signal.o)
                0x080080f4                _raise_r
 .text._getpid_r
                0x08008144        0x4 c:/siliconlabs/simplicitystudio/v5/developer/toolchains/gnu_arm/12.2.rel1_2023.7/bin/../lib/gcc/arm-none-eabi/12.2.1/thumb/v8-m.main+fp/hard\libc_nano.a(libc_a-signalr.o)
                0x08008144                _getpid_r
                0x08008160                . = ALIGN (0x20)
 *fill*         0x08008148       0x18 
                0x08008160                linker_code_end = .
 *(.init)
 .init          0x08008160        0x4 c:/siliconlabs/simplicitystudio/v5/developer/toolchains/gnu_arm/12.2.rel1_2023.7/bin/../lib/gcc/arm-none-eabi/12.2.1/thumb/v8-m.main+fp/hard/crti.o
                0x08008160                _init
 .init          0x08008164        0x8 c:/siliconlabs/simplicitystudio/v5/developer/toolchains/gnu_arm/12.2.rel1_2023.7/bin/../lib/gcc/arm-none-eabi/12.2.1/thumb/v8-m.main+fp/hard/crtn.o
 *(.fini)
 .fini          0x0800816c        0x4 c:/siliconlabs/simplicitystudio/v5/developer/toolchains/gnu_arm/12.2.rel1_2023.7/bin/../lib/gcc/arm-none-eabi/12.2.1/thumb/v8-m.main+fp/hard/crti.o
                0x0800816c                _fini
 .fini          0x08008170        0x8 c:/siliconlabs/simplicitystudio/v5/developer/toolchains/gnu_arm/12.2.rel1_2023.7/bin/../lib/gcc/arm-none-eabi/12.2.1/thumb/v8-m.main+fp/hard/crtn.o
 *crtbegin.o(.ctors)
 *crtbegin?.o(.ctors)
 *(EXCLUDE_FILE(*crtend.o *crtend?.o) .ctors)
 *(SORT_BY_NAME(.ctors.*))
 *(.ctors)
 *crtbegin.o(.dtors)
 *crtbegin?.o(.dtors)
 *(EXCLUDE_FILE(*crtend.o *crtend?.o) .dtors)
 *(SORT_BY_NAME(.dtors.*))
 *(.dtors)
                0x08008178                __code_classification_validator_start__ = .
                0x08008198                . = (. + 0x20)
 *fill*         0x08008178       0x20 
 *(code_classification_validator)
                0x080081a0                . = ALIGN (0x20)
 *fill*         0x08008198        0x8 
                0x080081a0                __code_classification_validator_end__ = .
 *(.rodata*)
 .rodata        0x080081a0       0x34 ./app_peripherals.o
 .rodata.sl_iostream_usart_init_vcom.str1.4
                0x080081d4       0x2e ./autogen/sl_iostream_init_usart_instances.o
 *fill*         0x08008202        0x2 
 .rodata        0x08008204       0x1c ./autogen/sl_iostream_init_usart_instances.o
 .rodata        0x08008220        0x4 ./gecko_sdk_4.4.1/platform/emdrv/dmadrv/src/dmadrv.o
 .rodata.HFRCODPLLDevinfoGet.str1.4
                0x08008224       0x4d ./gecko_sdk_4.4.1/platform/emlib/src/em_cmu.o
 *fill*         0x08008271        0x3 
 .rodata.CSWTCH.97
                0x08008274        0xc ./gecko_sdk_4.4.1/platform/emlib/src/em_cmu.o
 .rodata.CSWTCH.96
                0x08008280       0x18 ./gecko_sdk_4.4.1/platform/emlib/src/em_cmu.o
 .rodata.EMU_VScaleEM01.str1.4
                0x08008298       0x4d ./gecko_sdk_4.4.1/platform/emlib/src/em_emu.o
 *fill*         0x080082e5        0x3 
 .rodata.GPIO_ExtIntConfig.str1.4
                0x080082e8       0x9d ./gecko_sdk_4.4.1/platform/emlib/src/em_gpio.o
 *fill*         0x08008385        0x3 
 .rodata.GPIO_PinModeSet.str1.4
                0x08008388       0x4e ./gecko_sdk_4.4.1/platform/emlib/src/em_gpio.o
 *fill*         0x080083d6        0x2 
 .rodata.CSWTCH.31
                0x080083d8       0x10 ./gecko_sdk_4.4.1/platform/emlib/src/em_gpio.o
 .rodata.IADC_init.str1.4
                0x080083e8       0x4e ./gecko_sdk_4.4.1/platform/emlib/src/em_iadc.o
 *fill*         0x08008436        0x2 
 .rodata.CSWTCH.56
                0x08008438       0x14 ./gecko_sdk_4.4.1/platform/emlib/src/em_iadc.o
 .rodata        0x0800844c       0x18 ./gecko_sdk_4.4.1/platform/emlib/src/em_iadc.o
 .rodata.LDMA_EnableChannelRequest.str1.4
                0x08008464       0x4e ./gecko_sdk_4.4.1/platform/emlib/src/em_ldma.o
                                 0x9d (size before relaxing)
 *fill*         0x080084b2        0x2 
 .rodata.USART_BaudrateAsyncSet.str1.4
                0x080084b4       0x4f ./gecko_sdk_4.4.1/platform/emlib/src/em_usart.o
 *fill*         0x08008503        0x1 
 .rodata        0x08008504       0x28 ./gecko_sdk_4.4.1/platform/service/device_init/src/sl_device_init_hfxo_s2.o
 .rodata        0x0800852c       0x14 ./gecko_sdk_4.4.1/platform/service/device_init/src/sl_device_init_lfxo_s2.o
 .rodata._write.str1.4
                0x08008540       0x6c ./gecko_sdk_4.4.1/platform/service/iostream/src/sl_iostream_retarget_stdio.o
 .rodata.uart_deinit.str1.4
                0x080085ac       0x62 ./gecko_sdk_4.4.1/platform/service/iostream/src/sl_iostream_uart.o
 .rodata._ctype_
                0x0800860e      0x101 c:/siliconlabs/simplicitystudio/v5/developer/toolchains/gnu_arm/12.2.rel1_2023.7/bin/../lib/gcc/arm-none-eabi/12.2.1/thumb/v8-m.main+fp/hard\libc_nano.a(libc_a-ctype_.o)
                0x0800860e                _ctype_
 .rodata._printf_float.str1.1
                0x0800870f       0x12 c:/siliconlabs/simplicitystudio/v5/developer/toolchains/gnu_arm/12.2.rel1_2023.7/bin/../lib/gcc/arm-none-eabi/12.2.1/thumb/v8-m.main+fp/hard\libc_nano.a(libc_a-nano-vfprintf_float.o)
 .rodata._printf_i.str1.1
                0x08008721       0x22 c:/siliconlabs/simplicitystudio/v5/developer/toolchains/gnu_arm/12.2.rel1_2023.7/bin/../lib/gcc/arm-none-eabi/12.2.1/thumb/v8-m.main+fp/hard\libc_nano.a(libc_a-nano-vfprintf_i.o)
 .rodata._dtoa_r.str1.1
                0x08008743       0x8e c:/siliconlabs/simplicitystudio/v5/developer/toolchains/gnu_arm/12.2.rel1_2023.7/bin/../lib/gcc/arm-none-eabi/12.2.1/thumb/v8-m.main+fp/hard\libc_nano.a(libc_a-dtoa.o)
                                 0x90 (size before relaxing)
 .rodata._Balloc.str1.1
                0x080087d1       0x5a c:/siliconlabs/simplicitystudio/v5/developer/toolchains/gnu_arm/12.2.rel1_2023.7/bin/../lib/gcc/arm-none-eabi/12.2.1/thumb/v8-m.main+fp/hard\libc_nano.a(libc_a-mprec.o)
                                 0x71 (size before relaxing)
 .rodata.__multadd.str1.1
                0x0800882b       0x11 c:/siliconlabs/simplicitystudio/v5/developer/toolchains/gnu_arm/12.2.rel1_2023.7/bin/../lib/gcc/arm-none-eabi/12.2.1/thumb/v8-m.main+fp/hard\libc_nano.a(libc_a-mprec.o)
 *fill*         0x0800882b        0x1 
 .rodata.p05.0  0x0800882c        0xc c:/siliconlabs/simplicitystudio/v5/developer/toolchains/gnu_arm/12.2.rel1_2023.7/bin/../lib/gcc/arm-none-eabi/12.2.1/thumb/v8-m.main+fp/hard\libc_nano.a(libc_a-mprec.o)
 .rodata.__mprec_bigtens
                0x08008838       0x28 c:/siliconlabs/simplicitystudio/v5/developer/toolchains/gnu_arm/12.2.rel1_2023.7/bin/../lib/gcc/arm-none-eabi/12.2.1/thumb/v8-m.main+fp/hard\libc_nano.a(libc_a-mprec.o)
                0x08008838                __mprec_bigtens
 .rodata.__mprec_tens
                0x08008860       0xc8 c:/siliconlabs/simplicitystudio/v5/developer/toolchains/gnu_arm/12.2.rel1_2023.7/bin/../lib/gcc/arm-none-eabi/12.2.1/thumb/v8-m.main+fp/hard\libc_nano.a(libc_a-mprec.o)
                0x08008860                __mprec_tens
 .rodata._vfprintf_r.str1.1
                0x08008928       0x11 c:/siliconlabs/simplicitystudio/v5/developer/toolchains/gnu_arm/12.2.rel1_2023.7/bin/../lib/gcc/arm-none-eabi/12.2.1/thumb/v8-m.main+fp/hard\libc_nano.a(libc_a-nano-vfprintf.o)
 .rodata._setlocale_r.str1.1
                0x08008939        0x8 c:/siliconlabs/simplicitystudio/v5/developer/toolchains/gnu_arm/12.2.rel1_2023.7/bin/../lib/gcc/arm-none-eabi/12.2.1/thumb/v8-m.main+fp/hard\libc_nano.a(libc_a-locale.o)
                                  0x9 (size before relaxing)
 .rodata.str1.1
                0x08008941        0x2 c:/siliconlabs/simplicitystudio/v5/developer/toolchains/gnu_arm/12.2.rel1_2023.7/bin/../lib/gcc/arm-none-eabi/12.2.1/thumb/v8-m.main+fp/hard\libc_nano.a(libc_a-locale.o)
 .rodata.__assert_func.str1.1
                0x08008943       0x3c c:/siliconlabs/simplicitystudio/v5/developer/toolchains/gnu_arm/12.2.rel1_2023.7/bin/../lib/gcc/arm-none-eabi/12.2.1/thumb/v8-m.main+fp/hard\libc_nano.a(libc_a-assert.o)
                                 0x3d (size before relaxing)
 *(.eh_frame*)
 *fill*         0x0800897f        0x1 
 .eh_frame      0x08008980        0x0 c:/siliconlabs/simplicitystudio/v5/developer/toolchains/gnu_arm/12.2.rel1_2023.7/bin/../lib/gcc/arm-none-eabi/12.2.1/thumb/v8-m.main+fp/hard/crtbegin.o

.glue_7         0x08008980        0x0
 .glue_7        0x08008980        0x0 linker stubs

.glue_7t        0x08008980        0x0
 .glue_7t       0x08008980        0x0 linker stubs

.vfp11_veneer   0x08008980        0x0
 .vfp11_veneer  0x08008980        0x0 linker stubs

.v4_bx          0x08008980        0x0
 .v4_bx         0x08008980        0x0 linker stubs

.iplt           0x08008980        0x0
 .iplt          0x08008980        0x0 c:/siliconlabs/simplicitystudio/v5/developer/toolchains/gnu_arm/12.2.rel1_2023.7/bin/../lib/gcc/arm-none-eabi/12.2.1/thumb/v8-m.main+fp/hard/crtbegin.o

.ARM.extab
 *(.ARM.extab* .gnu.linkonce.armextab.*)
                0x08008980                __exidx_start = .

.ARM.exidx      0x08008980        0x8
 *(.ARM.exidx* .gnu.linkonce.armexidx.*)
 .ARM.exidx     0x08008980        0x8 c:/siliconlabs/simplicitystudio/v5/developer/toolchains/gnu_arm/12.2.rel1_2023.7/bin/../lib/gcc/arm-none-eabi/12.2.1/thumb/v8-m.main+fp/hard/crt0.o
                                 0x10 (size before relaxing)
                0x08008988                __exidx_end = .

.rel.dyn        0x08008988        0x0
 .rel.iplt      0x08008988        0x0 c:/siliconlabs/simplicitystudio/v5/developer/toolchains/gnu_arm/12.2.rel1_2023.7/bin/../lib/gcc/arm-none-eabi/12.2.1/thumb/v8-m.main+fp/hard/crtbegin.o

.copy.table     0x08008988        0xc
                0x08008988                . = ALIGN (0x4)
                0x08008988                __copy_table_start__ = .
                0x08008988        0x4 LONG 0x8008994 __etext
                0x0800898c        0x4 LONG 0x20001000 __data_start__
                0x08008990        0x4 LONG 0xfe ((__data_end__ - __data_start__) / 0x4)
                0x08008994                __copy_table_end__ = .

.zero.table     0x08008994        0x0
                0x08008994                . = ALIGN (0x4)
                0x08008994                __zero_table_start__ = .
                0x08008994                __zero_table_end__ = .
                0x08008994                __etext = .
                0x20000000                . = ORIGIN (RAM)

.stack          0x20000000     0x1000
                0x20000000                __StackLimit = .
 *(.stack*)
 .stack         0x20000000     0x1000 ./gecko_sdk_4.4.1/platform/common/toolchain/src/sl_memory.o
                0x20001000                . = ALIGN (0x4)
                0x20001000                __StackTop = .
                0x20001000                PROVIDE (__stack = __StackTop)

.noinit
 *(.noinit*)

.data           0x20001000      0x3f8 load address 0x08008994
                0x20001000                . = ALIGN (0x4)
                0x20001000                __data_start__ = .
 *(vtable)
 *(SORT_BY_ALIGNMENT(.data*))
 .data.max_k    0x20001000        0x4 ./app.o
                0x20001000                max_k
 .data.max_n    0x20001004        0x4 ./app.o
                0x20001004                max_n
 .data.Scale    0x20001008        0x4 ./app.o
                0x20001008                Scale
 .data.key_wave
                0x2000100c      0x200 ./app.o
                0x2000100c                key_wave
 .data.SystemCoreClock
                0x2000120c        0x4 ./gecko_sdk_4.4.1/platform/Device/SiliconLabs/EFM32PG28/Source/system_efm32pg28.o
                0x2000120c                SystemCoreClock
 .data.SystemHFRCODPLLClock
                0x20001210        0x4 ./gecko_sdk_4.4.1/platform/Device/SiliconLabs/EFM32PG28/Source/system_efm32pg28.o
 .data.SystemLFXOClock
                0x20001214        0x4 ./gecko_sdk_4.4.1/platform/Device/SiliconLabs/EFM32PG28/Source/system_efm32pg28.o
 .data.SystemHFXOClock
                0x20001218        0x4 ./gecko_sdk_4.4.1/platform/Device/SiliconLabs/EFM32PG28/Source/system_efm32pg28.o
 .data.heap_end.0
                0x2000121c        0x4 ./gecko_sdk_4.4.1/platform/common/toolchain/src/sl_memory.o
 .data.__sglue  0x20001220        0xc c:/siliconlabs/simplicitystudio/v5/developer/toolchains/gnu_arm/12.2.rel1_2023.7/bin/../lib/gcc/arm-none-eabi/12.2.1/thumb/v8-m.main+fp/hard\libc_nano.a(libc_a-findfp.o)
                0x20001220                __sglue
 .data._impure_ptr
                0x2000122c        0x4 c:/siliconlabs/simplicitystudio/v5/developer/toolchains/gnu_arm/12.2.rel1_2023.7/bin/../lib/gcc/arm-none-eabi/12.2.1/thumb/v8-m.main+fp/hard\libc_nano.a(libc_a-impure.o)
                0x2000122c                _impure_ptr
 .data._impure_data
                0x20001230       0x4c c:/siliconlabs/simplicitystudio/v5/developer/toolchains/gnu_arm/12.2.rel1_2023.7/bin/../lib/gcc/arm-none-eabi/12.2.1/thumb/v8-m.main+fp/hard\libc_nano.a(libc_a-impure.o)
                0x20001230                _impure_data
 .data.__global_locale
                0x2000127c      0x16c c:/siliconlabs/simplicitystudio/v5/developer/toolchains/gnu_arm/12.2.rel1_2023.7/bin/../lib/gcc/arm-none-eabi/12.2.1/thumb/v8-m.main+fp/hard\libc_nano.a(libc_a-locale.o)
                0x2000127c                __global_locale
 .data.hfxo_precision
                0x200013e8        0x2 ./gecko_sdk_4.4.1/platform/emlib/src/em_cmu.o
 .data.lfxo_precision
                0x200013ea        0x2 ./gecko_sdk_4.4.1/platform/emlib/src/em_cmu.o
 .data.ctuneDelta
                0x200013ec        0x1 ./gecko_sdk_4.4.1/platform/emlib/src/em_cmu.o
                0x200013f0                . = ALIGN (0x4)
 *fill*         0x200013ed        0x3 
                [!provide]                PROVIDE (__ram_func_section_start = .)
 *(.ram)
                [!provide]                PROVIDE (__ram_func_section_end = .)
                0x200013f0                . = ALIGN (0x4)
                0x200013f0                PROVIDE (__preinit_array_start = .)
 *(.preinit_array)
                0x200013f0                PROVIDE (__preinit_array_end = .)
                0x200013f0                . = ALIGN (0x4)
                0x200013f0                PROVIDE (__init_array_start = .)
 *(SORT_BY_NAME(.init_array.*))
 *(.init_array)
 .init_array    0x200013f0        0x4 c:/siliconlabs/simplicitystudio/v5/developer/toolchains/gnu_arm/12.2.rel1_2023.7/bin/../lib/gcc/arm-none-eabi/12.2.1/thumb/v8-m.main+fp/hard/crtbegin.o
                0x200013f4                PROVIDE (__init_array_end = .)
                0x200013f4                . = ALIGN (0x4)
                [!provide]                PROVIDE (__fini_array_start = .)
 *(SORT_BY_NAME(.fini_array.*))
 *(.fini_array)
 .fini_array    0x200013f4        0x4 c:/siliconlabs/simplicitystudio/v5/developer/toolchains/gnu_arm/12.2.rel1_2023.7/bin/../lib/gcc/arm-none-eabi/12.2.1/thumb/v8-m.main+fp/hard/crtbegin.o
                [!provide]                PROVIDE (__fini_array_end = .)
                0x200013f8                . = ALIGN (0x4)
                0x200013f8                __data_end__ = .

.tm_clone_table
                0x200013f8        0x0 load address 0x08008d8c
 .tm_clone_table
                0x200013f8        0x0 c:/siliconlabs/simplicitystudio/v5/developer/toolchains/gnu_arm/12.2.rel1_2023.7/bin/../lib/gcc/arm-none-eabi/12.2.1/thumb/v8-m.main+fp/hard/crtbegin.o
 .tm_clone_table
                0x200013f8        0x0 c:/siliconlabs/simplicitystudio/v5/developer/toolchains/gnu_arm/12.2.rel1_2023.7/bin/../lib/gcc/arm-none-eabi/12.2.1/thumb/v8-m.main+fp/hard/crtend.o

.igot.plt       0x200013f8        0x0 load address 0x08008d8c
 .igot.plt      0x200013f8        0x0 c:/siliconlabs/simplicitystudio/v5/developer/toolchains/gnu_arm/12.2.rel1_2023.7/bin/../lib/gcc/arm-none-eabi/12.2.1/thumb/v8-m.main+fp/hard/crtbegin.o

.bss            0x200013f8     0xa3b4 load address 0x08008d8c
                0x200013f8                . = ALIGN (0x4)
                0x200013f8                __bss_start__ = .
 *(SORT_BY_ALIGNMENT(.bss*))
 .bss.object.0  0x200013f8       0x18 c:/siliconlabs/simplicitystudio/v5/developer/toolchains/gnu_arm/12.2.rel1_2023.7/bin/../lib/gcc/arm-none-eabi/12.2.1/thumb/v8-m.main+fp/hard/crtbegin.o
 .bss.k         0x20001410        0x4 ./app.o
                0x20001410                k
 .bss.n         0x20001414        0x4 ./app.o
                0x20001414                n
 .bss.flag2     0x20001418        0x4 ./app.o
                0x20001418                flag2
 .bss.flag1     0x2000141c        0x4 ./app.o
                0x2000141c                flag1
 .bss.count     0x20001420        0x4 ./app.o
                0x20001420                count
 .bss.secondBuffer
                0x20001424     0x5000 ./app.o
                0x20001424                secondBuffer
 .bss.singleBuffer
                0x20006424     0x5000 ./app.o
                0x20006424                singleBuffer
 .bss.rx_buffer_vcom
                0x2000b424       0x50 ./autogen/sl_iostream_init_usart_instances.o
 .bss.context_vcom
                0x2000b474       0x4c ./autogen/sl_iostream_init_usart_instances.o
 .bss.sl_iostream_vcom
                0x2000b4c0       0x18 ./autogen/sl_iostream_init_usart_instances.o
 .bss.dmaXfer   0x2000b4d8      0x100 ./gecko_sdk_4.4.1/platform/emdrv/dmadrv/src/dmadrv.o
 .bss.chTable   0x2000b5d8       0x80 ./gecko_sdk_4.4.1/platform/emdrv/dmadrv/src/dmadrv.o
 .bss.vScaleEM01Config
                0x2000b658        0x1 ./gecko_sdk_4.4.1/platform/emlib/src/em_emu.o
 *fill*         0x2000b659        0x3 
 .bss.sli_iostream_default
                0x2000b65c        0x4 ./gecko_sdk_4.4.1/platform/service/iostream/src/sl_iostream.o
 .bss.__sf      0x2000b660      0x138 c:/siliconlabs/simplicitystudio/v5/developer/toolchains/gnu_arm/12.2.rel1_2023.7/bin/../lib/gcc/arm-none-eabi/12.2.1/thumb/v8-m.main+fp/hard\libc_nano.a(libc_a-findfp.o)
                0x2000b660                __sf
 .bss.__stdio_exit_handler
                0x2000b798        0x4 c:/siliconlabs/simplicitystudio/v5/developer/toolchains/gnu_arm/12.2.rel1_2023.7/bin/../lib/gcc/arm-none-eabi/12.2.1/thumb/v8-m.main+fp/hard\libc_nano.a(libc_a-findfp.o)
                0x2000b798                __stdio_exit_handler
 .bss.errno     0x2000b79c        0x4 c:/siliconlabs/simplicitystudio/v5/developer/toolchains/gnu_arm/12.2.rel1_2023.7/bin/../lib/gcc/arm-none-eabi/12.2.1/thumb/v8-m.main+fp/hard\libc_nano.a(libc_a-reent.o)
                0x2000b79c                errno
 .bss.__malloc_sbrk_start
                0x2000b7a0        0x4 c:/siliconlabs/simplicitystudio/v5/developer/toolchains/gnu_arm/12.2.rel1_2023.7/bin/../lib/gcc/arm-none-eabi/12.2.1/thumb/v8-m.main+fp/hard\libc_nano.a(libc_a-mallocr.o)
                0x2000b7a0                __malloc_sbrk_start
 .bss.__malloc_free_list
                0x2000b7a4        0x4 c:/siliconlabs/simplicitystudio/v5/developer/toolchains/gnu_arm/12.2.rel1_2023.7/bin/../lib/gcc/arm-none-eabi/12.2.1/thumb/v8-m.main+fp/hard\libc_nano.a(libc_a-mallocr.o)
                0x2000b7a4                __malloc_free_list
 .bss.completed.1
                0x2000b7a8        0x1 c:/siliconlabs/simplicitystudio/v5/developer/toolchains/gnu_arm/12.2.rel1_2023.7/bin/../lib/gcc/arm-none-eabi/12.2.1/thumb/v8-m.main+fp/hard/crtbegin.o
 .bss.initialized
                0x2000b7a9        0x1 ./gecko_sdk_4.4.1/platform/emdrv/dmadrv/src/dmadrv.o
 .bss.__lock___malloc_recursive_mutex
                0x2000b7aa        0x1 c:/siliconlabs/simplicitystudio/v5/developer/toolchains/gnu_arm/12.2.rel1_2023.7/bin/../lib/gcc/arm-none-eabi/12.2.1/thumb/v8-m.main+fp/hard\libc_nano.a(libc_a-lock.o)
                0x2000b7aa                __lock___malloc_recursive_mutex
 .bss.__lock___sfp_recursive_mutex
                0x2000b7ab        0x1 c:/siliconlabs/simplicitystudio/v5/developer/toolchains/gnu_arm/12.2.rel1_2023.7/bin/../lib/gcc/arm-none-eabi/12.2.1/thumb/v8-m.main+fp/hard\libc_nano.a(libc_a-lock.o)
                0x2000b7ab                __lock___sfp_recursive_mutex
 *(COMMON)
                0x2000b7ac                . = ALIGN (0x4)
                0x2000b7ac                __bss_end__ = .
                0x2000b7ac                __ramfuncs_start__ = .
                0x2000b7ac                __vma_ramfuncs_start__ = .
                0x08008d8c                __lma_ramfuncs_start__ = (__etext + SIZEOF (.data))
                0x00000000                __text_application_ram_offset__ = (. - __vma_ramfuncs_start__)

text_application_ram
                0x2000b7ac        0x0 load address 0x08008d8c
                0x2000b7ac                . = ALIGN (0x4)
                0x2000b7ac                __text_application_ram_start__ = .
 *(text_application_ram)
                0x2000b7ac                . = ALIGN (0x4)
                0x2000b7ac                __text_application_ram_end__ = .
                0x2000b7ac                . = ALIGN (0x4)
                0x2000b7ac                __vma_ramfuncs_end__ = .
                0x08008d8c                __lma_ramfuncs_end__ = ((__lma_ramfuncs_start__ + __text_application_ram_offset__) + SIZEOF (text_application_ram))
                0x2000b7ac                __ramfuncs_end__ = .

.heap           0x2000b7b0      0x800
                0x2000b7b0                __HeapBase = .
                0x2000b7b0                __end__ = .
                0x2000b7b0                end = __end__
                0x2000b7b0                _end = __end__
 *(.heap*)
 .heap          0x2000b7b0      0x800 ./gecko_sdk_4.4.1/platform/common/toolchain/src/sl_memory.o
                0x20040000                __HeapLimit = (ORIGIN (RAM) + LENGTH (RAM))
                0x00034850                __heap_size = (__HeapLimit - __HeapBase)
                0x20040000                __ram_end__ = 0x20040000
                0x080fe000                __main_flash_end__ = 0x80fe000

.internal_storage
 *(.internal_storage*)

.nvm
 *(.simee*)
                0x080fe000                linker_nvm_end = __main_flash_end__
                0x080fe000                linker_nvm_begin = (linker_nvm_end - SIZEOF (.nvm))
                0x00000000                linker_nvm_size = SIZEOF (.nvm)
                0x080fe000                linker_storage_end = linker_nvm_begin
                0x080fe000                __nvm3Base = linker_nvm_begin
                0x080fe000                linker_storage_begin = (linker_storage_end - SIZEOF (.internal_storage))
                0x00000000                linker_storage_size = SIZEOF (.internal_storage)
                0x00000001                ASSERT ((linker_storage_begin >= (__etext + SIZEOF (.data))), FLASH memory overflowed !)
                0x080fe000                app_flash_end = 0x80fe000
                0x00000001                ASSERT (((linker_nvm_begin + SIZEOF (.nvm)) <= app_flash_end), NVM3 is excessing the flash size !)
OUTPUT(Pingpong.axf elf32-littlearm)
LOAD linker stubs

.ARM.attributes
                0x00000000       0x36
 .ARM.attributes
                0x00000000       0x26 c:/siliconlabs/simplicitystudio/v5/developer/toolchains/gnu_arm/12.2.rel1_2023.7/bin/../lib/gcc/arm-none-eabi/12.2.1/thumb/v8-m.main+fp/hard/crti.o
 .ARM.attributes
                0x00000026       0x38 c:/siliconlabs/simplicitystudio/v5/developer/toolchains/gnu_arm/12.2.rel1_2023.7/bin/../lib/gcc/arm-none-eabi/12.2.1/thumb/v8-m.main+fp/hard/crtbegin.o
 .ARM.attributes
                0x0000005e       0x24 c:/siliconlabs/simplicitystudio/v5/developer/toolchains/gnu_arm/12.2.rel1_2023.7/bin/../lib/gcc/arm-none-eabi/12.2.1/thumb/v8-m.main+fp/hard/crt0.o
 .ARM.attributes
                0x00000082       0x3a ./app.o
 .ARM.attributes
                0x000000bc       0x3a ./app_peripherals.o
 .ARM.attributes
                0x000000f6       0x3a ./main.o
 .ARM.attributes
                0x00000130       0x3a ./autogen/sl_board_default_init.o
 .ARM.attributes
                0x0000016a       0x3a ./autogen/sl_device_init_clocks.o
 .ARM.attributes
                0x000001a4       0x3a ./autogen/sl_event_handler.o
 .ARM.attributes
                0x000001de       0x3a ./autogen/sl_iostream_init_usart_instances.o
 .ARM.attributes
                0x00000218       0x3a ./gecko_sdk_4.4.1/hardware/board/src/sl_board_control_gpio.o
 .ARM.attributes
                0x00000252       0x3a ./gecko_sdk_4.4.1/hardware/board/src/sl_board_init.o
 .ARM.attributes
                0x0000028c       0x3a ./gecko_sdk_4.4.1/hardware/driver/configuration_over_swo/src/sl_cos.o
 .ARM.attributes
                0x000002c6       0x3a ./gecko_sdk_4.4.1/platform/Device/SiliconLabs/EFM32PG28/Source/startup_efm32pg28.o
 .ARM.attributes
                0x00000300       0x3a ./gecko_sdk_4.4.1/platform/Device/SiliconLabs/EFM32PG28/Source/system_efm32pg28.o
 .ARM.attributes
                0x0000033a       0x3a ./gecko_sdk_4.4.1/platform/common/src/sl_assert.o
 .ARM.attributes
                0x00000374       0x3a ./gecko_sdk_4.4.1/platform/common/toolchain/src/sl_memory.o
 .ARM.attributes
                0x000003ae       0x3a ./gecko_sdk_4.4.1/platform/driver/debug/src/sl_debug_swo.o
 .ARM.attributes
                0x000003e8       0x3a ./gecko_sdk_4.4.1/platform/emdrv/dmadrv/src/dmadrv.o
 .ARM.attributes
                0x00000422       0x3a ./gecko_sdk_4.4.1/platform/emlib/src/em_cmu.o
 .ARM.attributes
                0x0000045c       0x3a ./gecko_sdk_4.4.1/platform/emlib/src/em_core.o
 .ARM.attributes
                0x00000496       0x3a ./gecko_sdk_4.4.1/platform/emlib/src/em_emu.o
 .ARM.attributes
                0x000004d0       0x3a ./gecko_sdk_4.4.1/platform/emlib/src/em_gpio.o
 .ARM.attributes
                0x0000050a       0x3a ./gecko_sdk_4.4.1/platform/emlib/src/em_iadc.o
 .ARM.attributes
                0x00000544       0x3a ./gecko_sdk_4.4.1/platform/emlib/src/em_ldma.o
 .ARM.attributes
                0x0000057e       0x3a ./gecko_sdk_4.4.1/platform/emlib/src/em_system.o
 .ARM.attributes
                0x000005b8       0x3a ./gecko_sdk_4.4.1/platform/emlib/src/em_usart.o
 .ARM.attributes
                0x000005f2       0x3a ./gecko_sdk_4.4.1/platform/service/device_init/src/sl_device_init_dcdc_s2.o
 .ARM.attributes
                0x0000062c       0x3a ./gecko_sdk_4.4.1/platform/service/device_init/src/sl_device_init_emu_s2.o
 .ARM.attributes
                0x00000666       0x3a ./gecko_sdk_4.4.1/platform/service/device_init/src/sl_device_init_hfxo_s2.o
 .ARM.attributes
                0x000006a0       0x3a ./gecko_sdk_4.4.1/platform/service/device_init/src/sl_device_init_lfxo_s2.o
 .ARM.attributes
                0x000006da       0x3a ./gecko_sdk_4.4.1/platform/service/device_init/src/sl_device_init_nvic.o
 .ARM.attributes
                0x00000714       0x3a ./gecko_sdk_4.4.1/platform/service/iostream/src/sl_iostream.o
 .ARM.attributes
                0x0000074e       0x3a ./gecko_sdk_4.4.1/platform/service/iostream/src/sl_iostream_retarget_stdio.o
 .ARM.attributes
                0x00000788       0x3a ./gecko_sdk_4.4.1/platform/service/iostream/src/sl_iostream_uart.o
 .ARM.attributes
                0x000007c2       0x3a ./gecko_sdk_4.4.1/platform/service/iostream/src/sl_iostream_usart.o
 .ARM.attributes
                0x000007fc       0x3a ./gecko_sdk_4.4.1/platform/service/system/src/sl_system_init.o
 .ARM.attributes
                0x00000836       0x26 c:/siliconlabs/simplicitystudio/v5/developer/toolchains/gnu_arm/12.2.rel1_2023.7/bin/../lib/gcc/arm-none-eabi/12.2.1/thumb/v8-m.main+fp/hard\libgcc.a(_arm_addsubdf3.o)
 .ARM.attributes
                0x0000085c       0x26 c:/siliconlabs/simplicitystudio/v5/developer/toolchains/gnu_arm/12.2.rel1_2023.7/bin/../lib/gcc/arm-none-eabi/12.2.1/thumb/v8-m.main+fp/hard\libgcc.a(_arm_muldivdf3.o)
 .ARM.attributes
                0x00000882       0x38 c:/siliconlabs/simplicitystudio/v5/developer/toolchains/gnu_arm/12.2.rel1_2023.7/bin/../lib/gcc/arm-none-eabi/12.2.1/thumb/v8-m.main+fp/hard\libc_nano.a(libc_a-exit.o)
 .ARM.attributes
                0x000008ba       0x38 c:/siliconlabs/simplicitystudio/v5/developer/toolchains/gnu_arm/12.2.rel1_2023.7/bin/../lib/gcc/arm-none-eabi/12.2.1/thumb/v8-m.main+fp/hard\libc_nano.a(libc_a-ctype_.o)
 .ARM.attributes
                0x000008f2       0x38 c:/siliconlabs/simplicitystudio/v5/developer/toolchains/gnu_arm/12.2.rel1_2023.7/bin/../lib/gcc/arm-none-eabi/12.2.1/thumb/v8-m.main+fp/hard\libc_nano.a(libc_a-nano-vfprintf_float.o)
 .ARM.attributes
                0x0000092a       0x38 c:/siliconlabs/simplicitystudio/v5/developer/toolchains/gnu_arm/12.2.rel1_2023.7/bin/../lib/gcc/arm-none-eabi/12.2.1/thumb/v8-m.main+fp/hard\libc_nano.a(libc_a-nano-vfprintf_i.o)
 .ARM.attributes
                0x00000962       0x38 c:/siliconlabs/simplicitystudio/v5/developer/toolchains/gnu_arm/12.2.rel1_2023.7/bin/../lib/gcc/arm-none-eabi/12.2.1/thumb/v8-m.main+fp/hard\libc_nano.a(libc_a-findfp.o)
 .ARM.attributes
                0x0000099a       0x38 c:/siliconlabs/simplicitystudio/v5/developer/toolchains/gnu_arm/12.2.rel1_2023.7/bin/../lib/gcc/arm-none-eabi/12.2.1/thumb/v8-m.main+fp/hard\libc_nano.a(libc_a-fwalk.o)
 .ARM.attributes
                0x000009d2       0x38 c:/siliconlabs/simplicitystudio/v5/developer/toolchains/gnu_arm/12.2.rel1_2023.7/bin/../lib/gcc/arm-none-eabi/12.2.1/thumb/v8-m.main+fp/hard\libc_nano.a(libc_a-stdio.o)
 .ARM.attributes
                0x00000a0a       0x38 c:/siliconlabs/simplicitystudio/v5/developer/toolchains/gnu_arm/12.2.rel1_2023.7/bin/../lib/gcc/arm-none-eabi/12.2.1/thumb/v8-m.main+fp/hard\libc_nano.a(libc_a-wbuf.o)
 .ARM.attributes
                0x00000a42       0x38 c:/siliconlabs/simplicitystudio/v5/developer/toolchains/gnu_arm/12.2.rel1_2023.7/bin/../lib/gcc/arm-none-eabi/12.2.1/thumb/v8-m.main+fp/hard\libc_nano.a(libc_a-wsetup.o)
 .ARM.attributes
                0x00000a7a       0x38 c:/siliconlabs/simplicitystudio/v5/developer/toolchains/gnu_arm/12.2.rel1_2023.7/bin/../lib/gcc/arm-none-eabi/12.2.1/thumb/v8-m.main+fp/hard\libc_nano.a(libc_a-memset.o)
 .ARM.attributes
                0x00000ab2       0x38 c:/siliconlabs/simplicitystudio/v5/developer/toolchains/gnu_arm/12.2.rel1_2023.7/bin/../lib/gcc/arm-none-eabi/12.2.1/thumb/v8-m.main+fp/hard\libc_nano.a(libc_a-localeconv.o)
 .ARM.attributes
                0x00000aea       0x38 c:/siliconlabs/simplicitystudio/v5/developer/toolchains/gnu_arm/12.2.rel1_2023.7/bin/../lib/gcc/arm-none-eabi/12.2.1/thumb/v8-m.main+fp/hard\libc_nano.a(libc_a-closer.o)
 .ARM.attributes
                0x00000b22       0x38 c:/siliconlabs/simplicitystudio/v5/developer/toolchains/gnu_arm/12.2.rel1_2023.7/bin/../lib/gcc/arm-none-eabi/12.2.1/thumb/v8-m.main+fp/hard\libc_nano.a(libc_a-reent.o)
 .ARM.attributes
                0x00000b5a       0x38 c:/siliconlabs/simplicitystudio/v5/developer/toolchains/gnu_arm/12.2.rel1_2023.7/bin/../lib/gcc/arm-none-eabi/12.2.1/thumb/v8-m.main+fp/hard\libc_nano.a(libc_a-impure.o)
 .ARM.attributes
                0x00000b92       0x38 c:/siliconlabs/simplicitystudio/v5/developer/toolchains/gnu_arm/12.2.rel1_2023.7/bin/../lib/gcc/arm-none-eabi/12.2.1/thumb/v8-m.main+fp/hard\libc_nano.a(libc_a-lseekr.o)
 .ARM.attributes
                0x00000bca       0x38 c:/siliconlabs/simplicitystudio/v5/developer/toolchains/gnu_arm/12.2.rel1_2023.7/bin/../lib/gcc/arm-none-eabi/12.2.1/thumb/v8-m.main+fp/hard\libc_nano.a(libc_a-readr.o)
 .ARM.attributes
                0x00000c02       0x38 c:/siliconlabs/simplicitystudio/v5/developer/toolchains/gnu_arm/12.2.rel1_2023.7/bin/../lib/gcc/arm-none-eabi/12.2.1/thumb/v8-m.main+fp/hard\libc_nano.a(libc_a-writer.o)
 .ARM.attributes
                0x00000c3a       0x38 c:/siliconlabs/simplicitystudio/v5/developer/toolchains/gnu_arm/12.2.rel1_2023.7/bin/../lib/gcc/arm-none-eabi/12.2.1/thumb/v8-m.main+fp/hard\libc_nano.a(libc_a-init.o)
 .ARM.attributes
                0x00000c72       0x38 c:/siliconlabs/simplicitystudio/v5/developer/toolchains/gnu_arm/12.2.rel1_2023.7/bin/../lib/gcc/arm-none-eabi/12.2.1/thumb/v8-m.main+fp/hard\libc_nano.a(libc_a-lock.o)
 .ARM.attributes
                0x00000caa       0x38 c:/siliconlabs/simplicitystudio/v5/developer/toolchains/gnu_arm/12.2.rel1_2023.7/bin/../lib/gcc/arm-none-eabi/12.2.1/thumb/v8-m.main+fp/hard\libc_nano.a(libc_a-memchr-stub.o)
 .ARM.attributes
                0x00000ce2       0x38 c:/siliconlabs/simplicitystudio/v5/developer/toolchains/gnu_arm/12.2.rel1_2023.7/bin/../lib/gcc/arm-none-eabi/12.2.1/thumb/v8-m.main+fp/hard\libc_nano.a(libc_a-memcpy-stub.o)
 .ARM.attributes
                0x00000d1a       0x17 c:/siliconlabs/simplicitystudio/v5/developer/toolchains/gnu_arm/12.2.rel1_2023.7/bin/../lib/gcc/arm-none-eabi/12.2.1/thumb/v8-m.main+fp/hard\libc_nano.a(libc_a-strlen.o)
 .ARM.attributes
                0x00000d31       0x38 c:/siliconlabs/simplicitystudio/v5/developer/toolchains/gnu_arm/12.2.rel1_2023.7/bin/../lib/gcc/arm-none-eabi/12.2.1/thumb/v8-m.main+fp/hard\libc_nano.a(libc_a-dtoa.o)
 .ARM.attributes
                0x00000d69       0x38 c:/siliconlabs/simplicitystudio/v5/developer/toolchains/gnu_arm/12.2.rel1_2023.7/bin/../lib/gcc/arm-none-eabi/12.2.1/thumb/v8-m.main+fp/hard\libc_nano.a(libc_a-freer.o)
 .ARM.attributes
                0x00000da1       0x38 c:/siliconlabs/simplicitystudio/v5/developer/toolchains/gnu_arm/12.2.rel1_2023.7/bin/../lib/gcc/arm-none-eabi/12.2.1/thumb/v8-m.main+fp/hard\libc_nano.a(libc_a-malloc.o)
 .ARM.attributes
                0x00000dd9       0x38 c:/siliconlabs/simplicitystudio/v5/developer/toolchains/gnu_arm/12.2.rel1_2023.7/bin/../lib/gcc/arm-none-eabi/12.2.1/thumb/v8-m.main+fp/hard\libc_nano.a(libc_a-mallocr.o)
 .ARM.attributes
                0x00000e11       0x38 c:/siliconlabs/simplicitystudio/v5/developer/toolchains/gnu_arm/12.2.rel1_2023.7/bin/../lib/gcc/arm-none-eabi/12.2.1/thumb/v8-m.main+fp/hard\libc_nano.a(libc_a-mlock.o)
 .ARM.attributes
                0x00000e49       0x38 c:/siliconlabs/simplicitystudio/v5/developer/toolchains/gnu_arm/12.2.rel1_2023.7/bin/../lib/gcc/arm-none-eabi/12.2.1/thumb/v8-m.main+fp/hard\libc_nano.a(libc_a-mprec.o)
 .ARM.attributes
                0x00000e81       0x38 c:/siliconlabs/simplicitystudio/v5/developer/toolchains/gnu_arm/12.2.rel1_2023.7/bin/../lib/gcc/arm-none-eabi/12.2.1/thumb/v8-m.main+fp/hard\libc_nano.a(libc_a-nano-vfprintf.o)
 .ARM.attributes
                0x00000eb9       0x38 c:/siliconlabs/simplicitystudio/v5/developer/toolchains/gnu_arm/12.2.rel1_2023.7/bin/../lib/gcc/arm-none-eabi/12.2.1/thumb/v8-m.main+fp/hard\libc_nano.a(libc_a-fflush.o)
 .ARM.attributes
                0x00000ef1       0x38 c:/siliconlabs/simplicitystudio/v5/developer/toolchains/gnu_arm/12.2.rel1_2023.7/bin/../lib/gcc/arm-none-eabi/12.2.1/thumb/v8-m.main+fp/hard\libc_nano.a(libc_a-makebuf.o)
 .ARM.attributes
                0x00000f29       0x38 c:/siliconlabs/simplicitystudio/v5/developer/toolchains/gnu_arm/12.2.rel1_2023.7/bin/../lib/gcc/arm-none-eabi/12.2.1/thumb/v8-m.main+fp/hard\libc_nano.a(libc_a-locale.o)
 .ARM.attributes
                0x00000f61       0x38 c:/siliconlabs/simplicitystudio/v5/developer/toolchains/gnu_arm/12.2.rel1_2023.7/bin/../lib/gcc/arm-none-eabi/12.2.1/thumb/v8-m.main+fp/hard\libc_nano.a(libc_a-fstatr.o)
 .ARM.attributes
                0x00000f99       0x38 c:/siliconlabs/simplicitystudio/v5/developer/toolchains/gnu_arm/12.2.rel1_2023.7/bin/../lib/gcc/arm-none-eabi/12.2.1/thumb/v8-m.main+fp/hard\libc_nano.a(libc_a-isattyr.o)
 .ARM.attributes
                0x00000fd1       0x38 c:/siliconlabs/simplicitystudio/v5/developer/toolchains/gnu_arm/12.2.rel1_2023.7/bin/../lib/gcc/arm-none-eabi/12.2.1/thumb/v8-m.main+fp/hard\libc_nano.a(libc_a-sbrkr.o)
 .ARM.attributes
                0x00001009       0x38 c:/siliconlabs/simplicitystudio/v5/developer/toolchains/gnu_arm/12.2.rel1_2023.7/bin/../lib/gcc/arm-none-eabi/12.2.1/thumb/v8-m.main+fp/hard\libc_nano.a(libc_a-assert.o)
 .ARM.attributes
                0x00001041       0x38 c:/siliconlabs/simplicitystudio/v5/developer/toolchains/gnu_arm/12.2.rel1_2023.7/bin/../lib/gcc/arm-none-eabi/12.2.1/thumb/v8-m.main+fp/hard\libc_nano.a(libc_a-callocr.o)
 .ARM.attributes
                0x00001079       0x38 c:/siliconlabs/simplicitystudio/v5/developer/toolchains/gnu_arm/12.2.rel1_2023.7/bin/../lib/gcc/arm-none-eabi/12.2.1/thumb/v8-m.main+fp/hard\libc_nano.a(libc_a-mbtowc_r.o)
 .ARM.attributes
                0x000010b1       0x38 c:/siliconlabs/simplicitystudio/v5/developer/toolchains/gnu_arm/12.2.rel1_2023.7/bin/../lib/gcc/arm-none-eabi/12.2.1/thumb/v8-m.main+fp/hard\libc_nano.a(libc_a-wctomb_r.o)
 .ARM.attributes
                0x000010e9       0x38 c:/siliconlabs/simplicitystudio/v5/developer/toolchains/gnu_arm/12.2.rel1_2023.7/bin/../lib/gcc/arm-none-eabi/12.2.1/thumb/v8-m.main+fp/hard\libc_nano.a(libc_a-fprintf.o)
 .ARM.attributes
                0x00001121       0x38 c:/siliconlabs/simplicitystudio/v5/developer/toolchains/gnu_arm/12.2.rel1_2023.7/bin/../lib/gcc/arm-none-eabi/12.2.1/thumb/v8-m.main+fp/hard\libc_nano.a(libc_a-abort.o)
 .ARM.attributes
                0x00001159       0x38 c:/siliconlabs/simplicitystudio/v5/developer/toolchains/gnu_arm/12.2.rel1_2023.7/bin/../lib/gcc/arm-none-eabi/12.2.1/thumb/v8-m.main+fp/hard\libc_nano.a(libc_a-signal.o)
 .ARM.attributes
                0x00001191       0x38 c:/siliconlabs/simplicitystudio/v5/developer/toolchains/gnu_arm/12.2.rel1_2023.7/bin/../lib/gcc/arm-none-eabi/12.2.1/thumb/v8-m.main+fp/hard\libc_nano.a(libc_a-signalr.o)
 .ARM.attributes
                0x000011c9       0x26 c:/siliconlabs/simplicitystudio/v5/developer/toolchains/gnu_arm/12.2.rel1_2023.7/bin/../lib/gcc/arm-none-eabi/12.2.1/thumb/v8-m.main+fp/hard\libgcc.a(_arm_cmpdf2.o)
 .ARM.attributes
                0x000011ef       0x26 c:/siliconlabs/simplicitystudio/v5/developer/toolchains/gnu_arm/12.2.rel1_2023.7/bin/../lib/gcc/arm-none-eabi/12.2.1/thumb/v8-m.main+fp/hard\libgcc.a(_arm_unorddf2.o)
 .ARM.attributes
                0x00001215       0x26 c:/siliconlabs/simplicitystudio/v5/developer/toolchains/gnu_arm/12.2.rel1_2023.7/bin/../lib/gcc/arm-none-eabi/12.2.1/thumb/v8-m.main+fp/hard\libgcc.a(_arm_fixdfsi.o)
 .ARM.attributes